Archive member included because of file (symbol)

c:/altera/11.1/nios2eds/bin/gnu/h-i686-mingw32/bin/../lib/gcc/nios2-elf/4.1.2/../../../../nios2-elf/lib\libc.a(lib_a-exit.o)
                              obj/default/queue.o (exit)
c:/altera/11.1/nios2eds/bin/gnu/h-i686-mingw32/bin/../lib/gcc/nios2-elf/4.1.2/../../../../nios2-elf/lib\libc.a(lib_a-impure.o)
                              c:/altera/11.1/nios2eds/bin/gnu/h-i686-mingw32/bin/../lib/gcc/nios2-elf/4.1.2/../../../../nios2-elf/lib\libc.a(lib_a-exit.o) (_global_impure_ptr)
c:/altera/11.1/nios2eds/bin/gnu/h-i686-mingw32/bin/../lib/gcc/nios2-elf/4.1.2/../../../../nios2-elf/lib\libc.a(lib_a-malloc.o)
                              obj/default/queue.o (free)
c:/altera/11.1/nios2eds/bin/gnu/h-i686-mingw32/bin/../lib/gcc/nios2-elf/4.1.2/../../../../nios2-elf/lib\libc.a(lib_a-mallocr.o)
                              c:/altera/11.1/nios2eds/bin/gnu/h-i686-mingw32/bin/../lib/gcc/nios2-elf/4.1.2/../../../../nios2-elf/lib\libc.a(lib_a-malloc.o) (_malloc_r)
c:/altera/11.1/nios2eds/bin/gnu/h-i686-mingw32/bin/../lib/gcc/nios2-elf/4.1.2/../../../../nios2-elf/lib\libc.a(lib_a-printf.o)
                              obj/default/CustomSem.o (printf)
c:/altera/11.1/nios2eds/bin/gnu/h-i686-mingw32/bin/../lib/gcc/nios2-elf/4.1.2/../../../../nios2-elf/lib\libc.a(lib_a-putchar.o)
                              obj/default/thread_handler.o (putchar)
c:/altera/11.1/nios2eds/bin/gnu/h-i686-mingw32/bin/../lib/gcc/nios2-elf/4.1.2/../../../../nios2-elf/lib\libc.a(lib_a-puts.o)
                              obj/default/CustomSem.o (puts)
c:/altera/11.1/nios2eds/bin/gnu/h-i686-mingw32/bin/../lib/gcc/nios2-elf/4.1.2/../../../../nios2-elf/lib\libc.a(lib_a-sbrkr.o)
                              c:/altera/11.1/nios2eds/bin/gnu/h-i686-mingw32/bin/../lib/gcc/nios2-elf/4.1.2/../../../../nios2-elf/lib\libc.a(lib_a-mallocr.o) (_sbrk_r)
c:/altera/11.1/nios2eds/bin/gnu/h-i686-mingw32/bin/../lib/gcc/nios2-elf/4.1.2/../../../../nios2-elf/lib\libc.a(lib_a-strlen.o)
                              c:/altera/11.1/nios2eds/bin/gnu/h-i686-mingw32/bin/../lib/gcc/nios2-elf/4.1.2/../../../../nios2-elf/lib\libc.a(lib_a-puts.o) (strlen)
c:/altera/11.1/nios2eds/bin/gnu/h-i686-mingw32/bin/../lib/gcc/nios2-elf/4.1.2/../../../../nios2-elf/lib\libc.a(lib_a-vfprintf.o)
                              c:/altera/11.1/nios2eds/bin/gnu/h-i686-mingw32/bin/../lib/gcc/nios2-elf/4.1.2/../../../../nios2-elf/lib\libc.a(lib_a-printf.o) (___vfprintf_internal_r)
c:/altera/11.1/nios2eds/bin/gnu/h-i686-mingw32/bin/../lib/gcc/nios2-elf/4.1.2/../../../../nios2-elf/lib\libc.a(lib_a-wsetup.o)
                              c:/altera/11.1/nios2eds/bin/gnu/h-i686-mingw32/bin/../lib/gcc/nios2-elf/4.1.2/../../../../nios2-elf/lib\libc.a(lib_a-vfprintf.o) (__swsetup_r)
c:/altera/11.1/nios2eds/bin/gnu/h-i686-mingw32/bin/../lib/gcc/nios2-elf/4.1.2/../../../../nios2-elf/lib\libc.a(lib_a-__call_atexit.o)
                              c:/altera/11.1/nios2eds/bin/gnu/h-i686-mingw32/bin/../lib/gcc/nios2-elf/4.1.2/../../../../nios2-elf/lib\libc.a(lib_a-exit.o) (__call_exitprocs)
c:/altera/11.1/nios2eds/bin/gnu/h-i686-mingw32/bin/../lib/gcc/nios2-elf/4.1.2/../../../../nios2-elf/lib\libc.a(lib_a-dtoa.o)
                              c:/altera/11.1/nios2eds/bin/gnu/h-i686-mingw32/bin/../lib/gcc/nios2-elf/4.1.2/../../../../nios2-elf/lib\libc.a(lib_a-vfprintf.o) (_dtoa_r)
c:/altera/11.1/nios2eds/bin/gnu/h-i686-mingw32/bin/../lib/gcc/nios2-elf/4.1.2/../../../../nios2-elf/lib\libc.a(lib_a-fflush.o)
                              c:/altera/11.1/nios2eds/bin/gnu/h-i686-mingw32/bin/../lib/gcc/nios2-elf/4.1.2/../../../../nios2-elf/lib\libc.a(lib_a-vfprintf.o) (_fflush_r)
c:/altera/11.1/nios2eds/bin/gnu/h-i686-mingw32/bin/../lib/gcc/nios2-elf/4.1.2/../../../../nios2-elf/lib\libc.a(lib_a-findfp.o)
                              c:/altera/11.1/nios2eds/bin/gnu/h-i686-mingw32/bin/../lib/gcc/nios2-elf/4.1.2/../../../../nios2-elf/lib\libc.a(lib_a-vfprintf.o) (__sinit)
c:/altera/11.1/nios2eds/bin/gnu/h-i686-mingw32/bin/../lib/gcc/nios2-elf/4.1.2/../../../../nios2-elf/lib\libc.a(lib_a-freer.o)
                              c:/altera/11.1/nios2eds/bin/gnu/h-i686-mingw32/bin/../lib/gcc/nios2-elf/4.1.2/../../../../nios2-elf/lib\libc.a(lib_a-malloc.o) (_free_r)
c:/altera/11.1/nios2eds/bin/gnu/h-i686-mingw32/bin/../lib/gcc/nios2-elf/4.1.2/../../../../nios2-elf/lib\libc.a(lib_a-fvwrite.o)
                              c:/altera/11.1/nios2eds/bin/gnu/h-i686-mingw32/bin/../lib/gcc/nios2-elf/4.1.2/../../../../nios2-elf/lib\libc.a(lib_a-puts.o) (__sfvwrite_r)
c:/altera/11.1/nios2eds/bin/gnu/h-i686-mingw32/bin/../lib/gcc/nios2-elf/4.1.2/../../../../nios2-elf/lib\libc.a(lib_a-fwalk.o)
                              c:/altera/11.1/nios2eds/bin/gnu/h-i686-mingw32/bin/../lib/gcc/nios2-elf/4.1.2/../../../../nios2-elf/lib\libc.a(lib_a-fflush.o) (_fwalk_reent)
c:/altera/11.1/nios2eds/bin/gnu/h-i686-mingw32/bin/../lib/gcc/nios2-elf/4.1.2/../../../../nios2-elf/lib\libc.a(lib_a-int_errno.o)
[...]
Memory Configuration

Name             Origin             Length             Attributes
reset            0x00000000         0x00000020
SDRAM            0x00000020         0x007fffe0
SRAM             0x08000000         0x00080000
Onchip_memory    0x09000000         0x00002000
*default*        0x00000000         0xffffffff

Linker script and memory map

LOAD C:/Users/cvictor/Desktop/CustomSem_bsp//obj/HAL/src/crt0.o
LOAD obj/default/CustomSem.o
LOAD obj/default/alarm_handler.o
LOAD obj/default/mysem.o
LOAD obj/default/queue.o
LOAD obj/default/thread_handler.o
LOAD obj/default/exception_handler.o
LOAD c:/altera/11.1/nios2eds/bin/gnu/h-i686-mingw32/bin/../lib/gcc/nios2-elf/4.1.2/../../../../nios2-elf/lib\libstdc++.a
LOAD c:/altera/11.1/nios2eds/bin/gnu/h-i686-mingw32/bin/../lib/gcc/nios2-elf/4.1.2/../../../../nios2-elf/lib\libm.a
LOAD c:/altera/11.1/nios2eds/bin/gnu/h-i686-mingw32/bin/../lib/gcc/nios2-elf/4.1.2\libgcc.a
START GROUP
LOAD c:/altera/11.1/nios2eds/bin/gnu/h-i686-mingw32/bin/../lib/gcc/nios2-elf/4.1.2/../../../../nios2-elf/lib\libc.a
LOAD c:/altera/11.1/nios2eds/bin/gnu/h-i686-mingw32/bin/../lib/gcc/nios2-elf/4.1.2\libgcc.a
LOAD C:/Users/cvictor/Desktop/CustomSem_bsp/\libhal_bsp.a
END GROUP
LOAD c:/altera/11.1/nios2eds/bin/gnu/h-i686-mingw32/bin/../lib/gcc/nios2-elf/4.1.2\libgcc.a
                0x00000000                __alt_mem_SDRAM = 0x0
                0x08000000                __alt_mem_SRAM = 0x8000000
                0x09000000                __alt_mem_Onchip_memory = 0x9000000

.entry          0x00000000       0x20
 *(.entry)
 .entry         0x00000000       0x20 C:/Users/cvictor/Desktop/CustomSem_bsp//obj/HAL/src/crt0.o
                0x00000000                __reset

.exceptions     0x00000020      0x1b4
                0x00000020                PROVIDE (__ram_exceptions_start, ABSOLUTE (.))
                0x00000020                . = ALIGN (0x20)
 *(.irq)
 *(.exceptions.entry.label)
 .exceptions.entry.label
                0x00000020        0x0 C:/Users/cvictor/Desktop/CustomSem_bsp/\libhal_bsp.a(alt_irq_entry.o)
                0x00000020                alt_irq_entry
 .exceptions.entry.label
                0x00000020        0x0 C:/Users/cvictor/Desktop/CustomSem_bsp/\libhal_bsp.a(alt_exception_entry.o)
                0x00000020                alt_exception
 *(.exceptions.entry.user)
 *(.exceptions.entry)
 .exceptions.entry
                0x00000020       0x54 C:/Users/cvictor/Desktop/CustomSem_bsp/\libhal_bsp.a(alt_exception_entry.o)
 *(.exceptions.irqtest.user)
 *(.exceptions.irqtest)
 .exceptions.irqtest
                0x00000074       0x10 C:/Users/cvictor/Desktop/CustomSem_bsp/\libhal_bsp.a(alt_irq_entry.o)
 *(.exceptions.irqhandler.user)
 *(.exceptions.irqhandler)
 .exceptions.irqhandler
                0x00000084        0x4 C:/Users/cvictor/Desktop/CustomSem_bsp/\libhal_bsp.a(alt_irq_entry.o)
 *(.exceptions.irqreturn.user)
 *(.exceptions.irqreturn)
 .exceptions.irqreturn
                0x00000088        0x4 C:/Users/cvictor/Desktop/CustomSem_bsp/\libhal_bsp.a(alt_irq_entry.o)
 *(.exceptions.notirq.label)
 .exceptions.notirq.label
                0x0000008c        0x0 C:/Users/cvictor/Desktop/CustomSem_bsp/\libhal_bsp.a(alt_irq_entry.o)
 *(.exceptions.notirq.user)
 *(.exceptions.notirq)
 .exceptions.notirq
                0x0000008c        0x8 C:/Users/cvictor/Desktop/CustomSem_bsp/\libhal_bsp.a(alt_exception_entry.o)
 *(.exceptions.soft.user)
 *(.exceptions.soft)
 *(.exceptions.unknown.user)
 *(.exceptions.unknown)
 .exceptions.unknown
                0x00000094        0x4 C:/Users/cvictor/Desktop/CustomSem_bsp/\libhal_bsp.a(alt_exception_entry.o)
 *(.exceptions.exit.label)
 .exceptions.exit.label
                0x00000098        0x0 C:/Users/cvictor/Desktop/CustomSem_bsp/\libhal_bsp.a(alt_irq_entry.o)
 .exceptions.exit.label
                0x00000098        0x0 C:/Users/cvictor/Desktop/CustomSem_bsp/\libhal_bsp.a(alt_exception_entry.o)
 *(.exceptions.exit.user)
 .exceptions.exit.user
                0x00000098       0x20 obj/default/exception_handler.o
 *(.exceptions.exit)
 .exceptions.exit
                0x000000b8       0x54 C:/Users/cvictor/Desktop/CustomSem_bsp/\libhal_bsp.a(alt_exception_entry.o)
 *(.exceptions)
 .exceptions    0x0000010c       0xc8 C:/Users/cvictor/Desktop/CustomSem_bsp/\libhal_bsp.a(alt_irq_handler.o)
                0x0000010c                alt_irq_handler
                0x000001d4                PROVIDE (__ram_exceptions_end, ABSOLUTE (.))
                0x00000020                PROVIDE (__flash_exceptions_start, LOADADDR (.exceptions))

.text           0x000001d4     0xd060
                0x000001d4                PROVIDE (stext, ABSOLUTE (.))
 *(.interp)
 *(.hash)
 *(.dynsym)
 *(.dynstr)
 *(.gnu.version)
 *(.gnu.version_d)
 *(.gnu.version_r)
 *(.rel.init)
 *(.rela.init)
 *(.rel.text .rel.text.* .rel.gnu.linkonce.t.*)
 *(.rela.text .rela.text.* .rela.gnu.linkonce.t.*)
 *(.rel.fini)
 *(.rela.fini)
 *(.rel.rodata .rel.rodata.* .rel.gnu.linkonce.r.*)
 *(.rela.rodata .rela.rodata.* .rela.gnu.linkonce.r.*)
 *(.rel.data .rel.data.* .rel.gnu.linkonce.d.*)
 *(.rela.data .rela.data.* .rela.gnu.linkonce.d.*)
 *(.rel.tdata .rel.tdata.* .rel.gnu.linkonce.td.*)
 *(.rela.tdata .rela.tdata.* .rela.gnu.linkonce.td.*)
 *(.rel.tbss .rel.tbss.* .rel.gnu.linkonce.tb.*)
 *(.rela.tbss .rela.tbss.* .rela.gnu.linkonce.tb.*)
 *(.rel.ctors)
 *(.rela.ctors)
 *(.rel.dtors)
 *(.rela.dtors)
 *(.rel.got)
 *(.rela.got)
 *(.rel.sdata .rel.sdata.* .rel.gnu.linkonce.s.*)
 *(.rela.sdata .rela.sdata.* .rela.gnu.linkonce.s.*)
 *(.rel.sbss .rel.sbss.* .rel.gnu.linkonce.sb.*)
 *(.rela.sbss .rela.sbss.* .rela.gnu.linkonce.sb.*)
 *(.rel.sdata2 .rel.sdata2.* .rel.gnu.linkonce.s2.*)
 *(.rela.sdata2 .rela.sdata2.* .rela.gnu.linkonce.s2.*)
 *(.rel.sbss2 .rel.sbss2.* .rel.gnu.linkonce.sb2.*)
 *(.rela.sbss2 .rela.sbss2.* .rela.gnu.linkonce.sb2.*)
 *(.rel.bss .rel.bss.* .rel.gnu.linkonce.b.*)
 *(.rela.bss .rela.bss.* .rela.gnu.linkonce.b.*)
 *(.rel.plt)
 *(.rela.plt)
 *(.rel.dyn)
 *(.init)
 *(.plt)
 *(.text .stub .text.* .gnu.linkonce.t.*)
 .text          0x000001d4       0x3c C:/Users/cvictor/Desktop/CustomSem_bsp//obj/HAL/src/crt0.o
                0x000001d4                _start
 .text          0x00000210      0x308 obj/default/CustomSem.o
                0x00000210                customer
                0x00000314                stylist
                0x000003ec                os_primitive
                0x000004ec                main
 .text          0x00000518       0xf0 obj/default/alarm_handler.o
                0x00000518                is_alarmflag_set
                0x0000053c                reset_alarmflag
                0x0000055c                myinterrupt_handler
                0x000005b4                start_alarm_succeed
 .text          0x00000608       0xe8 obj/default/mysem.o
                0x00000608                semInit
                0x00000660                semDown
                0x00000680                semUp
                0x000006a0                semValue
                0x000006c8                semThreadCount
 .text          0x000006f0      0x21c obj/default/queue.o
                0x000006f0                enqueue
                0x000007c0                dequeue
                0x0000087c                getQsize
                0x000008a4                release
 .text          0x0000090c      0x38c obj/default/thread_handler.o
                0x0000090c                mythread_create
                0x00000a68                mythread_start
                0x00000a94                mythread_join
                0x00000ac4                mythread_block
                0x00000af0                mythread_terminate
                0x00000b1c                mythread_schedule
                0x00000bdc                mythread_isQempty
                0x00000c2c                mythread_cleanup
 .text          0x00000c98        0x0 obj/default/exception_handler.o
 .text          0x00000c98       0x38 c:/altera/11.1/nios2eds/bin/gnu/h-i686-mingw32/bin/../lib/gcc/nios2-elf/4.1.2/../../../../nios2-elf/lib\libc.a(lib_a-exit.o)
                0x00000c98                exit
 .text          0x00000cd0        0x0 c:/altera/11.1/nios2eds/bin/gnu/h-i686-mingw32/bin/../lib/gcc/nios2-elf/4.1.2/../../../../nios2-elf/lib\libc.a(lib_a-impure.o)
 .text          0x00000cd0       0x28 c:/altera/11.1/nios2eds/bin/gnu/h-i686-mingw32/bin/../lib/gcc/nios2-elf/4.1.2/../../../../nios2-elf/lib\libc.a(lib_a-malloc.o)
                0x00000cd0                free
                0x00000ce4                malloc
 .text          0x00000cf8      0x740 c:/altera/11.1/nios2eds/bin/gnu/h-i686-mingw32/bin/../lib/gcc/nios2-elf/4.1.2/../../../../nios2-elf/lib\libc.a(lib_a-mallocr.o)
                0x00000cf8                _malloc_r
 .text          0x00001438       0x78 c:/altera/11.1/nios2eds/bin/gnu/h-i686-mingw32/bin/../lib/gcc/nios2-elf/4.1.2/../../../../nios2-elf/lib\libc.a(lib_a-printf.o)
                0x00001438                printf
                0x0000147c                _printf_r
 .text          0x000014b0       0x24 c:/altera/11.1/nios2eds/bin/gnu/h-i686-mingw32/bin/../lib/gcc/nios2-elf/4.1.2/../../../../nios2-elf/lib\libc.a(lib_a-putchar.o)
                0x000014b0                putchar
                0x000014cc                _putchar_r
 .text          0x000014d4       0xb4 c:/altera/11.1/nios2eds/bin/gnu/h-i686-mingw32/bin/../lib/gcc/nios2-elf/4.1.2/../../../../nios2-elf/lib\libc.a(lib_a-puts.o)
                0x000014d4                _puts_r
                0x00001574                puts
 .text          0x00001588       0x70 c:/altera/11.1/nios2eds/bin/gnu/h-i686-mingw32/bin/../lib/gcc/nios2-elf/4.1.2/../../../../nios2-elf/lib\libc.a(lib_a-sbrkr.o)
                0x00001588                _sbrk_r
 .text          0x000015f8       0x74 c:/altera/11.1/nios2eds/bin/gnu/h-i686-mingw32/bin/../lib/gcc/nios2-elf/4.1.2/../../../../nios2-elf/lib\libc.a(lib_a-strlen.o)
                0x000015f8                strlen
 .text          0x0000166c     0x1f28 c:/altera/11.1/nios2eds/bin/gnu/h-i686-mingw32/bin/../lib/gcc/nios2-elf/4.1.2/../../../../nios2-elf/lib\libc.a(lib_a-vfprintf.o)
                0x000016c4                ___vfprintf_internal_r
                0x00003570                __vfprintf_internal
 .text          0x00003594      0x13c c:/altera/11.1/nios2eds/bin/gnu/h-i686-mingw32/bin/../lib/gcc/nios2-elf/4.1.2/../../../../nios2-elf/lib\libc.a(lib_a-wsetup.o)
                0x00003594                __swsetup_r
 .text          0x000036d0      0x1b4 c:/altera/11.1/nios2eds/bin/gnu/h-i686-mingw32/bin/../lib/gcc/nios2-elf/4.1.2/../../../../nios2-elf/lib\libc.a(lib_a-__call_atexit.o)
                0x000036d4                __call_exitprocs
 .text          0x00003884     0x17cc c:/altera/11.1/nios2eds/bin/gnu/h-i686-mingw32/bin/../lib/gcc/nios2-elf/4.1.2/../../../../nios2-elf/lib\libc.a(lib_a-dtoa.o)
                0x00003a9c                _dtoa_r
 .text          0x00005050      0x230 c:/altera/11.1/nios2eds/bin/gnu/h-i686-mingw32/bin/../lib/gcc/nios2-elf/4.1.2/../../../../nios2-elf/lib\libc.a(lib_a-fflush.o)
                0x00005050                _fflush_r
                0x0000524c                fflush
 .text          0x00005280      0x2c0 c:/altera/11.1/nios2eds/bin/gnu/h-i686-mingw32/bin/../lib/gcc/nios2-elf/4.1.2/../../../../nios2-elf/lib\libc.a(lib_a-findfp.o)
                0x000052d8                __sfp_lock_acquire
                0x000052dc                __sfp_lock_release
                0x000052e0                __sinit_lock_acquire
                0x000052e4                __sinit_lock_release
                0x000052e8                __sinit
                0x0000539c                __fp_unlock_all
                0x000053b4                __fp_lock_all
                0x000053cc                _cleanup_r
                0x000053d8                _cleanup
                0x000053e8                __sfmoreglue
                0x00005450                __sfp
 .text          0x00005540      0x440 c:/altera/11.1/nios2eds/bin/gnu/h-i686-mingw32/bin/../lib/gcc/nios2-elf/4.1.2/../../../../nios2-elf/lib\libc.a(lib_a-freer.o)
                0x00005540                _malloc_trim_r
                0x0000566c                _free_r
 .text          0x00005980      0x49c c:/altera/11.1/nios2eds/bin/gnu/h-i686-mingw32/bin/../lib/gcc/nios2-elf/4.1.2/../../../../nios2-elf/lib\libc.a(lib_a-fvwrite.o)
                0x00005980                __sfvwrite_r
 .text          0x00005e1c      0x180 c:/altera/11.1/nios2eds/bin/gnu/h-i686-mingw32/bin/../lib/gcc/nios2-elf/4.1.2/../../../../nios2-elf/lib\libc.a(lib_a-fwalk.o)
                0x00005e1c                _fwalk_reent
                0x00005ee4                _fwalk
 .text          0x00005f9c        0x0 c:/altera/11.1/nios2eds/bin/gnu/h-i686-mingw32/bin/../lib/gcc/nios2-elf/4.1.2/../../../../nios2-elf/lib\libc.a(lib_a-int_errno.o)
 .text          0x00005f9c       0xc4 c:/altera/11.1/nios2eds/bin/gnu/h-i686-mingw32/bin/../lib/gcc/nios2-elf/4.1.2/../../../../nios2-elf/lib\libc.a(lib_a-locale.o)
                0x00005f9c                __locale_charset
                0x00005fa4                _localeconv_r
                0x00005fb0                localeconv
                0x00005fc0                _setlocale_r
                0x00006044                setlocale
 .text          0x00006060      0x194 c:/altera/11.1/nios2eds/bin/gnu/h-i686-mingw32/bin/../lib/gcc/nios2-elf/4.1.2/../../../../nios2-elf/lib\libc.a(lib_a-makebuf.o)
                0x00006060                __smakebuf_r
 .text          0x000061f4       0xe4 c:/altera/11.1/nios2eds/bin/gnu/h-i686-mingw32/bin/../lib/gcc/nios2-elf/4.1.2/../../../../nios2-elf/lib\libc.a(lib_a-memchr.o)
                0x000061f4                memchr
 .text          0x000062d8       0xa0 c:/altera/11.1/nios2eds/bin/gnu/h-i686-mingw32/bin/../lib/gcc/nios2-elf/4.1.2/../../../../nios2-elf/lib\libc.a(lib_a-memcpy.o)
                0x000062d8                memcpy
 .text          0x00006378       0xe0 c:/altera/11.1/nios2eds/bin/gnu/h-i686-mingw32/bin/../lib/gcc/nios2-elf/4.1.2/../../../../nios2-elf/lib\libc.a(lib_a-memmove.o)
                0x00006378                memmove
 .text          0x00006458       0x98 c:/altera/11.1/nios2eds/bin/gnu/h-i686-mingw32/bin/../lib/gcc/nios2-elf/4.1.2/../../../../nios2-elf/lib\libc.a(lib_a-memset.o)
                0x00006458                memset
 .text          0x000064f0      0xff4 c:/altera/11.1/nios2eds/bin/gnu/h-i686-mingw32/bin/../lib/gcc/nios2-elf/4.1.2/../../../../nios2-elf/lib\libc.a(lib_a-mprec.o)
                0x000064f0                _Bfree
                0x00006518                __hi0bits
                0x00006588                __lo0bits
                0x0000664c                __mcmp
                0x000066ac                __ulp
                0x0000672c                __b2d
                0x0000684c                __ratio
                0x000068fc                _mprec_log10
                0x00006990                __copybits
                0x000069e8                __any_on
                0x00006a70                _Balloc
                0x00006b2c                __d2b
                0x00006ca8                __mdiff
                0x00006e34                __lshift
                0x00006f80                __multiply
                0x00007168                __i2b
                0x000071a4                __multadd
                0x000072a4                __pow5mult
                0x000073c4                __s2b
 .text          0x000074e4      0x1ec c:/altera/11.1/nios2eds/bin/gnu/h-i686-mingw32/bin/../lib/gcc/nios2-elf/4.1.2/../../../../nios2-elf/lib\libc.a(lib_a-putc.o)
                0x000074e4                putc
                0x000075e8                _putc_r
 .text          0x000076d0      0x5f4 c:/altera/11.1/nios2eds/bin/gnu/h-i686-mingw32/bin/../lib/gcc/nios2-elf/4.1.2/../../../../nios2-elf/lib\libc.a(lib_a-reallocr.o)
                0x000076d0                _realloc_r
 .text          0x00007cc4       0x40 c:/altera/11.1/nios2eds/bin/gnu/h-i686-mingw32/bin/../lib/gcc/nios2-elf/4.1.2/../../../../nios2-elf/lib\libc.a(lib_a-s_isinfd.o)
                0x00007cc4                __isinfd
 .text          0x00007d04       0x30 c:/altera/11.1/nios2eds/bin/gnu/h-i686-mingw32/bin/../lib/gcc/nios2-elf/4.1.2/../../../../nios2-elf/lib\libc.a(lib_a-s_isnand.o)
                0x00007d04                __isnand
 .text          0x00007d34      0x14c c:/altera/11.1/nios2eds/bin/gnu/h-i686-mingw32/bin/../lib/gcc/nios2-elf/4.1.2/../../../../nios2-elf/lib\libc.a(lib_a-stdio.o)
                0x00007d34                __sclose
                0x00007d3c                __sseek
                0x00007da4                __swrite
                0x00007e20                __sread
 .text          0x00007e80       0xbc c:/altera/11.1/nios2eds/bin/gnu/h-i686-mingw32/bin/../lib/gcc/nios2-elf/4.1.2/../../../../nios2-elf/lib\libc.a(lib_a-strcmp.o)
                0x00007e80                strcmp
 .text          0x00007f3c      0x14c c:/altera/11.1/nios2eds/bin/gnu/h-i686-mingw32/bin/../lib/gcc/nios2-elf/4.1.2/../../../../nios2-elf/lib\libc.a(lib_a-wbuf.o)
                0x00007f3c                __swbuf_r
                0x0000806c                __swbuf
 .text          0x00008088       0x78 c:/altera/11.1/nios2eds/bin/gnu/h-i686-mingw32/bin/../lib/gcc/nios2-elf/4.1.2/../../../../nios2-elf/lib\libc.a(lib_a-writer.o)
                0x00008088                _write_r
 .text          0x00008100       0xb4 c:/altera/11.1/nios2eds/bin/gnu/h-i686-mingw32/bin/../lib/gcc/nios2-elf/4.1.2/../../../../nios2-elf/lib\libc.a(lib_a-callocr.o)
                0x00008100                _calloc_r
 .text          0x000081b4       0x70 c:/altera/11.1/nios2eds/bin/gnu/h-i686-mingw32/bin/../lib/gcc/nios2-elf/4.1.2/../../../../nios2-elf/lib\libc.a(lib_a-closer.o)
                0x000081b4                _close_r
 .text          0x00008224      0x124 c:/altera/11.1/nios2eds/bin/gnu/h-i686-mingw32/bin/../lib/gcc/nios2-elf/4.1.2/../../../../nios2-elf/lib\libc.a(lib_a-fclose.o)
                0x00008224                _fclose_r
                0x00008334                fclose
 .text          0x00008348       0x74 c:/altera/11.1/nios2eds/bin/gnu/h-i686-mingw32/bin/../lib/gcc/nios2-elf/4.1.2/../../../../nios2-elf/lib\libc.a(lib_a-fstatr.o)
                0x00008348                _fstat_r
 .text          0x000083bc       0x70 c:/altera/11.1/nios2eds/bin/gnu/h-i686-mingw32/bin/../lib/gcc/nios2-elf/4.1.2/../../../../nios2-elf/lib\libc.a(lib_a-isattyr.o)
                0x000083bc                _isatty_r
 .text          0x0000842c       0x78 c:/altera/11.1/nios2eds/bin/gnu/h-i686-mingw32/bin/../lib/gcc/nios2-elf/4.1.2/../../../../nios2-elf/lib\libc.a(lib_a-lseekr.o)
                0x0000842c                _lseek_r
 .text          0x000084a4       0x78 c:/altera/11.1/nios2eds/bin/gnu/h-i686-mingw32/bin/../lib/gcc/nios2-elf/4.1.2/../../../../nios2-elf/lib\libc.a(lib_a-readr.o)
                0x000084a4                _read_r
 .text          0x0000851c      0x5dc c:/altera/11.1/nios2eds/bin/gnu/h-i686-mingw32/bin/../lib/gcc/nios2-elf/4.1.2\libgcc.a(_udivdi3.o)
                0x0000851c                __udivdi3
 .text          0x00008af8      0x5b0 c:/altera/11.1/nios2eds/bin/gnu/h-i686-mingw32/bin/../lib/gcc/nios2-elf/4.1.2\libgcc.a(_umoddi3.o)
                0x00008af8                __umoddi3
 .text          0x000090a8      0x504 c:/altera/11.1/nios2eds/bin/gnu/h-i686-mingw32/bin/../lib/gcc/nios2-elf/4.1.2\libgcc.a(_addsub_df.o)
                0x000094b8                __subdf3
                0x00009538                __adddf3
 .text          0x000095ac      0x3c4 c:/altera/11.1/nios2eds/bin/gnu/h-i686-mingw32/bin/../lib/gcc/nios2-elf/4.1.2\libgcc.a(_mul_df.o)
                0x000095ac                __muldf3
 .text          0x00009970      0x258 c:/altera/11.1/nios2eds/bin/gnu/h-i686-mingw32/bin/../lib/gcc/nios2-elf/4.1.2\libgcc.a(_div_df.o)
                0x00009970                __divdf3
 .text          0x00009bc8       0x88 c:/altera/11.1/nios2eds/bin/gnu/h-i686-mingw32/bin/../lib/gcc/nios2-elf/4.1.2\libgcc.a(_eq_df.o)
                0x00009bc8                __eqdf2
 .text          0x00009c50       0x88 c:/altera/11.1/nios2eds/bin/gnu/h-i686-mingw32/bin/../lib/gcc/nios2-elf/4.1.2\libgcc.a(_ne_df.o)
                0x00009c50                __nedf2
 .text          0x00009cd8       0x88 c:/altera/11.1/nios2eds/bin/gnu/h-i686-mingw32/bin/../lib/gcc/nios2-elf/4.1.2\libgcc.a(_gt_df.o)
                0x00009cd8                __gtdf2
 .text          0x00009d60       0x88 c:/altera/11.1/nios2eds/bin/gnu/h-i686-mingw32/bin/../lib/gcc/nios2-elf/4.1.2\libgcc.a(_ge_df.o)
                0x00009d60                __gedf2
 .text          0x00009de8       0x88 c:/altera/11.1/nios2eds/bin/gnu/h-i686-mingw32/bin/../lib/gcc/nios2-elf/4.1.2\libgcc.a(_lt_df.o)
                0x00009de8                __ltdf2
 .text          0x00009e70       0xf8 c:/altera/11.1/nios2eds/bin/gnu/h-i686-mingw32/bin/../lib/gcc/nios2-elf/4.1.2\libgcc.a(_si_to_df.o)
                0x00009e70                __floatsidf
 .text          0x00009f68       0xd8 c:/altera/11.1/nios2eds/bin/gnu/h-i686-mingw32/bin/../lib/gcc/nios2-elf/4.1.2\libgcc.a(_df_to_si.o)
                0x00009f68                __fixdfsi
 .text          0x0000a040        0x0 c:/altera/11.1/nios2eds/bin/gnu/h-i686-mingw32/bin/../lib/gcc/nios2-elf/4.1.2\libgcc.a(_thenan_df.o)
 .text          0x0000a040      0x194 c:/altera/11.1/nios2eds/bin/gnu/h-i686-mingw32/bin/../lib/gcc/nios2-elf/4.1.2\libgcc.a(_usi_to_df.o)
                0x0000a040                __floatunsidf
 .text          0x0000a1d4      0x14c c:/altera/11.1/nios2eds/bin/gnu/h-i686-mingw32/bin/../lib/gcc/nios2-elf/4.1.2\libgcc.a(lib2-divmod.o)
                0x0000a250                __divsi3
                0x0000a2b0                __modsi3
                0x0000a310                __udivsi3
                0x0000a318                __umodsi3
 .text          0x0000a320       0x98 c:/altera/11.1/nios2eds/bin/gnu/h-i686-mingw32/bin/../lib/gcc/nios2-elf/4.1.2\libgcc.a(_muldi3.o)
                0x0000a320                __muldi3
 .text          0x0000a3b8        0x0 c:/altera/11.1/nios2eds/bin/gnu/h-i686-mingw32/bin/../lib/gcc/nios2-elf/4.1.2\libgcc.a(_clz.o)
 .text          0x0000a3b8       0x80 c:/altera/11.1/nios2eds/bin/gnu/h-i686-mingw32/bin/../lib/gcc/nios2-elf/4.1.2\libgcc.a(_clzsi2.o)
                0x0000a3b8                __clzsi2
 .text          0x0000a438      0x314 c:/altera/11.1/nios2eds/bin/gnu/h-i686-mingw32/bin/../lib/gcc/nios2-elf/4.1.2\libgcc.a(_pack_df.o)
                0x0000a438                __pack_d
 .text          0x0000a74c      0x138 c:/altera/11.1/nios2eds/bin/gnu/h-i686-mingw32/bin/../lib/gcc/nios2-elf/4.1.2\libgcc.a(_unpack_df.o)
                0x0000a74c                __unpack_d
 .text          0x0000a884       0xc8 c:/altera/11.1/nios2eds/bin/gnu/h-i686-mingw32/bin/../lib/gcc/nios2-elf/4.1.2\libgcc.a(_fpcmp_parts_df.o)
                0x0000a884                __fpcmp_parts_d
 .text          0x0000a94c      0x154 C:/Users/cvictor/Desktop/CustomSem_bsp/\libhal_bsp.a(alt_alarm_start.o)
                0x0000a94c                alt_alarm_start
 .text          0x0000aaa0      0x15c C:/Users/cvictor/Desktop/CustomSem_bsp/\libhal_bsp.a(alt_close.o)
                0x0000aaa0                close
 .text          0x0000abfc       0x2c C:/Users/cvictor/Desktop/CustomSem_bsp/\libhal_bsp.a(alt_dev.o)
 .text          0x0000ac28        0x0 C:/Users/cvictor/Desktop/CustomSem_bsp/\libhal_bsp.a(alt_errno.o)
 .text          0x0000ac28       0x60 C:/Users/cvictor/Desktop/CustomSem_bsp/\libhal_bsp.a(alt_exit.o)
                0x0000ac68                _exit
 .text          0x0000ac88      0x134 C:/Users/cvictor/Desktop/CustomSem_bsp/\libhal_bsp.a(alt_fstat.o)
                0x0000ac88                fstat
 .text          0x0000adbc      0x120 C:/Users/cvictor/Desktop/CustomSem_bsp/\libhal_bsp.a(alt_isatty.o)
                0x0000adbc                isatty
 .text          0x0000aedc       0xec C:/Users/cvictor/Desktop/CustomSem_bsp/\libhal_bsp.a(alt_load.o)
                0x0000aedc                alt_load
 .text          0x0000afc8      0x150 C:/Users/cvictor/Desktop/CustomSem_bsp/\libhal_bsp.a(alt_lseek.o)
                0x0000afc8                lseek
 .text          0x0000b118       0x6c C:/Users/cvictor/Desktop/CustomSem_bsp/\libhal_bsp.a(alt_main.o)
                0x0000b118                alt_main
 .text          0x0000b184       0x40 C:/Users/cvictor/Desktop/CustomSem_bsp/\libhal_bsp.a(alt_malloc_lock.o)
                0x0000b184                __malloc_lock
                0x0000b1a4                __malloc_unlock
 .text          0x0000b1c4      0x180 C:/Users/cvictor/Desktop/CustomSem_bsp/\libhal_bsp.a(alt_read.o)
                0x0000b1c4                read
 .text          0x0000b344       0x60 C:/Users/cvictor/Desktop/CustomSem_bsp/\libhal_bsp.a(alt_release_fd.o)
                0x0000b344                alt_release_fd
 .text          0x0000b3a4       0xbc C:/Users/cvictor/Desktop/CustomSem_bsp/\libhal_bsp.a(alt_sbrk.o)
                0x0000b3a4                sbrk
 .text          0x0000b460      0x1a4 C:/Users/cvictor/Desktop/CustomSem_bsp/\libhal_bsp.a(alt_tick.o)
                0x0000b460                alt_alarm_stop
                0x0000b4f8                alt_tick
 .text          0x0000b604      0x180 C:/Users/cvictor/Desktop/CustomSem_bsp/\libhal_bsp.a(alt_write.o)
                0x0000b604                write
 .text          0x0000b784       0xc8 C:/Users/cvictor/Desktop/CustomSem_bsp/\libhal_bsp.a(alt_sys_init.o)
                0x0000b784                alt_irq_init
                0x0000b7b8                alt_sys_init
 .text          0x0000b84c      0x148 C:/Users/cvictor/Desktop/CustomSem_bsp/\libhal_bsp.a(altera_avalon_jtag_uart_fd.o)
                0x0000b84c                altera_avalon_jtag_uart_read_fd
                0x0000b8a4                altera_avalon_jtag_uart_write_fd
                0x0000b8fc                altera_avalon_jtag_uart_close_fd
                0x0000b944                altera_avalon_jtag_uart_ioctl_fd
 .text          0x0000b994      0x40c C:/Users/cvictor/Desktop/CustomSem_bsp/\libhal_bsp.a(altera_avalon_jtag_uart_init.o)
                0x0000b994                altera_avalon_jtag_uart_init
                0x0000bd2c                altera_avalon_jtag_uart_close
 .text          0x0000bda0       0xf4 C:/Users/cvictor/Desktop/CustomSem_bsp/\libhal_bsp.a(altera_avalon_jtag_uart_ioctl.o)
                0x0000bda0                altera_avalon_jtag_uart_ioctl
 .text          0x0000be94      0x224 C:/Users/cvictor/Desktop/CustomSem_bsp/\libhal_bsp.a(altera_avalon_jtag_uart_read.o)
                0x0000be94                altera_avalon_jtag_uart_read
 .text          0x0000c0b8      0x240 C:/Users/cvictor/Desktop/CustomSem_bsp/\libhal_bsp.a(altera_avalon_jtag_uart_write.o)
                0x0000c0b8                altera_avalon_jtag_uart_write
 .text          0x0000c2f8      0x100 C:/Users/cvictor/Desktop/CustomSem_bsp/\libhal_bsp.a(altera_avalon_timer_sc.o)
                0x0000c368                alt_avalon_timer_sc_init
 .text          0x0000c3f8       0x1c C:/Users/cvictor/Desktop/CustomSem_bsp/\libhal_bsp.a(alt_dcache_flush_all.o)
                0x0000c3f8                alt_dcache_flush_all
 .text          0x0000c414      0x114 C:/Users/cvictor/Desktop/CustomSem_bsp/\libhal_bsp.a(alt_dev_llist_insert.o)
                0x0000c414                alt_dev_llist_insert
 .text          0x0000c528       0x64 C:/Users/cvictor/Desktop/CustomSem_bsp/\libhal_bsp.a(alt_do_ctors.o)
                0x0000c528                _do_ctors
 .text          0x0000c58c       0x64 C:/Users/cvictor/Desktop/CustomSem_bsp/\libhal_bsp.a(alt_do_dtors.o)
                0x0000c58c                _do_dtors
 .text          0x0000c5f0       0x30 C:/Users/cvictor/Desktop/CustomSem_bsp/\libhal_bsp.a(alt_icache_flush_all.o)
                0x0000c5f0                alt_icache_flush_all
 .text          0x0000c620      0x1d4 C:/Users/cvictor/Desktop/CustomSem_bsp/\libhal_bsp.a(alt_iic.o)
                0x0000c620                alt_ic_isr_register
                0x0000c670                alt_ic_irq_enable
                0x0000c70c                alt_ic_irq_disable
                0x0000c7ac                alt_ic_irq_enabled
 .text          0x0000c7f4       0xf8 C:/Users/cvictor/Desktop/CustomSem_bsp/\libhal_bsp.a(alt_iic_isr_register.o)
                0x0000c7f4                alt_iic_isr_register
 .text          0x0000c8ec      0x13c C:/Users/cvictor/Desktop/CustomSem_bsp/\libhal_bsp.a(alt_io_redirect.o)
                0x0000c9b0                alt_io_redirect
 .text          0x0000ca28        0x0 C:/Users/cvictor/Desktop/CustomSem_bsp/\libhal_bsp.a(alt_irq_entry.o)
 .text          0x0000ca28        0x0 C:/Users/cvictor/Desktop/CustomSem_bsp/\libhal_bsp.a(alt_irq_handler.o)
 .text          0x0000ca28        0x0 C:/Users/cvictor/Desktop/CustomSem_bsp/\libhal_bsp.a(alt_irq_vars.o)
 .text          0x0000ca28      0x2c4 C:/Users/cvictor/Desktop/CustomSem_bsp/\libhal_bsp.a(alt_open.o)
                0x0000cb04                open
 .text          0x0000ccec       0x20 C:/Users/cvictor/Desktop/CustomSem_bsp/\libhal_bsp.a(altera_nios2_irq.o)
                0x0000ccec                altera_nios2_irq_init
 .text          0x0000cd0c        0x0 C:/Users/cvictor/Desktop/CustomSem_bsp/\libhal_bsp.a(alt_exception_entry.o)
 .text          0x0000cd0c       0x94 C:/Users/cvictor/Desktop/CustomSem_bsp/\libhal_bsp.a(alt_find_dev.o)
                0x0000cd0c                alt_find_dev
 .text          0x0000cda0      0x120 C:/Users/cvictor/Desktop/CustomSem_bsp/\libhal_bsp.a(alt_find_file.o)
                0x0000cda0                alt_find_file
 .text          0x0000cec0       0xb8 C:/Users/cvictor/Desktop/CustomSem_bsp/\libhal_bsp.a(alt_get_fd.o)
                0x0000cec0                alt_get_fd
 .text          0x0000cf78       0x90 C:/Users/cvictor/Desktop/CustomSem_bsp/\libhal_bsp.a(alt_icache_flush.o)
                0x0000cf78                alt_icache_flush
 .text          0x0000d008       0x14 c:/altera/11.1/nios2eds/bin/gnu/h-i686-mingw32/bin/../lib/gcc/nios2-elf/4.1.2/../../../../nios2-elf/lib\libc.a(lib_a-atexit.o)
                0x0000d008                atexit
 .text          0x0000d01c       0x74 c:/altera/11.1/nios2eds/bin/gnu/h-i686-mingw32/bin/../lib/gcc/nios2-elf/4.1.2/../../../../nios2-elf/lib\libc.a(lib_a-memcmp.o)
                0x0000d01c                memcmp
 .text          0x0000d090      0x134 c:/altera/11.1/nios2eds/bin/gnu/h-i686-mingw32/bin/../lib/gcc/nios2-elf/4.1.2/../../../../nios2-elf/lib\libc.a(lib_a-__atexit.o)
                0x0000d090                __register_exitproc
 *(.gnu.warning.*)
 *(.fini)
                0x0000d1c4                PROVIDE (__etext, ABSOLUTE (.))
                0x0000d1c4                PROVIDE (_etext, ABSOLUTE (.))
                0x0000d1c4                PROVIDE (etext, ABSOLUTE (.))
 *(.eh_frame_hdr)
                0x0000d1c4                . = ALIGN (0x4)
                0x0000d1c4                PROVIDE (__preinit_array_start, ABSOLUTE (.))
 *(.preinit_array)
                0x0000d1c4                PROVIDE (__preinit_array_end, ABSOLUTE (.))
                0x0000d1c4                PROVIDE (__init_array_start, ABSOLUTE (.))
 *(.init_array)
                0x0000d1c4                PROVIDE (__init_array_end, ABSOLUTE (.))
                0x0000d1c4                PROVIDE (__fini_array_start, ABSOLUTE (.))
 *(.fini_array)
                0x0000d1c4                PROVIDE (__fini_array_end, ABSOLUTE (.))
 *(.eh_frame)
 .eh_frame      0x0000d1c4       0x40 c:/altera/11.1/nios2eds/bin/gnu/h-i686-mingw32/bin/../lib/gcc/nios2-elf/4.1.2\libgcc.a(_udivdi3.o)
 .eh_frame      0x0000d204       0x2c c:/altera/11.1/nios2eds/bin/gnu/h-i686-mingw32/bin/../lib/gcc/nios2-elf/4.1.2\libgcc.a(_umoddi3.o)
                                 0x40 (size before relaxing)
 *(.gcc_except_table)
 *(.dynamic)
                0x0000d230                PROVIDE (__CTOR_LIST__, ABSOLUTE (.))
 *(.ctors)
 *(SORT(.ctors.*))
 .ctors.65535   0x0000d230        0x4 c:/altera/11.1/nios2eds/bin/gnu/h-i686-mingw32/bin/../lib/gcc/nios2-elf/4.1.2/../../../../nios2-elf/lib\libc.a(lib_a-__call_atexit.o)
                0x0000d234                PROVIDE (__CTOR_END__, ABSOLUTE (.))
                0x0000d234                PROVIDE (__DTOR_LIST__, ABSOLUTE (.))
 *(.dtors)
 *(SORT(.dtors.*))
                0x0000d234                PROVIDE (__DTOR_END__, ABSOLUTE (.))
 *(.jcr)
                0x0000d234                . = ALIGN (0x4)

.rodata         0x0000d234      0x508
                0x0000d234                PROVIDE (__ram_rodata_start, ABSOLUTE (.))
                0x0000d234                . = ALIGN (0x4)
 *(.rodata .rodata.* .gnu.linkonce.r.*)
 .rodata        0x0000d234      0x174 obj/default/CustomSem.o
 .rodata        0x0000d3a8       0x20 obj/default/alarm_handler.o
 .rodata        0x0000d3c8       0x1c obj/default/queue.o
 .rodata        0x0000d3e4       0x1c obj/default/thread_handler.o
 .rodata.str1.4
                0x0000d400        0x2 c:/altera/11.1/nios2eds/bin/gnu/h-i686-mingw32/bin/../lib/gcc/nios2-elf/4.1.2/../../../../nios2-elf/lib\libc.a(lib_a-impure.o)
                                  0x4 (size before relaxing)
 *fill*         0x0000d402        0x2 00
 .rodata.str1.4
                0x0000d404        0x2 c:/altera/11.1/nios2eds/bin/gnu/h-i686-mingw32/bin/../lib/gcc/nios2-elf/4.1.2/../../../../nios2-elf/lib\libc.a(lib_a-puts.o)
                                  0x4 (size before relaxing)
 *fill*         0x0000d406        0x2 00
 .rodata.str1.4
                0x0000d408       0x5e c:/altera/11.1/nios2eds/bin/gnu/h-i686-mingw32/bin/../lib/gcc/nios2-elf/4.1.2/../../../../nios2-elf/lib\libc.a(lib_a-vfprintf.o)
                                 0x60 (size before relaxing)
 .rodata        0x0000d466       0x20 c:/altera/11.1/nios2eds/bin/gnu/h-i686-mingw32/bin/../lib/gcc/nios2-elf/4.1.2/../../../../nios2-elf/lib\libc.a(lib_a-vfprintf.o)
 *fill*         0x0000d486        0x2 00
 .rodata.str1.4
                0x0000d488       0x10 c:/altera/11.1/nios2eds/bin/gnu/h-i686-mingw32/bin/../lib/gcc/nios2-elf/4.1.2/../../../../nios2-elf/lib\libc.a(lib_a-dtoa.o)
                                 0x14 (size before relaxing)
 .rodata.str1.4
                0x0000d498       0x10 c:/altera/11.1/nios2eds/bin/gnu/h-i686-mingw32/bin/../lib/gcc/nios2-elf/4.1.2/../../../../nios2-elf/lib\libc.a(lib_a-locale.o)
                                 0x18 (size before relaxing)
 .rodata        0x0000d4a8       0x30 c:/altera/11.1/nios2eds/bin/gnu/h-i686-mingw32/bin/../lib/gcc/nios2-elf/4.1.2/../../../../nios2-elf/lib\libc.a(lib_a-locale.o)
 .rodata        0x0000d4d8      0x124 c:/altera/11.1/nios2eds/bin/gnu/h-i686-mingw32/bin/../lib/gcc/nios2-elf/4.1.2/../../../../nios2-elf/lib\libc.a(lib_a-mprec.o)
                0x0000d4d8                __mprec_tens
                0x0000d5a0                __mprec_bigtens
                0x0000d5c8                __mprec_tinytens
 .rodata        0x0000d5fc       0x14 c:/altera/11.1/nios2eds/bin/gnu/h-i686-mingw32/bin/../lib/gcc/nios2-elf/4.1.2\libgcc.a(_thenan_df.o)
                0x0000d5fc                __thenan_df
 .rodata        0x0000d610      0x100 c:/altera/11.1/nios2eds/bin/gnu/h-i686-mingw32/bin/../lib/gcc/nios2-elf/4.1.2\libgcc.a(_clz.o)
                0x0000d610                __clz_tab
 .rodata        0x0000d710        0xc C:/Users/cvictor/Desktop/CustomSem_bsp/\libhal_bsp.a(alt_dev.o)
 .rodata        0x0000d71c       0x10 C:/Users/cvictor/Desktop/CustomSem_bsp/\libhal_bsp.a(alt_main.o)
 .rodata        0x0000d72c       0x10 C:/Users/cvictor/Desktop/CustomSem_bsp/\libhal_bsp.a(alt_sys_init.o)
 *(.rodata1)
                0x0000d73c                . = ALIGN (0x4)
                0x0000d73c                PROVIDE (__ram_rodata_end, ABSOLUTE (.))
                0x0000d234                PROVIDE (__flash_rodata_start, LOADADDR (.rodata))

.rwdata         0x0000d73c     0x1a5c load address 0x0000f198
                0x0000d73c                PROVIDE (__ram_rwdata_start, ABSOLUTE (.))
                0x0000d73c                . = ALIGN (0x4)
 *(.got.plt)
 *(.got)
 *(.data1)
 *(.data .data.* .gnu.linkonce.d.*)
 .data          0x0000d73c        0x0 C:/Users/cvictor/Desktop/CustomSem_bsp//obj/HAL/src/crt0.o
 .data          0x0000d73c        0x0 obj/default/CustomSem.o
 .data          0x0000d73c        0x0 obj/default/alarm_handler.o
 .data          0x0000d73c        0x0 obj/default/mysem.o
 .data          0x0000d73c        0x0 obj/default/queue.o
 .data          0x0000d73c        0x0 obj/default/thread_handler.o
 .data          0x0000d73c        0x0 obj/default/exception_handler.o
 .data          0x0000d73c        0x0 c:/altera/11.1/nios2eds/bin/gnu/h-i686-mingw32/bin/../lib/gcc/nios2-elf/4.1.2/../../../../nios2-elf/lib\libc.a(lib_a-exit.o)
 .data          0x0000d73c      0x400 c:/altera/11.1/nios2eds/bin/gnu/h-i686-mingw32/bin/../lib/gcc/nios2-elf/4.1.2/../../../../nios2-elf/lib\libc.a(lib_a-impure.o)
 .data          0x0000db3c        0x0 c:/altera/11.1/nios2eds/bin/gnu/h-i686-mingw32/bin/../lib/gcc/nios2-elf/4.1.2/../../../../nios2-elf/lib\libc.a(lib_a-malloc.o)
 .data          0x0000db3c      0x408 c:/altera/11.1/nios2eds/bin/gnu/h-i686-mingw32/bin/../lib/gcc/nios2-elf/4.1.2/../../../../nios2-elf/lib\libc.a(lib_a-mallocr.o)
                0x0000db3c                __malloc_av_
 .data          0x0000df44        0x0 c:/altera/11.1/nios2eds/bin/gnu/h-i686-mingw32/bin/../lib/gcc/nios2-elf/4.1.2/../../../../nios2-elf/lib\libc.a(lib_a-printf.o)
 .data          0x0000df44        0x0 c:/altera/11.1/nios2eds/bin/gnu/h-i686-mingw32/bin/../lib/gcc/nios2-elf/4.1.2/../../../../nios2-elf/lib\libc.a(lib_a-putchar.o)
 .data          0x0000df44        0x0 c:/altera/11.1/nios2eds/bin/gnu/h-i686-mingw32/bin/../lib/gcc/nios2-elf/4.1.2/../../../../nios2-elf/lib\libc.a(lib_a-puts.o)
 .data          0x0000df44        0x0 c:/altera/11.1/nios2eds/bin/gnu/h-i686-mingw32/bin/../lib/gcc/nios2-elf/4.1.2/../../../../nios2-elf/lib\libc.a(lib_a-sbrkr.o)
 .data          0x0000df44        0x0 c:/altera/11.1/nios2eds/bin/gnu/h-i686-mingw32/bin/../lib/gcc/nios2-elf/4.1.2/../../../../nios2-elf/lib\libc.a(lib_a-strlen.o)
 .data          0x0000df44        0x0 c:/altera/11.1/nios2eds/bin/gnu/h-i686-mingw32/bin/../lib/gcc/nios2-elf/4.1.2/../../../../nios2-elf/lib\libc.a(lib_a-vfprintf.o)
 .data          0x0000df44        0x0 c:/altera/11.1/nios2eds/bin/gnu/h-i686-mingw32/bin/../lib/gcc/nios2-elf/4.1.2/../../../../nios2-elf/lib\libc.a(lib_a-wsetup.o)
 .data          0x0000df44        0x0 c:/altera/11.1/nios2eds/bin/gnu/h-i686-mingw32/bin/../lib/gcc/nios2-elf/4.1.2/../../../../nios2-elf/lib\libc.a(lib_a-__call_atexit.o)
 .data          0x0000df44        0x0 c:/altera/11.1/nios2eds/bin/gnu/h-i686-mingw32/bin/../lib/gcc/nios2-elf/4.1.2/../../../../nios2-elf/lib\libc.a(lib_a-dtoa.o)
 .data          0x0000df44        0x0 c:/altera/11.1/nios2eds/bin/gnu/h-i686-mingw32/bin/../lib/gcc/nios2-elf/4.1.2/../../../../nios2-elf/lib\libc.a(lib_a-fflush.o)
 .data          0x0000df44        0x0 c:/altera/11.1/nios2eds/bin/gnu/h-i686-mingw32/bin/../lib/gcc/nios2-elf/4.1.2/../../../../nios2-elf/lib\libc.a(lib_a-findfp.o)
 .data          0x0000df44        0x0 c:/altera/11.1/nios2eds/bin/gnu/h-i686-mingw32/bin/../lib/gcc/nios2-elf/4.1.2/../../../../nios2-elf/lib\libc.a(lib_a-freer.o)
 .data          0x0000df44        0x0 c:/altera/11.1/nios2eds/bin/gnu/h-i686-mingw32/bin/../lib/gcc/nios2-elf/4.1.2/../../../../nios2-elf/lib\libc.a(lib_a-fvwrite.o)
 .data          0x0000df44        0x0 c:/altera/11.1/nios2eds/bin/gnu/h-i686-mingw32/bin/../lib/gcc/nios2-elf/4.1.2/../../../../nios2-elf/lib\libc.a(lib_a-fwalk.o)
 .data          0x0000df44        0x0 c:/altera/11.1/nios2eds/bin/gnu/h-i686-mingw32/bin/../lib/gcc/nios2-elf/4.1.2/../../../../nios2-elf/lib\libc.a(lib_a-int_errno.o)
 .data          0x0000df44        0xc c:/altera/11.1/nios2eds/bin/gnu/h-i686-mingw32/bin/../lib/gcc/nios2-elf/4.1.2/../../../../nios2-elf/lib\libc.a(lib_a-locale.o)
                0x0000df44                __lc_ctype
 .data          0x0000df50        0x0 c:/altera/11.1/nios2eds/bin/gnu/h-i686-mingw32/bin/../lib/gcc/nios2-elf/4.1.2/../../../../nios2-elf/lib\libc.a(lib_a-makebuf.o)
 .data          0x0000df50        0x0 c:/altera/11.1/nios2eds/bin/gnu/h-i686-mingw32/bin/../lib/gcc/nios2-elf/4.1.2/../../../../nios2-elf/lib\libc.a(lib_a-memchr.o)
 .data          0x0000df50        0x0 c:/altera/11.1/nios2eds/bin/gnu/h-i686-mingw32/bin/../lib/gcc/nios2-elf/4.1.2/../../../../nios2-elf/lib\libc.a(lib_a-memcpy.o)
 .data          0x0000df50        0x0 c:/altera/11.1/nios2eds/bin/gnu/h-i686-mingw32/bin/../lib/gcc/nios2-elf/4.1.2/../../../../nios2-elf/lib\libc.a(lib_a-memmove.o)
 .data          0x0000df50        0x0 c:/altera/11.1/nios2eds/bin/gnu/h-i686-mingw32/bin/../lib/gcc/nios2-elf/4.1.2/../../../../nios2-elf/lib\libc.a(lib_a-memset.o)
 .data          0x0000df50        0x0 c:/altera/11.1/nios2eds/bin/gnu/h-i686-mingw32/bin/../lib/gcc/nios2-elf/4.1.2/../../../../nios2-elf/lib\libc.a(lib_a-mprec.o)
 .data          0x0000df50        0x0 c:/altera/11.1/nios2eds/bin/gnu/h-i686-mingw32/bin/../lib/gcc/nios2-elf/4.1.2/../../../../nios2-elf/lib\libc.a(lib_a-putc.o)
 .data          0x0000df50        0x0 c:/altera/11.1/nios2eds/bin/gnu/h-i686-mingw32/bin/../lib/gcc/nios2-elf/4.1.2/../../../../nios2-elf/lib\libc.a(lib_a-reallocr.o)
 .data          0x0000df50        0x0 c:/altera/11.1/nios2eds/bin/gnu/h-i686-mingw32/bin/../lib/gcc/nios2-elf/4.1.2/../../../../nios2-elf/lib\libc.a(lib_a-s_isinfd.o)
 .data          0x0000df50        0x0 c:/altera/11.1/nios2eds/bin/gnu/h-i686-mingw32/bin/../lib/gcc/nios2-elf/4.1.2/../../../../nios2-elf/lib\libc.a(lib_a-s_isnand.o)
 .data          0x0000df50        0x0 c:/altera/11.1/nios2eds/bin/gnu/h-i686-mingw32/bin/../lib/gcc/nios2-elf/4.1.2/../../../../nios2-elf/lib\libc.a(lib_a-stdio.o)
 .data          0x0000df50        0x0 c:/altera/11.1/nios2eds/bin/gnu/h-i686-mingw32/bin/../lib/gcc/nios2-elf/4.1.2/../../../../nios2-elf/lib\libc.a(lib_a-strcmp.o)
 .data          0x0000df50        0x0 c:/altera/11.1/nios2eds/bin/gnu/h-i686-mingw32/bin/../lib/gcc/nios2-elf/4.1.2/../../../../nios2-elf/lib\libc.a(lib_a-wbuf.o)
 .data          0x0000df50        0x0 c:/altera/11.1/nios2eds/bin/gnu/h-i686-mingw32/bin/../lib/gcc/nios2-elf/4.1.2/../../../../nios2-elf/lib\libc.a(lib_a-writer.o)
 .data          0x0000df50        0x0 c:/altera/11.1/nios2eds/bin/gnu/h-i686-mingw32/bin/../lib/gcc/nios2-elf/4.1.2/../../../../nios2-elf/lib\libc.a(lib_a-callocr.o)
 .data          0x0000df50        0x0 c:/altera/11.1/nios2eds/bin/gnu/h-i686-mingw32/bin/../lib/gcc/nios2-elf/4.1.2/../../../../nios2-elf/lib\libc.a(lib_a-closer.o)
 .data          0x0000df50        0x0 c:/altera/11.1/nios2eds/bin/gnu/h-i686-mingw32/bin/../lib/gcc/nios2-elf/4.1.2/../../../../nios2-elf/lib\libc.a(lib_a-fclose.o)
 .data          0x0000df50        0x0 c:/altera/11.1/nios2eds/bin/gnu/h-i686-mingw32/bin/../lib/gcc/nios2-elf/4.1.2/../../../../nios2-elf/lib\libc.a(lib_a-fstatr.o)
 .data          0x0000df50        0x0 c:/altera/11.1/nios2eds/bin/gnu/h-i686-mingw32/bin/../lib/gcc/nios2-elf/4.1.2/../../../../nios2-elf/lib\libc.a(lib_a-isattyr.o)
 .data          0x0000df50        0x0 c:/altera/11.1/nios2eds/bin/gnu/h-i686-mingw32/bin/../lib/gcc/nios2-elf/4.1.2/../../../../nios2-elf/lib\libc.a(lib_a-lseekr.o)
 .data          0x0000df50        0x0 c:/altera/11.1/nios2eds/bin/gnu/h-i686-mingw32/bin/../lib/gcc/nios2-elf/4.1.2/../../../../nios2-elf/lib\libc.a(lib_a-readr.o)
 .data          0x0000df50        0x0 c:/altera/11.1/nios2eds/bin/gnu/h-i686-mingw32/bin/../lib/gcc/nios2-elf/4.1.2\libgcc.a(_udivdi3.o)
 .data          0x0000df50        0x0 c:/altera/11.1/nios2eds/bin/gnu/h-i686-mingw32/bin/../lib/gcc/nios2-elf/4.1.2\libgcc.a(_umoddi3.o)
 .data          0x0000df50        0x0 c:/altera/11.1/nios2eds/bin/gnu/h-i686-mingw32/bin/../lib/gcc/nios2-elf/4.1.2\libgcc.a(_addsub_df.o)
 .data          0x0000df50        0x0 c:/altera/11.1/nios2eds/bin/gnu/h-i686-mingw32/bin/../lib/gcc/nios2-elf/4.1.2\libgcc.a(_mul_df.o)
 .data          0x0000df50        0x0 c:/altera/11.1/nios2eds/bin/gnu/h-i686-mingw32/bin/../lib/gcc/nios2-elf/4.1.2\libgcc.a(_div_df.o)
 .data          0x0000df50        0x0 c:/altera/11.1/nios2eds/bin/gnu/h-i686-mingw32/bin/../lib/gcc/nios2-elf/4.1.2\libgcc.a(_eq_df.o)
 .data          0x0000df50        0x0 c:/altera/11.1/nios2eds/bin/gnu/h-i686-mingw32/bin/../lib/gcc/nios2-elf/4.1.2\libgcc.a(_ne_df.o)
 .data          0x0000df50        0x0 c:/altera/11.1/nios2eds/bin/gnu/h-i686-mingw32/bin/../lib/gcc/nios2-elf/4.1.2\libgcc.a(_gt_df.o)
 .data          0x0000df50        0x0 c:/altera/11.1/nios2eds/bin/gnu/h-i686-mingw32/bin/../lib/gcc/nios2-elf/4.1.2\libgcc.a(_ge_df.o)
 .data          0x0000df50        0x0 c:/altera/11.1/nios2eds/bin/gnu/h-i686-mingw32/bin/../lib/gcc/nios2-elf/4.1.2\libgcc.a(_lt_df.o)
 .data          0x0000df50        0x0 c:/altera/11.1/nios2eds/bin/gnu/h-i686-mingw32/bin/../lib/gcc/nios2-elf/4.1.2\libgcc.a(_si_to_df.o)
 .data          0x0000df50        0x0 c:/altera/11.1/nios2eds/bin/gnu/h-i686-mingw32/bin/../lib/gcc/nios2-elf/4.1.2\libgcc.a(_df_to_si.o)
 .data          0x0000df50        0x0 c:/altera/11.1/nios2eds/bin/gnu/h-i686-mingw32/bin/../lib/gcc/nios2-elf/4.1.2\libgcc.a(_thenan_df.o)
 .data          0x0000df50        0x0 c:/altera/11.1/nios2eds/bin/gnu/h-i686-mingw32/bin/../lib/gcc/nios2-elf/4.1.2\libgcc.a(_usi_to_df.o)
 .data          0x0000df50        0x0 c:/altera/11.1/nios2eds/bin/gnu/h-i686-mingw32/bin/../lib/gcc/nios2-elf/4.1.2\libgcc.a(lib2-divmod.o)
 .data          0x0000df50        0x0 c:/altera/11.1/nios2eds/bin/gnu/h-i686-mingw32/bin/../lib/gcc/nios2-elf/4.1.2\libgcc.a(_muldi3.o)
 .data          0x0000df50        0x0 c:/altera/11.1/nios2eds/bin/gnu/h-i686-mingw32/bin/../lib/gcc/nios2-elf/4.1.2\libgcc.a(_clz.o)
 .data          0x0000df50        0x0 c:/altera/11.1/nios2eds/bin/gnu/h-i686-mingw32/bin/../lib/gcc/nios2-elf/4.1.2\libgcc.a(_clzsi2.o)
 .data          0x0000df50        0x0 c:/altera/11.1/nios2eds/bin/gnu/h-i686-mingw32/bin/../lib/gcc/nios2-elf/4.1.2\libgcc.a(_pack_df.o)
 .data          0x0000df50        0x0 c:/altera/11.1/nios2eds/bin/gnu/h-i686-mingw32/bin/../lib/gcc/nios2-elf/4.1.2\libgcc.a(_unpack_df.o)
 .data          0x0000df50        0x0 c:/altera/11.1/nios2eds/bin/gnu/h-i686-mingw32/bin/../lib/gcc/nios2-elf/4.1.2\libgcc.a(_fpcmp_parts_df.o)
 .data          0x0000df50        0x0 C:/Users/cvictor/Desktop/CustomSem_bsp/\libhal_bsp.a(alt_alarm_start.o)
 .data          0x0000df50        0x0 C:/Users/cvictor/Desktop/CustomSem_bsp/\libhal_bsp.a(alt_close.o)
 .data          0x0000df50      0x1a8 C:/Users/cvictor/Desktop/CustomSem_bsp/\libhal_bsp.a(alt_dev.o)
                0x0000df50                alt_dev_null
                0x0000df78                alt_fd_list
 .data          0x0000e0f8        0x0 C:/Users/cvictor/Desktop/CustomSem_bsp/\libhal_bsp.a(alt_errno.o)
 .data          0x0000e0f8        0x0 C:/Users/cvictor/Desktop/CustomSem_bsp/\libhal_bsp.a(alt_exit.o)
 .data          0x0000e0f8        0x0 C:/Users/cvictor/Desktop/CustomSem_bsp/\libhal_bsp.a(alt_fstat.o)
 .data          0x0000e0f8        0x0 C:/Users/cvictor/Desktop/CustomSem_bsp/\libhal_bsp.a(alt_isatty.o)
 .data          0x0000e0f8        0x0 C:/Users/cvictor/Desktop/CustomSem_bsp/\libhal_bsp.a(alt_load.o)
 .data          0x0000e0f8        0x0 C:/Users/cvictor/Desktop/CustomSem_bsp/\libhal_bsp.a(alt_lseek.o)
 .data          0x0000e0f8        0x0 C:/Users/cvictor/Desktop/CustomSem_bsp/\libhal_bsp.a(alt_main.o)
 .data          0x0000e0f8        0x0 C:/Users/cvictor/Desktop/CustomSem_bsp/\libhal_bsp.a(alt_malloc_lock.o)
 .data          0x0000e0f8        0x0 C:/Users/cvictor/Desktop/CustomSem_bsp/\libhal_bsp.a(alt_read.o)
 .data          0x0000e0f8        0x0 C:/Users/cvictor/Desktop/CustomSem_bsp/\libhal_bsp.a(alt_release_fd.o)
 .data          0x0000e0f8        0x0 C:/Users/cvictor/Desktop/CustomSem_bsp/\libhal_bsp.a(alt_sbrk.o)
 .data          0x0000e0f8        0x0 C:/Users/cvictor/Desktop/CustomSem_bsp/\libhal_bsp.a(alt_tick.o)
 .data          0x0000e0f8        0x0 C:/Users/cvictor/Desktop/CustomSem_bsp/\libhal_bsp.a(alt_write.o)
 .data          0x0000e0f8     0x1060 C:/Users/cvictor/Desktop/CustomSem_bsp/\libhal_bsp.a(alt_sys_init.o)
 .data          0x0000f158        0x0 C:/Users/cvictor/Desktop/CustomSem_bsp/\libhal_bsp.a(altera_avalon_jtag_uart_fd.o)
 .data          0x0000f158        0x0 C:/Users/cvictor/Desktop/CustomSem_bsp/\libhal_bsp.a(altera_avalon_jtag_uart_init.o)
 .data          0x0000f158        0x0 C:/Users/cvictor/Desktop/CustomSem_bsp/\libhal_bsp.a(altera_avalon_jtag_uart_ioctl.o)
 .data          0x0000f158        0x0 C:/Users/cvictor/Desktop/CustomSem_bsp/\libhal_bsp.a(altera_avalon_jtag_uart_read.o)
 .data          0x0000f158        0x0 C:/Users/cvictor/Desktop/CustomSem_bsp/\libhal_bsp.a(altera_avalon_jtag_uart_write.o)
 .data          0x0000f158        0x0 C:/Users/cvictor/Desktop/CustomSem_bsp/\libhal_bsp.a(altera_avalon_timer_sc.o)
 .data          0x0000f158        0x0 C:/Users/cvictor/Desktop/CustomSem_bsp/\libhal_bsp.a(alt_dcache_flush_all.o)
 .data          0x0000f158        0x0 C:/Users/cvictor/Desktop/CustomSem_bsp/\libhal_bsp.a(alt_dev_llist_insert.o)
 .data          0x0000f158        0x0 C:/Users/cvictor/Desktop/CustomSem_bsp/\libhal_bsp.a(alt_do_ctors.o)
 .data          0x0000f158        0x0 C:/Users/cvictor/Desktop/CustomSem_bsp/\libhal_bsp.a(alt_do_dtors.o)
 .data          0x0000f158        0x0 C:/Users/cvictor/Desktop/CustomSem_bsp/\libhal_bsp.a(alt_icache_flush_all.o)
 .data          0x0000f158        0x0 C:/Users/cvictor/Desktop/CustomSem_bsp/\libhal_bsp.a(alt_iic.o)
 .data          0x0000f158        0x0 C:/Users/cvictor/Desktop/CustomSem_bsp/\libhal_bsp.a(alt_iic_isr_register.o)
 .data          0x0000f158        0x0 C:/Users/cvictor/Desktop/CustomSem_bsp/\libhal_bsp.a(alt_io_redirect.o)
 .data          0x0000f158        0x0 C:/Users/cvictor/Desktop/CustomSem_bsp/\libhal_bsp.a(alt_irq_entry.o)
 .data          0x0000f158        0x0 C:/Users/cvictor/Desktop/CustomSem_bsp/\libhal_bsp.a(alt_irq_handler.o)
 .data          0x0000f158        0x0 C:/Users/cvictor/Desktop/CustomSem_bsp/\libhal_bsp.a(alt_irq_vars.o)
 .data          0x0000f158        0x0 C:/Users/cvictor/Desktop/CustomSem_bsp/\libhal_bsp.a(alt_open.o)
 .data          0x0000f158        0x0 C:/Users/cvictor/Desktop/CustomSem_bsp/\libhal_bsp.a(altera_nios2_irq.o)
 .data          0x0000f158        0x0 C:/Users/cvictor/Desktop/CustomSem_bsp/\libhal_bsp.a(alt_exception_entry.o)
 .data          0x0000f158        0x0 C:/Users/cvictor/Desktop/CustomSem_bsp/\libhal_bsp.a(alt_find_dev.o)
 .data          0x0000f158        0x0 C:/Users/cvictor/Desktop/CustomSem_bsp/\libhal_bsp.a(alt_find_file.o)
 .data          0x0000f158        0x0 C:/Users/cvictor/Desktop/CustomSem_bsp/\libhal_bsp.a(alt_get_fd.o)
 .data          0x0000f158        0x0 C:/Users/cvictor/Desktop/CustomSem_bsp/\libhal_bsp.a(alt_icache_flush.o)
 .data          0x0000f158        0x0 c:/altera/11.1/nios2eds/bin/gnu/h-i686-mingw32/bin/../lib/gcc/nios2-elf/4.1.2/../../../../nios2-elf/lib\libc.a(lib_a-atexit.o)
 .data          0x0000f158        0x0 c:/altera/11.1/nios2eds/bin/gnu/h-i686-mingw32/bin/../lib/gcc/nios2-elf/4.1.2/../../../../nios2-elf/lib\libc.a(lib_a-memcmp.o)
 .data          0x0000f158        0x0 c:/altera/11.1/nios2eds/bin/gnu/h-i686-mingw32/bin/../lib/gcc/nios2-elf/4.1.2/../../../../nios2-elf/lib\libc.a(lib_a-__atexit.o)
                0x00017158                _gp = ABSOLUTE ((. + 0x8000))
                0x00017158                PROVIDE (gp, _gp)
 *(.rwdata .rwdata.*)
 *(.sdata .sdata.* .gnu.linkonce.s.*)
 .sdata         0x0000f158        0x8 c:/altera/11.1/nios2eds/bin/gnu/h-i686-mingw32/bin/../lib/gcc/nios2-elf/4.1.2/../../../../nios2-elf/lib\libc.a(lib_a-impure.o)
                0x0000f158                _impure_ptr
                0x0000f15c                _global_impure_ptr
 .sdata         0x0000f160        0x8 c:/altera/11.1/nios2eds/bin/gnu/h-i686-mingw32/bin/../lib/gcc/nios2-elf/4.1.2/../../../../nios2-elf/lib\libc.a(lib_a-mallocr.o)
                0x0000f160                __malloc_trim_threshold
                0x0000f164                __malloc_sbrk_base
 .sdata         0x0000f168        0x8 c:/altera/11.1/nios2eds/bin/gnu/h-i686-mingw32/bin/../lib/gcc/nios2-elf/4.1.2/../../../../nios2-elf/lib\libc.a(lib_a-locale.o)
                0x0000f168                __mb_cur_max
 .sdata         0x0000f170       0x14 C:/Users/cvictor/Desktop/CustomSem_bsp/\libhal_bsp.a(alt_dev.o)
                0x0000f170                alt_fs_list
                0x0000f178                alt_dev_list
                0x0000f180                alt_max_fd
 .sdata         0x0000f184        0x4 C:/Users/cvictor/Desktop/CustomSem_bsp/\libhal_bsp.a(alt_errno.o)
                0x0000f184                alt_errno
 .sdata         0x0000f188        0x4 C:/Users/cvictor/Desktop/CustomSem_bsp/\libhal_bsp.a(alt_sbrk.o)
 .sdata         0x0000f18c        0x8 C:/Users/cvictor/Desktop/CustomSem_bsp/\libhal_bsp.a(alt_tick.o)
                0x0000f18c                alt_alarm_list
 .sdata         0x0000f194        0x4 C:/Users/cvictor/Desktop/CustomSem_bsp/\libhal_bsp.a(alt_irq_vars.o)
                0x0000f194                alt_priority_mask
 *(.sdata2 .sdata2.* .gnu.linkonce.s2.*)
                0x0000f198                . = ALIGN (0x4)
                0x0000f198                _edata = ABSOLUTE (.)
                0x0000f198                PROVIDE (edata, ABSOLUTE (.))
                0x0000f198                PROVIDE (__ram_rwdata_end, ABSOLUTE (.))
                0x0000f198                PROVIDE (__flash_rwdata_start, LOADADDR (.rwdata))

.bss            0x00010bf4      0x33c
                0x00010bf4                __bss_start = ABSOLUTE (.)
                0x00010bf4                PROVIDE (__sbss_start, ABSOLUTE (.))
                0x00010bf4                PROVIDE (___sbss_start, ABSOLUTE (.))
 *(.dynsbss)
 *(.sbss .sbss.* .gnu.linkonce.sb.*)
 .sbss          0x00010bf4        0x8 obj/default/CustomSem.o
                0x00010bf4                waiting
                0x00010bf8                haircut
 .sbss          0x00010bfc       0x18 obj/default/CustomSem.o
                0x00010bfc                mutex
                0x00010c04                stylistAvailable
                0x00010c0c                customerAvailable
 .sbss          0x00010c14        0x4 obj/default/alarm_handler.o
                0x00010c14                alarmflag
 .sbss          0x00010c18        0x8 obj/default/thread_handler.o
 .sbss          0x00010c20        0xc c:/altera/11.1/nios2eds/bin/gnu/h-i686-mingw32/bin/../lib/gcc/nios2-elf/4.1.2/../../../../nios2-elf/lib\libc.a(lib_a-mallocr.o)
                0x00010c20                __malloc_top_pad
                0x00010c24                __malloc_max_sbrked_mem
                0x00010c28                __malloc_max_total_mem
 .sbss          0x00010c2c        0x4 c:/altera/11.1/nios2eds/bin/gnu/h-i686-mingw32/bin/../lib/gcc/nios2-elf/4.1.2/../../../../nios2-elf/lib\libc.a(lib_a-int_errno.o)
                0x00010c2c                errno
 .sbss          0x00010c30        0xc c:/altera/11.1/nios2eds/bin/gnu/h-i686-mingw32/bin/../lib/gcc/nios2-elf/4.1.2/../../../../nios2-elf/lib\libc.a(lib_a-locale.o)
                0x00010c30                __nlocale_changed
                0x00010c34                __mlocale_changed
                0x00010c38                _PathLocale
 .sbss          0x00010c3c        0xc C:/Users/cvictor/Desktop/CustomSem_bsp/\libhal_bsp.a(alt_main.o)
                0x00010c3c                alt_argc
                0x00010c40                alt_argv
                0x00010c44                alt_envp
 .sbss          0x00010c48        0x8 C:/Users/cvictor/Desktop/CustomSem_bsp/\libhal_bsp.a(alt_tick.o)
                0x00010c48                _alt_tick_rate
                0x00010c4c                _alt_nticks
 .sbss          0x00010c50        0x4 C:/Users/cvictor/Desktop/CustomSem_bsp/\libhal_bsp.a(alt_irq_vars.o)
                0x00010c50                alt_irq_active
 *(.sbss2 .sbss2.* .gnu.linkonce.sb2.*)
 *(.scommon)
                0x00010c54                PROVIDE (__sbss_end, ABSOLUTE (.))
                0x00010c54                PROVIDE (___sbss_end, ABSOLUTE (.))
 *(.dynbss)
 *(.bss .bss.* .gnu.linkonce.b.*)
 .bss           0x00010c54        0x0 C:/Users/cvictor/Desktop/CustomSem_bsp//obj/HAL/src/crt0.o
 .bss           0x00010c54        0x0 obj/default/CustomSem.o
 .bss           0x00010c54       0x18 obj/default/alarm_handler.o
 .bss           0x00010c6c        0x0 obj/default/mysem.o
 .bss           0x00010c6c        0xc obj/default/queue.o
 .bss           0x00010c78        0x0 obj/default/thread_handler.o
 .bss           0x00010c78        0x0 obj/default/exception_handler.o
 .bss           0x00010c78        0x0 c:/altera/11.1/nios2eds/bin/gnu/h-i686-mingw32/bin/../lib/gcc/nios2-elf/4.1.2/../../../../nios2-elf/lib\libc.a(lib_a-exit.o)
 .bss           0x00010c78        0x0 c:/altera/11.1/nios2eds/bin/gnu/h-i686-mingw32/bin/../lib/gcc/nios2-elf/4.1.2/../../../../nios2-elf/lib\libc.a(lib_a-impure.o)
 .bss           0x00010c78        0x0 c:/altera/11.1/nios2eds/bin/gnu/h-i686-mingw32/bin/../lib/gcc/nios2-elf/4.1.2/../../../../nios2-elf/lib\libc.a(lib_a-malloc.o)
 .bss           0x00010c78       0x28 c:/altera/11.1/nios2eds/bin/gnu/h-i686-mingw32/bin/../lib/gcc/nios2-elf/4.1.2/../../../../nios2-elf/lib\libc.a(lib_a-mallocr.o)
                0x00010c78                __malloc_current_mallinfo
 .bss           0x00010ca0        0x0 c:/altera/11.1/nios2eds/bin/gnu/h-i686-mingw32/bin/../lib/gcc/nios2-elf/4.1.2/../../../../nios2-elf/lib\libc.a(lib_a-printf.o)
 .bss           0x00010ca0        0x0 c:/altera/11.1/nios2eds/bin/gnu/h-i686-mingw32/bin/../lib/gcc/nios2-elf/4.1.2/../../../../nios2-elf/lib\libc.a(lib_a-putchar.o)
 .bss           0x00010ca0        0x0 c:/altera/11.1/nios2eds/bin/gnu/h-i686-mingw32/bin/../lib/gcc/nios2-elf/4.1.2/../../../../nios2-elf/lib\libc.a(lib_a-puts.o)
 .bss           0x00010ca0        0x0 c:/altera/11.1/nios2eds/bin/gnu/h-i686-mingw32/bin/../lib/gcc/nios2-elf/4.1.2/../../../../nios2-elf/lib\libc.a(lib_a-sbrkr.o)
 .bss           0x00010ca0        0x0 c:/altera/11.1/nios2eds/bin/gnu/h-i686-mingw32/bin/../lib/gcc/nios2-elf/4.1.2/../../../../nios2-elf/lib\libc.a(lib_a-strlen.o)
 .bss           0x00010ca0        0x0 c:/altera/11.1/nios2eds/bin/gnu/h-i686-mingw32/bin/../lib/gcc/nios2-elf/4.1.2/../../../../nios2-elf/lib\libc.a(lib_a-vfprintf.o)
 .bss           0x00010ca0        0x0 c:/altera/11.1/nios2eds/bin/gnu/h-i686-mingw32/bin/../lib/gcc/nios2-elf/4.1.2/../../../../nios2-elf/lib\libc.a(lib_a-wsetup.o)
 .bss           0x00010ca0        0x0 c:/altera/11.1/nios2eds/bin/gnu/h-i686-mingw32/bin/../lib/gcc/nios2-elf/4.1.2/../../../../nios2-elf/lib\libc.a(lib_a-__call_atexit.o)
 .bss           0x00010ca0        0x0 c:/altera/11.1/nios2eds/bin/gnu/h-i686-mingw32/bin/../lib/gcc/nios2-elf/4.1.2/../../../../nios2-elf/lib\libc.a(lib_a-dtoa.o)
 .bss           0x00010ca0        0x0 c:/altera/11.1/nios2eds/bin/gnu/h-i686-mingw32/bin/../lib/gcc/nios2-elf/4.1.2/../../../../nios2-elf/lib\libc.a(lib_a-fflush.o)
 .bss           0x00010ca0        0x0 c:/altera/11.1/nios2eds/bin/gnu/h-i686-mingw32/bin/../lib/gcc/nios2-elf/4.1.2/../../../../nios2-elf/lib\libc.a(lib_a-findfp.o)
 .bss           0x00010ca0        0x0 c:/altera/11.1/nios2eds/bin/gnu/h-i686-mingw32/bin/../lib/gcc/nios2-elf/4.1.2/../../../../nios2-elf/lib\libc.a(lib_a-freer.o)
 .bss           0x00010ca0        0x0 c:/altera/11.1/nios2eds/bin/gnu/h-i686-mingw32/bin/../lib/gcc/nios2-elf/4.1.2/../../../../nios2-elf/lib\libc.a(lib_a-fvwrite.o)
 .bss           0x00010ca0        0x0 c:/altera/11.1/nios2eds/bin/gnu/h-i686-mingw32/bin/../lib/gcc/nios2-elf/4.1.2/../../../../nios2-elf/lib\libc.a(lib_a-fwalk.o)
 .bss           0x00010ca0        0x0 c:/altera/11.1/nios2eds/bin/gnu/h-i686-mingw32/bin/../lib/gcc/nios2-elf/4.1.2/../../../../nios2-elf/lib\libc.a(lib_a-int_errno.o)
 .bss           0x00010ca0        0x0 c:/altera/11.1/nios2eds/bin/gnu/h-i686-mingw32/bin/../lib/gcc/nios2-elf/4.1.2/../../../../nios2-elf/lib\libc.a(lib_a-locale.o)
 .bss           0x00010ca0        0x0 c:/altera/11.1/nios2eds/bin/gnu/h-i686-mingw32/bin/../lib/gcc/nios2-elf/4.1.2/../../../../nios2-elf/lib\libc.a(lib_a-makebuf.o)
 .bss           0x00010ca0        0x0 c:/altera/11.1/nios2eds/bin/gnu/h-i686-mingw32/bin/../lib/gcc/nios2-elf/4.1.2/../../../../nios2-elf/lib\libc.a(lib_a-memchr.o)
 .bss           0x00010ca0        0x0 c:/altera/11.1/nios2eds/bin/gnu/h-i686-mingw32/bin/../lib/gcc/nios2-elf/4.1.2/../../../../nios2-elf/lib\libc.a(lib_a-memcpy.o)
 .bss           0x00010ca0        0x0 c:/altera/11.1/nios2eds/bin/gnu/h-i686-mingw32/bin/../lib/gcc/nios2-elf/4.1.2/../../../../nios2-elf/lib\libc.a(lib_a-memmove.o)
 .bss           0x00010ca0        0x0 c:/altera/11.1/nios2eds/bin/gnu/h-i686-mingw32/bin/../lib/gcc/nios2-elf/4.1.2/../../../../nios2-elf/lib\libc.a(lib_a-memset.o)
 .bss           0x00010ca0        0x0 c:/altera/11.1/nios2eds/bin/gnu/h-i686-mingw32/bin/../lib/gcc/nios2-elf/4.1.2/../../../../nios2-elf/lib\libc.a(lib_a-mprec.o)
 .bss           0x00010ca0        0x0 c:/altera/11.1/nios2eds/bin/gnu/h-i686-mingw32/bin/../lib/gcc/nios2-elf/4.1.2/../../../../nios2-elf/lib\libc.a(lib_a-putc.o)
 .bss           0x00010ca0        0x0 c:/altera/11.1/nios2eds/bin/gnu/h-i686-mingw32/bin/../lib/gcc/nios2-elf/4.1.2/../../../../nios2-elf/lib\libc.a(lib_a-reallocr.o)
 .bss           0x00010ca0        0x0 c:/altera/11.1/nios2eds/bin/gnu/h-i686-mingw32/bin/../lib/gcc/nios2-elf/4.1.2/../../../../nios2-elf/lib\libc.a(lib_a-s_isinfd.o)
 .bss           0x00010ca0        0x0 c:/altera/11.1/nios2eds/bin/gnu/h-i686-mingw32/bin/../lib/gcc/nios2-elf/4.1.2/../../../../nios2-elf/lib\libc.a(lib_a-s_isnand.o)
 .bss           0x00010ca0        0x0 c:/altera/11.1/nios2eds/bin/gnu/h-i686-mingw32/bin/../lib/gcc/nios2-elf/4.1.2/../../../../nios2-elf/lib\libc.a(lib_a-stdio.o)
 .bss           0x00010ca0        0x0 c:/altera/11.1/nios2eds/bin/gnu/h-i686-mingw32/bin/../lib/gcc/nios2-elf/4.1.2/../../../../nios2-elf/lib\libc.a(lib_a-strcmp.o)
 .bss           0x00010ca0        0x0 c:/altera/11.1/nios2eds/bin/gnu/h-i686-mingw32/bin/../lib/gcc/nios2-elf/4.1.2/../../../../nios2-elf/lib\libc.a(lib_a-wbuf.o)
 .bss           0x00010ca0        0x0 c:/altera/11.1/nios2eds/bin/gnu/h-i686-mingw32/bin/../lib/gcc/nios2-elf/4.1.2/../../../../nios2-elf/lib\libc.a(lib_a-writer.o)
 .bss           0x00010ca0        0x0 c:/altera/11.1/nios2eds/bin/gnu/h-i686-mingw32/bin/../lib/gcc/nios2-elf/4.1.2/../../../../nios2-elf/lib\libc.a(lib_a-callocr.o)
 .bss           0x00010ca0        0x0 c:/altera/11.1/nios2eds/bin/gnu/h-i686-mingw32/bin/../lib/gcc/nios2-elf/4.1.2/../../../../nios2-elf/lib\libc.a(lib_a-closer.o)
 .bss           0x00010ca0        0x0 c:/altera/11.1/nios2eds/bin/gnu/h-i686-mingw32/bin/../lib/gcc/nios2-elf/4.1.2/../../../../nios2-elf/lib\libc.a(lib_a-fclose.o)
 .bss           0x00010ca0        0x0 c:/altera/11.1/nios2eds/bin/gnu/h-i686-mingw32/bin/../lib/gcc/nios2-elf/4.1.2/../../../../nios2-elf/lib\libc.a(lib_a-fstatr.o)
 .bss           0x00010ca0        0x0 c:/altera/11.1/nios2eds/bin/gnu/h-i686-mingw32/bin/../lib/gcc/nios2-elf/4.1.2/../../../../nios2-elf/lib\libc.a(lib_a-isattyr.o)
 .bss           0x00010ca0        0x0 c:/altera/11.1/nios2eds/bin/gnu/h-i686-mingw32/bin/../lib/gcc/nios2-elf/4.1.2/../../../../nios2-elf/lib\libc.a(lib_a-lseekr.o)
 .bss           0x00010ca0        0x0 c:/altera/11.1/nios2eds/bin/gnu/h-i686-mingw32/bin/../lib/gcc/nios2-elf/4.1.2/../../../../nios2-elf/lib\libc.a(lib_a-readr.o)
 .bss           0x00010ca0        0x0 c:/altera/11.1/nios2eds/bin/gnu/h-i686-mingw32/bin/../lib/gcc/nios2-elf/4.1.2\libgcc.a(_udivdi3.o)
 .bss           0x00010ca0        0x0 c:/altera/11.1/nios2eds/bin/gnu/h-i686-mingw32/bin/../lib/gcc/nios2-elf/4.1.2\libgcc.a(_umoddi3.o)
 .bss           0x00010ca0        0x0 c:/altera/11.1/nios2eds/bin/gnu/h-i686-mingw32/bin/../lib/gcc/nios2-elf/4.1.2\libgcc.a(_addsub_df.o)
 .bss           0x00010ca0        0x0 c:/altera/11.1/nios2eds/bin/gnu/h-i686-mingw32/bin/../lib/gcc/nios2-elf/4.1.2\libgcc.a(_mul_df.o)
 .bss           0x00010ca0        0x0 c:/altera/11.1/nios2eds/bin/gnu/h-i686-mingw32/bin/../lib/gcc/nios2-elf/4.1.2\libgcc.a(_div_df.o)
 .bss           0x00010ca0        0x0 c:/altera/11.1/nios2eds/bin/gnu/h-i686-mingw32/bin/../lib/gcc/nios2-elf/4.1.2\libgcc.a(_eq_df.o)
 .bss           0x00010ca0        0x0 c:/altera/11.1/nios2eds/bin/gnu/h-i686-mingw32/bin/../lib/gcc/nios2-elf/4.1.2\libgcc.a(_ne_df.o)
 .bss           0x00010ca0        0x0 c:/altera/11.1/nios2eds/bin/gnu/h-i686-mingw32/bin/../lib/gcc/nios2-elf/4.1.2\libgcc.a(_gt_df.o)
 .bss           0x00010ca0        0x0 c:/altera/11.1/nios2eds/bin/gnu/h-i686-mingw32/bin/../lib/gcc/nios2-elf/4.1.2\libgcc.a(_ge_df.o)
 .bss           0x00010ca0        0x0 c:/altera/11.1/nios2eds/bin/gnu/h-i686-mingw32/bin/../lib/gcc/nios2-elf/4.1.2\libgcc.a(_lt_df.o)
 .bss           0x00010ca0        0x0 c:/altera/11.1/nios2eds/bin/gnu/h-i686-mingw32/bin/../lib/gcc/nios2-elf/4.1.2\libgcc.a(_si_to_df.o)
 .bss           0x00010ca0        0x0 c:/altera/11.1/nios2eds/bin/gnu/h-i686-mingw32/bin/../lib/gcc/nios2-elf/4.1.2\libgcc.a(_df_to_si.o)
 .bss           0x00010ca0        0x0 c:/altera/11.1/nios2eds/bin/gnu/h-i686-mingw32/bin/../lib/gcc/nios2-elf/4.1.2\libgcc.a(_thenan_df.o)
 .bss           0x00010ca0        0x0 c:/altera/11.1/nios2eds/bin/gnu/h-i686-mingw32/bin/../lib/gcc/nios2-elf/4.1.2\libgcc.a(_usi_to_df.o)
 .bss           0x00010ca0        0x0 c:/altera/11.1/nios2eds/bin/gnu/h-i686-mingw32/bin/../lib/gcc/nios2-elf/4.1.2\libgcc.a(lib2-divmod.o)
 .bss           0x00010ca0        0x0 c:/altera/11.1/nios2eds/bin/gnu/h-i686-mingw32/bin/../lib/gcc/nios2-elf/4.1.2\libgcc.a(_muldi3.o)
 .bss           0x00010ca0        0x0 c:/altera/11.1/nios2eds/bin/gnu/h-i686-mingw32/bin/../lib/gcc/nios2-elf/4.1.2\libgcc.a(_clz.o)
 .bss           0x00010ca0        0x0 c:/altera/11.1/nios2eds/bin/gnu/h-i686-mingw32/bin/../lib/gcc/nios2-elf/4.1.2\libgcc.a(_clzsi2.o)
 .bss           0x00010ca0        0x0 c:/altera/11.1/nios2eds/bin/gnu/h-i686-mingw32/bin/../lib/gcc/nios2-elf/4.1.2\libgcc.a(_pack_df.o)
 .bss           0x00010ca0        0x0 c:/altera/11.1/nios2eds/bin/gnu/h-i686-mingw32/bin/../lib/gcc/nios2-elf/4.1.2\libgcc.a(_unpack_df.o)
 .bss           0x00010ca0        0x0 c:/altera/11.1/nios2eds/bin/gnu/h-i686-mingw32/bin/../lib/gcc/nios2-elf/4.1.2\libgcc.a(_fpcmp_parts_df.o)
 .bss           0x00010ca0        0x0 C:/Users/cvictor/Desktop/CustomSem_bsp/\libhal_bsp.a(alt_alarm_start.o)
 .bss           0x00010ca0        0x0 C:/Users/cvictor/Desktop/CustomSem_bsp/\libhal_bsp.a(alt_close.o)
 .bss           0x00010ca0        0x0 C:/Users/cvictor/Desktop/CustomSem_bsp/\libhal_bsp.a(alt_dev.o)
 .bss           0x00010ca0        0x0 C:/Users/cvictor/Desktop/CustomSem_bsp/\libhal_bsp.a(alt_errno.o)
 .bss           0x00010ca0        0x0 C:/Users/cvictor/Desktop/CustomSem_bsp/\libhal_bsp.a(alt_exit.o)
 .bss           0x00010ca0        0x0 C:/Users/cvictor/Desktop/CustomSem_bsp/\libhal_bsp.a(alt_fstat.o)
 .bss           0x00010ca0        0x0 C:/Users/cvictor/Desktop/CustomSem_bsp/\libhal_bsp.a(alt_isatty.o)
 .bss           0x00010ca0        0x0 C:/Users/cvictor/Desktop/CustomSem_bsp/\libhal_bsp.a(alt_load.o)
 .bss           0x00010ca0        0x0 C:/Users/cvictor/Desktop/CustomSem_bsp/\libhal_bsp.a(alt_lseek.o)
 .bss           0x00010ca0        0x0 C:/Users/cvictor/Desktop/CustomSem_bsp/\libhal_bsp.a(alt_main.o)
 .bss           0x00010ca0        0x0 C:/Users/cvictor/Desktop/CustomSem_bsp/\libhal_bsp.a(alt_malloc_lock.o)
 .bss           0x00010ca0        0x0 C:/Users/cvictor/Desktop/CustomSem_bsp/\libhal_bsp.a(alt_read.o)
 .bss           0x00010ca0        0x0 C:/Users/cvictor/Desktop/CustomSem_bsp/\libhal_bsp.a(alt_release_fd.o)
 .bss           0x00010ca0        0x0 C:/Users/cvictor/Desktop/CustomSem_bsp/\libhal_bsp.a(alt_sbrk.o)
 .bss           0x00010ca0        0x0 C:/Users/cvictor/Desktop/CustomSem_bsp/\libhal_bsp.a(alt_tick.o)
 .bss           0x00010ca0        0x0 C:/Users/cvictor/Desktop/CustomSem_bsp/\libhal_bsp.a(alt_write.o)
 .bss           0x00010ca0        0x0 C:/Users/cvictor/Desktop/CustomSem_bsp/\libhal_bsp.a(alt_sys_init.o)
 .bss           0x00010ca0        0x0 C:/Users/cvictor/Desktop/CustomSem_bsp/\libhal_bsp.a(altera_avalon_jtag_uart_fd.o)
 .bss           0x00010ca0        0x0 C:/Users/cvictor/Desktop/CustomSem_bsp/\libhal_bsp.a(altera_avalon_jtag_uart_init.o)
 .bss           0x00010ca0        0x0 C:/Users/cvictor/Desktop/CustomSem_bsp/\libhal_bsp.a(altera_avalon_jtag_uart_ioctl.o)
 .bss           0x00010ca0        0x0 C:/Users/cvictor/Desktop/CustomSem_bsp/\libhal_bsp.a(altera_avalon_jtag_uart_read.o)
 .bss           0x00010ca0        0x0 C:/Users/cvictor/Desktop/CustomSem_bsp/\libhal_bsp.a(altera_avalon_jtag_uart_write.o)
 .bss           0x00010ca0        0x0 C:/Users/cvictor/Desktop/CustomSem_bsp/\libhal_bsp.a(altera_avalon_timer_sc.o)
 .bss           0x00010ca0        0x0 C:/Users/cvictor/Desktop/CustomSem_bsp/\libhal_bsp.a(alt_dcache_flush_all.o)
 .bss           0x00010ca0        0x0 C:/Users/cvictor/Desktop/CustomSem_bsp/\libhal_bsp.a(alt_dev_llist_insert.o)
 .bss           0x00010ca0        0x0 C:/Users/cvictor/Desktop/CustomSem_bsp/\libhal_bsp.a(alt_do_ctors.o)
 .bss           0x00010ca0        0x0 C:/Users/cvictor/Desktop/CustomSem_bsp/\libhal_bsp.a(alt_do_dtors.o)
 .bss           0x00010ca0        0x0 C:/Users/cvictor/Desktop/CustomSem_bsp/\libhal_bsp.a(alt_icache_flush_all.o)
 .bss           0x00010ca0        0x0 C:/Users/cvictor/Desktop/CustomSem_bsp/\libhal_bsp.a(alt_iic.o)
 .bss           0x00010ca0        0x0 C:/Users/cvictor/Desktop/CustomSem_bsp/\libhal_bsp.a(alt_iic_isr_register.o)
 .bss           0x00010ca0        0x0 C:/Users/cvictor/Desktop/CustomSem_bsp/\libhal_bsp.a(alt_io_redirect.o)
 .bss           0x00010ca0        0x0 C:/Users/cvictor/Desktop/CustomSem_bsp/\libhal_bsp.a(alt_irq_entry.o)
 .bss           0x00010ca0        0x0 C:/Users/cvictor/Desktop/CustomSem_bsp/\libhal_bsp.a(alt_irq_handler.o)
 .bss           0x00010ca0        0x0 C:/Users/cvictor/Desktop/CustomSem_bsp/\libhal_bsp.a(alt_irq_vars.o)
 .bss           0x00010ca0        0x0 C:/Users/cvictor/Desktop/CustomSem_bsp/\libhal_bsp.a(alt_open.o)
 .bss           0x00010ca0        0x0 C:/Users/cvictor/Desktop/CustomSem_bsp/\libhal_bsp.a(altera_nios2_irq.o)
 .bss           0x00010ca0        0x0 C:/Users/cvictor/Desktop/CustomSem_bsp/\libhal_bsp.a(alt_exception_entry.o)
 .bss           0x00010ca0        0x0 C:/Users/cvictor/Desktop/CustomSem_bsp/\libhal_bsp.a(alt_find_dev.o)
 .bss           0x00010ca0        0x0 C:/Users/cvictor/Desktop/CustomSem_bsp/\libhal_bsp.a(alt_find_file.o)
 .bss           0x00010ca0        0x0 C:/Users/cvictor/Desktop/CustomSem_bsp/\libhal_bsp.a(alt_get_fd.o)
 .bss           0x00010ca0        0x0 C:/Users/cvictor/Desktop/CustomSem_bsp/\libhal_bsp.a(alt_icache_flush.o)
 .bss           0x00010ca0        0x0 c:/altera/11.1/nios2eds/bin/gnu/h-i686-mingw32/bin/../lib/gcc/nios2-elf/4.1.2/../../../../nios2-elf/lib\libc.a(lib_a-atexit.o)
 .bss           0x00010ca0        0x0 c:/altera/11.1/nios2eds/bin/gnu/h-i686-mingw32/bin/../lib/gcc/nios2-elf/4.1.2/../../../../nios2-elf/lib\libc.a(lib_a-memcmp.o)
 .bss           0x00010ca0        0x0 c:/altera/11.1/nios2eds/bin/gnu/h-i686-mingw32/bin/../lib/gcc/nios2-elf/4.1.2/../../../../nios2-elf/lib\libc.a(lib_a-__atexit.o)
 *(COMMON)
 COMMON         0x00010ca0      0x100 C:/Users/cvictor/Desktop/CustomSem_bsp/\libhal_bsp.a(alt_irq_handler.o)
                0x00010ca0                alt_irq
 COMMON         0x00010da0      0x190 c:/altera/11.1/nios2eds/bin/gnu/h-i686-mingw32/bin/../lib/gcc/nios2-elf/4.1.2/../../../../nios2-elf/lib\libc.a(lib_a-atexit.o)
                0x00010da0                _atexit0
                0x00010f30                . = ALIGN (0x4)
                0x00010f30                __bss_end = ABSOLUTE (.)

.SDRAM          0x00010f30        0x0
                0x00010f30                PROVIDE (_alt_partition_SDRAM_start, ABSOLUTE (.))
 *(.SDRAM. SDRAM.*)
                0x00010f30                . = ALIGN (0x4)
                0x00010f30                PROVIDE (_alt_partition_SDRAM_end, ABSOLUTE (.))
                0x00010f30                _end = ABSOLUTE (.)
                0x00010f30                end = ABSOLUTE (.)
                0x00010f30                __alt_stack_base = ABSOLUTE (.)
                0x00010f30                PROVIDE (_alt_partition_SDRAM_load_addr, LOADADDR (.SDRAM))

.SRAM           0x08000000        0x0 load address 0x00010f30
                0x08000000                PROVIDE (_alt_partition_SRAM_start, ABSOLUTE (.))
 *(.SRAM. SRAM.*)
                0x08000000                . = ALIGN (0x4)
                0x08000000                PROVIDE (_alt_partition_SRAM_end, ABSOLUTE (.))
                0x00010f30                PROVIDE (_alt_partition_SRAM_load_addr, LOADADDR (.SRAM))

.Onchip_memory  0x09000000        0x0 load address 0x00010f30
                0x09000000                PROVIDE (_alt_partition_Onchip_memory_start, ABSOLUTE (.))
 *(.Onchip_memory. Onchip_memory.*)
                0x09000000                . = ALIGN (0x4)
                0x09000000                PROVIDE (_alt_partition_Onchip_memory_end, ABSOLUTE (.))
                0x00010f30                PROVIDE (_alt_partition_Onchip_memory_load_addr, LOADADDR (.Onchip_memory))

.stab
 *(.stab)

.stabstr
 *(.stabstr)

.stab.excl
 *(.stab.excl)

.stab.exclstr
 *(.stab.exclstr)

.stab.index
 *(.stab.index)

.stab.indexstr
 *(.stab.indexstr)

.comment        0x00000000       0x23
 *(.comment)
 .comment       0x00000000       0x23 obj/default/CustomSem.o
                                 0x24 (size before relaxing)
 .comment       0x00000000       0x24 obj/default/alarm_handler.o
 .comment       0x00000000       0x24 obj/default/mysem.o
 .comment       0x00000000       0x24 obj/default/queue.o
 .comment       0x00000000       0x24 obj/default/thread_handler.o
 .comment       0x00000000       0x24 c:/altera/11.1/nios2eds/bin/gnu/h-i686-mingw32/bin/../lib/gcc/nios2-elf/4.1.2/../../../../nios2-elf/lib\libc.a(lib_a-exit.o)
 .comment       0x00000000       0x24 c:/altera/11.1/nios2eds/bin/gnu/h-i686-mingw32/bin/../lib/gcc/nios2-elf/4.1.2/../../../../nios2-elf/lib\libc.a(lib_a-impure.o)
 .comment       0x00000000       0x24 c:/altera/11.1/nios2eds/bin/gnu/h-i686-mingw32/bin/../lib/gcc/nios2-elf/4.1.2/../../../../nios2-elf/lib\libc.a(lib_a-malloc.o)
 .comment       0x00000000       0x24 c:/altera/11.1/nios2eds/bin/gnu/h-i686-mingw32/bin/../lib/gcc/nios2-elf/4.1.2/../../../../nios2-elf/lib\libc.a(lib_a-mallocr.o)
 .comment       0x00000000       0x24 c:/altera/11.1/nios2eds/bin/gnu/h-i686-mingw32/bin/../lib/gcc/nios2-elf/4.1.2/../../../../nios2-elf/lib\libc.a(lib_a-printf.o)
 .comment       0x00000000       0x24 c:/altera/11.1/nios2eds/bin/gnu/h-i686-mingw32/bin/../lib/gcc/nios2-elf/4.1.2/../../../../nios2-elf/lib\libc.a(lib_a-putchar.o)
 .comment       0x00000000       0x24 c:/altera/11.1/nios2eds/bin/gnu/h-i686-mingw32/bin/../lib/gcc/nios2-elf/4.1.2/../../../../nios2-elf/lib\libc.a(lib_a-puts.o)
 .comment       0x00000000       0x24 c:/altera/11.1/nios2eds/bin/gnu/h-i686-mingw32/bin/../lib/gcc/nios2-elf/4.1.2/../../../../nios2-elf/lib\libc.a(lib_a-sbrkr.o)
 .comment       0x00000000       0x24 c:/altera/11.1/nios2eds/bin/gnu/h-i686-mingw32/bin/../lib/gcc/nios2-elf/4.1.2/../../../../nios2-elf/lib\libc.a(lib_a-strlen.o)
 .comment       0x00000000       0x24 c:/altera/11.1/nios2eds/bin/gnu/h-i686-mingw32/bin/../lib/gcc/nios2-elf/4.1.2/../../../../nios2-elf/lib\libc.a(lib_a-vfprintf.o)
 .comment       0x00000000       0x24 c:/altera/11.1/nios2eds/bin/gnu/h-i686-mingw32/bin/../lib/gcc/nios2-elf/4.1.2/../../../../nios2-elf/lib\libc.a(lib_a-wsetup.o)
 .comment       0x00000000       0x24 c:/altera/11.1/nios2eds/bin/gnu/h-i686-mingw32/bin/../lib/gcc/nios2-elf/4.1.2/../../../../nios2-elf/lib\libc.a(lib_a-__call_atexit.o)
 .comment       0x00000000       0x24 c:/altera/11.1/nios2eds/bin/gnu/h-i686-mingw32/bin/../lib/gcc/nios2-elf/4.1.2/../../../../nios2-elf/lib\libc.a(lib_a-dtoa.o)
 .comment       0x00000000       0x24 c:/altera/11.1/nios2eds/bin/gnu/h-i686-mingw32/bin/../lib/gcc/nios2-elf/4.1.2/../../../../nios2-elf/lib\libc.a(lib_a-fflush.o)
 .comment       0x00000000       0x24 c:/altera/11.1/nios2eds/bin/gnu/h-i686-mingw32/bin/../lib/gcc/nios2-elf/4.1.2/../../../../nios2-elf/lib\libc.a(lib_a-findfp.o)
 .comment       0x00000000       0x24 c:/altera/11.1/nios2eds/bin/gnu/h-i686-mingw32/bin/../lib/gcc/nios2-elf/4.1.2/../../../../nios2-elf/lib\libc.a(lib_a-freer.o)
 .comment       0x00000000       0x24 c:/altera/11.1/nios2eds/bin/gnu/h-i686-mingw32/bin/../lib/gcc/nios2-elf/4.1.2/../../../../nios2-elf/lib\libc.a(lib_a-fvwrite.o)
 .comment       0x00000000       0x24 c:/altera/11.1/nios2eds/bin/gnu/h-i686-mingw32/bin/../lib/gcc/nios2-elf/4.1.2/../../../../nios2-elf/lib\libc.a(lib_a-fwalk.o)
 .comment       0x00000000       0x24 c:/altera/11.1/nios2eds/bin/gnu/h-i686-mingw32/bin/../lib/gcc/nios2-elf/4.1.2/../../../../nios2-elf/lib\libc.a(lib_a-int_errno.o)
 .comment       0x00000000       0x24 c:/altera/11.1/nios2eds/bin/gnu/h-i686-mingw32/bin/../lib/gcc/nios2-elf/4.1.2/../../../../nios2-elf/lib\libc.a(lib_a-locale.o)
 .comment       0x00000000       0x24 c:/altera/11.1/nios2eds/bin/gnu/h-i686-mingw32/bin/../lib/gcc/nios2-elf/4.1.2/../../../../nios2-elf/lib\libc.a(lib_a-makebuf.o)
 .comment       0x00000000       0x24 c:/altera/11.1/nios2eds/bin/gnu/h-i686-mingw32/bin/../lib/gcc/nios2-elf/4.1.2/../../../../nios2-elf/lib\libc.a(lib_a-memchr.o)
 .comment       0x00000000       0x24 c:/altera/11.1/nios2eds/bin/gnu/h-i686-mingw32/bin/../lib/gcc/nios2-elf/4.1.2/../../../../nios2-elf/lib\libc.a(lib_a-memcpy.o)
 .comment       0x00000000       0x24 c:/altera/11.1/nios2eds/bin/gnu/h-i686-mingw32/bin/../lib/gcc/nios2-elf/4.1.2/../../../../nios2-elf/lib\libc.a(lib_a-memmove.o)
 .comment       0x00000000       0x24 c:/altera/11.1/nios2eds/bin/gnu/h-i686-mingw32/bin/../lib/gcc/nios2-elf/4.1.2/../../../../nios2-elf/lib\libc.a(lib_a-memset.o)
 .comment       0x00000000       0x24 c:/altera/11.1/nios2eds/bin/gnu/h-i686-mingw32/bin/../lib/gcc/nios2-elf/4.1.2/../../../../nios2-elf/lib\libc.a(lib_a-mprec.o)
 .comment       0x00000000       0x24 c:/altera/11.1/nios2eds/bin/gnu/h-i686-mingw32/bin/../lib/gcc/nios2-elf/4.1.2/../../../../nios2-elf/lib\libc.a(lib_a-putc.o)
 .comment       0x00000000       0x24 c:/altera/11.1/nios2eds/bin/gnu/h-i686-mingw32/bin/../lib/gcc/nios2-elf/4.1.2/../../../../nios2-elf/lib\libc.a(lib_a-reallocr.o)
 .comment       0x00000000       0x24 c:/altera/11.1/nios2eds/bin/gnu/h-i686-mingw32/bin/../lib/gcc/nios2-elf/4.1.2/../../../../nios2-elf/lib\libc.a(lib_a-s_isinfd.o)
 .comment       0x00000000       0x24 c:/altera/11.1/nios2eds/bin/gnu/h-i686-mingw32/bin/../lib/gcc/nios2-elf/4.1.2/../../../../nios2-elf/lib\libc.a(lib_a-s_isnand.o)
 .comment       0x00000000       0x24 c:/altera/11.1/nios2eds/bin/gnu/h-i686-mingw32/bin/../lib/gcc/nios2-elf/4.1.2/../../../../nios2-elf/lib\libc.a(lib_a-stdio.o)
 .comment       0x00000000       0x24 c:/altera/11.1/nios2eds/bin/gnu/h-i686-mingw32/bin/../lib/gcc/nios2-elf/4.1.2/../../../../nios2-elf/lib\libc.a(lib_a-strcmp.o)
 .comment       0x00000000       0x24 c:/altera/11.1/nios2eds/bin/gnu/h-i686-mingw32/bin/../lib/gcc/nios2-elf/4.1.2/../../../../nios2-elf/lib\libc.a(lib_a-wbuf.o)
 .comment       0x00000000       0x24 c:/altera/11.1/nios2eds/bin/gnu/h-i686-mingw32/bin/../lib/gcc/nios2-elf/4.1.2/../../../../nios2-elf/lib\libc.a(lib_a-writer.o)
 .comment       0x00000000       0x24 c:/altera/11.1/nios2eds/bin/gnu/h-i686-mingw32/bin/../lib/gcc/nios2-elf/4.1.2/../../../../nios2-elf/lib\libc.a(lib_a-callocr.o)
 .comment       0x00000000       0x24 c:/altera/11.1/nios2eds/bin/gnu/h-i686-mingw32/bin/../lib/gcc/nios2-elf/4.1.2/../../../../nios2-elf/lib\libc.a(lib_a-closer.o)
 .comment       0x00000000       0x24 c:/altera/11.1/nios2eds/bin/gnu/h-i686-mingw32/bin/../lib/gcc/nios2-elf/4.1.2/../../../../nios2-elf/lib\libc.a(lib_a-fclose.o)
 .comment       0x00000000       0x24 c:/altera/11.1/nios2eds/bin/gnu/h-i686-mingw32/bin/../lib/gcc/nios2-elf/4.1.2/../../../../nios2-elf/lib\libc.a(lib_a-fstatr.o)
 .comment       0x00000000       0x24 c:/altera/11.1/nios2eds/bin/gnu/h-i686-mingw32/bin/../lib/gcc/nios2-elf/4.1.2/../../../../nios2-elf/lib\libc.a(lib_a-isattyr.o)
 .comment       0x00000000       0x24 c:/altera/11.1/nios2eds/bin/gnu/h-i686-mingw32/bin/../lib/gcc/nios2-elf/4.1.2/../../../../nios2-elf/lib\libc.a(lib_a-lseekr.o)
 .comment       0x00000000       0x24 c:/altera/11.1/nios2eds/bin/gnu/h-i686-mingw32/bin/../lib/gcc/nios2-elf/4.1.2/../../../../nios2-elf/lib\libc.a(lib_a-readr.o)
 .comment       0x00000000       0x24 c:/altera/11.1/nios2eds/bin/gnu/h-i686-mingw32/bin/../lib/gcc/nios2-elf/4.1.2\libgcc.a(_udivdi3.o)
 .comment       0x00000000       0x24 c:/altera/11.1/nios2eds/bin/gnu/h-i686-mingw32/bin/../lib/gcc/nios2-elf/4.1.2\libgcc.a(_umoddi3.o)
 .comment       0x00000000       0x24 c:/altera/11.1/nios2eds/bin/gnu/h-i686-mingw32/bin/../lib/gcc/nios2-elf/4.1.2\libgcc.a(_addsub_df.o)
 .comment       0x00000000       0x24 c:/altera/11.1/nios2eds/bin/gnu/h-i686-mingw32/bin/../lib/gcc/nios2-elf/4.1.2\libgcc.a(_mul_df.o)
 .comment       0x00000000       0x24 c:/altera/11.1/nios2eds/bin/gnu/h-i686-mingw32/bin/../lib/gcc/nios2-elf/4.1.2\libgcc.a(_div_df.o)
 .comment       0x00000000       0x24 c:/altera/11.1/nios2eds/bin/gnu/h-i686-mingw32/bin/../lib/gcc/nios2-elf/4.1.2\libgcc.a(_eq_df.o)
 .comment       0x00000000       0x24 c:/altera/11.1/nios2eds/bin/gnu/h-i686-mingw32/bin/../lib/gcc/nios2-elf/4.1.2\libgcc.a(_ne_df.o)
 .comment       0x00000000       0x24 c:/altera/11.1/nios2eds/bin/gnu/h-i686-mingw32/bin/../lib/gcc/nios2-elf/4.1.2\libgcc.a(_gt_df.o)
 .comment       0x00000000       0x24 c:/altera/11.1/nios2eds/bin/gnu/h-i686-mingw32/bin/../lib/gcc/nios2-elf/4.1.2\libgcc.a(_ge_df.o)
 .comment       0x00000000       0x24 c:/altera/11.1/nios2eds/bin/gnu/h-i686-mingw32/bin/../lib/gcc/nios2-elf/4.1.2\libgcc.a(_lt_df.o)
 .comment       0x00000000       0x24 c:/altera/11.1/nios2eds/bin/gnu/h-i686-mingw32/bin/../lib/gcc/nios2-elf/4.1.2\libgcc.a(_si_to_df.o)
 .comment       0x00000000       0x24 c:/altera/11.1/nios2eds/bin/gnu/h-i686-mingw32/bin/../lib/gcc/nios2-elf/4.1.2\libgcc.a(_df_to_si.o)
 .comment       0x00000000       0x24 c:/altera/11.1/nios2eds/bin/gnu/h-i686-mingw32/bin/../lib/gcc/nios2-elf/4.1.2\libgcc.a(_thenan_df.o)
 .comment       0x00000000       0x24 c:/altera/11.1/nios2eds/bin/gnu/h-i686-mingw32/bin/../lib/gcc/nios2-elf/4.1.2\libgcc.a(_usi_to_df.o)
 .comment       0x00000000       0x24 c:/altera/11.1/nios2eds/bin/gnu/h-i686-mingw32/bin/../lib/gcc/nios2-elf/4.1.2\libgcc.a(lib2-divmod.o)
 .comment       0x00000000       0x24 c:/altera/11.1/nios2eds/bin/gnu/h-i686-mingw32/bin/../lib/gcc/nios2-elf/4.1.2\libgcc.a(_muldi3.o)
 .comment       0x00000000       0x24 c:/altera/11.1/nios2eds/bin/gnu/h-i686-mingw32/bin/../lib/gcc/nios2-elf/4.1.2\libgcc.a(_clz.o)
 .comment       0x00000000       0x24 c:/altera/11.1/nios2eds/bin/gnu/h-i686-mingw32/bin/../lib/gcc/nios2-elf/4.1.2\libgcc.a(_clzsi2.o)
 .comment       0x00000000       0x24 c:/altera/11.1/nios2eds/bin/gnu/h-i686-mingw32/bin/../lib/gcc/nios2-elf/4.1.2\libgcc.a(_pack_df.o)
 .comment       0x00000000       0x24 c:/altera/11.1/nios2eds/bin/gnu/h-i686-mingw32/bin/../lib/gcc/nios2-elf/4.1.2\libgcc.a(_unpack_df.o)
 .comment       0x00000000       0x24 c:/altera/11.1/nios2eds/bin/gnu/h-i686-mingw32/bin/../lib/gcc/nios2-elf/4.1.2\libgcc.a(_fpcmp_parts_df.o)
 .comment       0x00000000       0x24 C:/Users/cvictor/Desktop/CustomSem_bsp/\libhal_bsp.a(alt_alarm_start.o)
 .comment       0x00000000       0x24 C:/Users/cvictor/Desktop/CustomSem_bsp/\libhal_bsp.a(alt_close.o)
 .comment       0x00000000       0x24 C:/Users/cvictor/Desktop/CustomSem_bsp/\libhal_bsp.a(alt_dev.o)
 .comment       0x00000000       0x24 C:/Users/cvictor/Desktop/CustomSem_bsp/\libhal_bsp.a(alt_errno.o)
 .comment       0x00000000       0x24 C:/Users/cvictor/Desktop/CustomSem_bsp/\libhal_bsp.a(alt_exit.o)
 .comment       0x00000000       0x24 C:/Users/cvictor/Desktop/CustomSem_bsp/\libhal_bsp.a(alt_fstat.o)
 .comment       0x00000000       0x24 C:/Users/cvictor/Desktop/CustomSem_bsp/\libhal_bsp.a(alt_isatty.o)
 .comment       0x00000000       0x24 C:/Users/cvictor/Desktop/CustomSem_bsp/\libhal_bsp.a(alt_load.o)
 .comment       0x00000000       0x24 C:/Users/cvictor/Desktop/CustomSem_bsp/\libhal_bsp.a(alt_lseek.o)
 .comment       0x00000000       0x24 C:/Users/cvictor/Desktop/CustomSem_bsp/\libhal_bsp.a(alt_main.o)
 .comment       0x00000000       0x24 C:/Users/cvictor/Desktop/CustomSem_bsp/\libhal_bsp.a(alt_malloc_lock.o)
 .comment       0x00000000       0x24 C:/Users/cvictor/Desktop/CustomSem_bsp/\libhal_bsp.a(alt_read.o)
 .comment       0x00000000       0x24 C:/Users/cvictor/Desktop/CustomSem_bsp/\libhal_bsp.a(alt_release_fd.o)
 .comment       0x00000000       0x24 C:/Users/cvictor/Desktop/CustomSem_bsp/\libhal_bsp.a(alt_sbrk.o)
 .comment       0x00000000       0x24 C:/Users/cvictor/Desktop/CustomSem_bsp/\libhal_bsp.a(alt_tick.o)
 .comment       0x00000000       0x24 C:/Users/cvictor/Desktop/CustomSem_bsp/\libhal_bsp.a(alt_write.o)
 .comment       0x00000000       0x24 C:/Users/cvictor/Desktop/CustomSem_bsp/\libhal_bsp.a(alt_sys_init.o)
 .comment       0x00000000       0x24 C:/Users/cvictor/Desktop/CustomSem_bsp/\libhal_bsp.a(altera_avalon_jtag_uart_fd.o)
 .comment       0x00000000       0x24 C:/Users/cvictor/Desktop/CustomSem_bsp/\libhal_bsp.a(altera_avalon_jtag_uart_init.o)
 .comment       0x00000000       0x24 C:/Users/cvictor/Desktop/CustomSem_bsp/\libhal_bsp.a(altera_avalon_jtag_uart_ioctl.o)
 .comment       0x00000000       0x24 C:/Users/cvictor/Desktop/CustomSem_bsp/\libhal_bsp.a(altera_avalon_jtag_uart_read.o)
 .comment       0x00000000       0x24 C:/Users/cvictor/Desktop/CustomSem_bsp/\libhal_bsp.a(altera_avalon_jtag_uart_write.o)
 .comment       0x00000000       0x24 C:/Users/cvictor/Desktop/CustomSem_bsp/\libhal_bsp.a(altera_avalon_timer_sc.o)
 .comment       0x00000000       0x24 C:/Users/cvictor/Desktop/CustomSem_bsp/\libhal_bsp.a(alt_dcache_flush_all.o)
 .comment       0x00000000       0x24 C:/Users/cvictor/Desktop/CustomSem_bsp/\libhal_bsp.a(alt_dev_llist_insert.o)
 .comment       0x00000000       0x24 C:/Users/cvictor/Desktop/CustomSem_bsp/\libhal_bsp.a(alt_do_ctors.o)
 .comment       0x00000000       0x24 C:/Users/cvictor/Desktop/CustomSem_bsp/\libhal_bsp.a(alt_do_dtors.o)
 .comment       0x00000000       0x24 C:/Users/cvictor/Desktop/CustomSem_bsp/\libhal_bsp.a(alt_icache_flush_all.o)
 .comment       0x00000000       0x24 C:/Users/cvictor/Desktop/CustomSem_bsp/\libhal_bsp.a(alt_iic.o)
 .comment       0x00000000       0x24 C:/Users/cvictor/Desktop/CustomSem_bsp/\libhal_bsp.a(alt_iic_isr_register.o)
 .comment       0x00000000       0x24 C:/Users/cvictor/Desktop/CustomSem_bsp/\libhal_bsp.a(alt_io_redirect.o)
 .comment       0x00000000       0x24 C:/Users/cvictor/Desktop/CustomSem_bsp/\libhal_bsp.a(alt_irq_handler.o)
 .comment       0x00000000       0x24 C:/Users/cvictor/Desktop/CustomSem_bsp/\libhal_bsp.a(alt_irq_vars.o)
 .comment       0x00000000       0x24 C:/Users/cvictor/Desktop/CustomSem_bsp/\libhal_bsp.a(alt_open.o)
 .comment       0x00000000       0x24 C:/Users/cvictor/Desktop/CustomSem_bsp/\libhal_bsp.a(altera_nios2_irq.o)
 .comment       0x00000000       0x24 C:/Users/cvictor/Desktop/CustomSem_bsp/\libhal_bsp.a(alt_find_dev.o)
 .comment       0x00000000       0x24 C:/Users/cvictor/Desktop/CustomSem_bsp/\libhal_bsp.a(alt_find_file.o)
 .comment       0x00000000       0x24 C:/Users/cvictor/Desktop/CustomSem_bsp/\libhal_bsp.a(alt_get_fd.o)
 .comment       0x00000000       0x24 C:/Users/cvictor/Desktop/CustomSem_bsp/\libhal_bsp.a(alt_icache_flush.o)
 .comment       0x00000000       0x24 c:/altera/11.1/nios2eds/bin/gnu/h-i686-mingw32/bin/../lib/gcc/nios2-elf/4.1.2/../../../../nios2-elf/lib\libc.a(lib_a-atexit.o)
 .comment       0x00000000       0x24 c:/altera/11.1/nios2eds/bin/gnu/h-i686-mingw32/bin/../lib/gcc/nios2-elf/4.1.2/../../../../nios2-elf/lib\libc.a(lib_a-memcmp.o)
 .comment       0x00000000       0x24 c:/altera/11.1/nios2eds/bin/gnu/h-i686-mingw32/bin/../lib/gcc/nios2-elf/4.1.2/../../../../nios2-elf/lib\libc.a(lib_a-__atexit.o)

.debug
 *(.debug)

.line
 *(.line)

.debug_srcinfo
 *(.debug_srcinfo)

.debug_sfnames
 *(.debug_sfnames)

.debug_aranges  0x00000000      0xd98
 *(.debug_aranges)
 .debug_aranges
                0x00000000       0x28 C:/Users/cvictor/Desktop/CustomSem_bsp//obj/HAL/src/crt0.o
 .debug_aranges
                0x00000028       0x20 obj/default/CustomSem.o
 .debug_aranges
                0x00000048       0x20 obj/default/alarm_handler.o
 .debug_aranges
                0x00000068       0x20 obj/default/mysem.o
 .debug_aranges
                0x00000088       0x20 obj/default/queue.o
 .debug_aranges
                0x000000a8       0x20 obj/default/thread_handler.o
 .debug_aranges
                0x000000c8       0x20 obj/default/exception_handler.o
 .debug_aranges
                0x000000e8       0x20 c:/altera/11.1/nios2eds/bin/gnu/h-i686-mingw32/bin/../lib/gcc/nios2-elf/4.1.2/../../../../nios2-elf/lib\libc.a(lib_a-exit.o)
 .debug_aranges
                0x00000108       0x20 c:/altera/11.1/nios2eds/bin/gnu/h-i686-mingw32/bin/../lib/gcc/nios2-elf/4.1.2/../../../../nios2-elf/lib\libc.a(lib_a-malloc.o)
 .debug_aranges
                0x00000128       0x20 c:/altera/11.1/nios2eds/bin/gnu/h-i686-mingw32/bin/../lib/gcc/nios2-elf/4.1.2/../../../../nios2-elf/lib\libc.a(lib_a-mallocr.o)
 .debug_aranges
                0x00000148       0x20 c:/altera/11.1/nios2eds/bin/gnu/h-i686-mingw32/bin/../lib/gcc/nios2-elf/4.1.2/../../../../nios2-elf/lib\libc.a(lib_a-printf.o)
 .debug_aranges
                0x00000168       0x20 c:/altera/11.1/nios2eds/bin/gnu/h-i686-mingw32/bin/../lib/gcc/nios2-elf/4.1.2/../../../../nios2-elf/lib\libc.a(lib_a-putchar.o)
 .debug_aranges
                0x00000188       0x20 c:/altera/11.1/nios2eds/bin/gnu/h-i686-mingw32/bin/../lib/gcc/nios2-elf/4.1.2/../../../../nios2-elf/lib\libc.a(lib_a-puts.o)
 .debug_aranges
                0x000001a8       0x20 c:/altera/11.1/nios2eds/bin/gnu/h-i686-mingw32/bin/../lib/gcc/nios2-elf/4.1.2/../../../../nios2-elf/lib\libc.a(lib_a-sbrkr.o)
 .debug_aranges
                0x000001c8       0x20 c:/altera/11.1/nios2eds/bin/gnu/h-i686-mingw32/bin/../lib/gcc/nios2-elf/4.1.2/../../../../nios2-elf/lib\libc.a(lib_a-strlen.o)
 .debug_aranges
                0x000001e8       0x20 c:/altera/11.1/nios2eds/bin/gnu/h-i686-mingw32/bin/../lib/gcc/nios2-elf/4.1.2/../../../../nios2-elf/lib\libc.a(lib_a-vfprintf.o)
 .debug_aranges
                0x00000208       0x20 c:/altera/11.1/nios2eds/bin/gnu/h-i686-mingw32/bin/../lib/gcc/nios2-elf/4.1.2/../../../../nios2-elf/lib\libc.a(lib_a-wsetup.o)
 .debug_aranges
                0x00000228       0x20 c:/altera/11.1/nios2eds/bin/gnu/h-i686-mingw32/bin/../lib/gcc/nios2-elf/4.1.2/../../../../nios2-elf/lib\libc.a(lib_a-__call_atexit.o)
 .debug_aranges
                0x00000248       0x20 c:/altera/11.1/nios2eds/bin/gnu/h-i686-mingw32/bin/../lib/gcc/nios2-elf/4.1.2/../../../../nios2-elf/lib\libc.a(lib_a-dtoa.o)
 .debug_aranges
                0x00000268       0x20 c:/altera/11.1/nios2eds/bin/gnu/h-i686-mingw32/bin/../lib/gcc/nios2-elf/4.1.2/../../../../nios2-elf/lib\libc.a(lib_a-fflush.o)
 .debug_aranges
                0x00000288       0x20 c:/altera/11.1/nios2eds/bin/gnu/h-i686-mingw32/bin/../lib/gcc/nios2-elf/4.1.2/../../../../nios2-elf/lib\libc.a(lib_a-findfp.o)
 .debug_aranges
                0x000002a8       0x20 c:/altera/11.1/nios2eds/bin/gnu/h-i686-mingw32/bin/../lib/gcc/nios2-elf/4.1.2/../../../../nios2-elf/lib\libc.a(lib_a-freer.o)
 .debug_aranges
                0x000002c8       0x20 c:/altera/11.1/nios2eds/bin/gnu/h-i686-mingw32/bin/../lib/gcc/nios2-elf/4.1.2/../../../../nios2-elf/lib\libc.a(lib_a-fvwrite.o)
 .debug_aranges
                0x000002e8       0x20 c:/altera/11.1/nios2eds/bin/gnu/h-i686-mingw32/bin/../lib/gcc/nios2-elf/4.1.2/../../../../nios2-elf/lib\libc.a(lib_a-fwalk.o)
 .debug_aranges
                0x00000308       0x20 c:/altera/11.1/nios2eds/bin/gnu/h-i686-mingw32/bin/../lib/gcc/nios2-elf/4.1.2/../../../../nios2-elf/lib\libc.a(lib_a-locale.o)
 .debug_aranges
                0x00000328       0x20 c:/altera/11.1/nios2eds/bin/gnu/h-i686-mingw32/bin/../lib/gcc/nios2-elf/4.1.2/../../../../nios2-elf/lib\libc.a(lib_a-makebuf.o)
 .debug_aranges
                0x00000348       0x20 c:/altera/11.1/nios2eds/bin/gnu/h-i686-mingw32/bin/../lib/gcc/nios2-elf/4.1.2/../../../../nios2-elf/lib\libc.a(lib_a-memchr.o)
 .debug_aranges
                0x00000368       0x20 c:/altera/11.1/nios2eds/bin/gnu/h-i686-mingw32/bin/../lib/gcc/nios2-elf/4.1.2/../../../../nios2-elf/lib\libc.a(lib_a-memcpy.o)
 .debug_aranges
                0x00000388       0x20 c:/altera/11.1/nios2eds/bin/gnu/h-i686-mingw32/bin/../lib/gcc/nios2-elf/4.1.2/../../../../nios2-elf/lib\libc.a(lib_a-memmove.o)
 .debug_aranges
                0x000003a8       0x20 c:/altera/11.1/nios2eds/bin/gnu/h-i686-mingw32/bin/../lib/gcc/nios2-elf/4.1.2/../../../../nios2-elf/lib\libc.a(lib_a-memset.o)
 .debug_aranges
                0x000003c8       0x20 c:/altera/11.1/nios2eds/bin/gnu/h-i686-mingw32/bin/../lib/gcc/nios2-elf/4.1.2/../../../../nios2-elf/lib\libc.a(lib_a-mprec.o)
 .debug_aranges
                0x000003e8       0x20 c:/altera/11.1/nios2eds/bin/gnu/h-i686-mingw32/bin/../lib/gcc/nios2-elf/4.1.2/../../../../nios2-elf/lib\libc.a(lib_a-putc.o)
 .debug_aranges
                0x00000408       0x20 c:/altera/11.1/nios2eds/bin/gnu/h-i686-mingw32/bin/../lib/gcc/nios2-elf/4.1.2/../../../../nios2-elf/lib\libc.a(lib_a-reallocr.o)
 .debug_aranges
                0x00000428       0x20 c:/altera/11.1/nios2eds/bin/gnu/h-i686-mingw32/bin/../lib/gcc/nios2-elf/4.1.2/../../../../nios2-elf/lib\libc.a(lib_a-s_isinfd.o)
 .debug_aranges
                0x00000448       0x20 c:/altera/11.1/nios2eds/bin/gnu/h-i686-mingw32/bin/../lib/gcc/nios2-elf/4.1.2/../../../../nios2-elf/lib\libc.a(lib_a-s_isnand.o)
 .debug_aranges