Archive member included because of file (symbol)

c:/altera/11.1/nios2eds/bin/gnu/h-i686-mingw32/bin/../lib/gcc/nios2-elf/4.1.2/../../../../nios2-elf/lib\libc.a(lib_a-exit.o)
                              obj/default/queue.o (exit)
c:/altera/11.1/nios2eds/bin/gnu/h-i686-mingw32/bin/../lib/gcc/nios2-elf/4.1.2/../../../../nios2-elf/lib\libc.a(lib_a-impure.o)
                              c:/altera/11.1/nios2eds/bin/gnu/h-i686-mingw32/bin/../lib/gcc/nios2-elf/4.1.2/../../../../nios2-elf/lib\libc.a(lib_a-exit.o) (_global_impure_ptr)
c:/altera/11.1/nios2eds/bin/gnu/h-i686-mingw32/bin/../lib/gcc/nios2-elf/4.1.2/../../../../nios2-elf/lib\libc.a(lib_a-malloc.o)
                              obj/default/queue.o (free)
c:/altera/11.1/nios2eds/bin/gnu/h-i686-mingw32/bin/../lib/gcc/nios2-elf/4.1.2/../../../../nios2-elf/lib\libc.a(lib_a-mallocr.o)
                              c:/altera/11.1/nios2eds/bin/gnu/h-i686-mingw32/bin/../lib/gcc/nios2-elf/4.1.2/../../../../nios2-elf/lib\libc.a(lib_a-malloc.o) (_malloc_r)
c:/altera/11.1/nios2eds/bin/gnu/h-i686-mingw32/bin/../lib/gcc/nios2-elf/4.1.2/../../../../nios2-elf/lib\libc.a(lib_a-printf.o)
                              obj/default/project1.o (printf)
c:/altera/11.1/nios2eds/bin/gnu/h-i686-mingw32/bin/../lib/gcc/nios2-elf/4.1.2/../../../../nios2-elf/lib\libc.a(lib_a-putchar.o)
                              obj/default/thread_handler.o (putchar)
c:/altera/11.1/nios2eds/bin/gnu/h-i686-mingw32/bin/../lib/gcc/nios2-elf/4.1.2/../../../../nios2-elf/lib\libc.a(lib_a-puts.o)
                              obj/default/alarm_handler.o (puts)
c:/altera/11.1/nios2eds/bin/gnu/h-i686-mingw32/bin/../lib/gcc/nios2-elf/4.1.2/../../../../nios2-elf/lib\libc.a(lib_a-sbrkr.o)
                              c:/altera/11.1/nios2eds/bin/gnu/h-i686-mingw32/bin/../lib/gcc/nios2-elf/4.1.2/../../../../nios2-elf/lib\libc.a(lib_a-mallocr.o) (_sbrk_r)
c:/altera/11.1/nios2eds/bin/gnu/h-i686-mingw32/bin/../lib/gcc/nios2-elf/4.1.2/../../../../nios2-elf/lib\libc.a(lib_a-strlen.o)
                              c:/altera/11.1/nios2eds/bin/gnu/h-i686-mingw32/bin/../lib/gcc/nios2-elf/4.1.2/../../../../nios2-elf/lib\libc.a(lib_a-puts.o) (strlen)
c:/altera/11.1/nios2eds/bin/gnu/h-i686-mingw32/bin/../lib/gcc/nios2-elf/4.1.2/../../../../nios2-elf/lib\libc.a(lib_a-vfprintf.o)
                              c:/altera/11.1/nios2eds/bin/gnu/h-i686-mingw32/bin/../lib/gcc/nios2-elf/4.1.2/../../../../nios2-elf/lib\libc.a(lib_a-printf.o) (___vfprintf_internal_r)
c:/altera/11.1/nios2eds/bin/gnu/h-i686-mingw32/bin/../lib/gcc/nios2-elf/4.1.2/../../../../nios2-elf/lib\libc.a(lib_a-wsetup.o)
                              c:/altera/11.1/nios2eds/bin/gnu/h-i686-mingw32/bin/../lib/gcc/nios2-elf/4.1.2/../../../../nios2-elf/lib\libc.a(lib_a-vfprintf.o) (__swsetup_r)
c:/altera/11.1/nios2eds/bin/gnu/h-i686-mingw32/bin/../lib/gcc/nios2-elf/4.1.2/../../../../nios2-elf/lib\libc.a(lib_a-__call_atexit.o)
                              c:/altera/11.1/nios2eds/bin/gnu/h-i686-mingw32/bin/../lib/gcc/nios2-elf/4.1.2/../../../../nios2-elf/lib\libc.a(lib_a-exit.o) (__call_exitprocs)
c:/altera/11.1/nios2eds/bin/gnu/h-i686-mingw32/bin/../lib/gcc/nios2-elf/4.1.2/../../../../nios2-elf/lib\libc.a(lib_a-dtoa.o)
                              c:/altera/11.1/nios2eds/bin/gnu/h-i686-mingw32/bin/../lib/gcc/nios2-elf/4.1.2/../../../../nios2-elf/lib\libc.a(lib_a-vfprintf.o) (_dtoa_r)
c:/altera/11.1/nios2eds/bin/gnu/h-i686-mingw32/bin/../lib/gcc/nios2-elf/4.1.2/../../../../nios2-elf/lib\libc.a(lib_a-fflush.o)
                              c:/altera/11.1/nios2eds/bin/gnu/h-i686-mingw32/bin/../lib/gcc/nios2-elf/4.1.2/../../../../nios2-elf/lib\libc.a(lib_a-vfprintf.o) (_fflush_r)
c:/altera/11.1/nios2eds/bin/gnu/h-i686-mingw32/bin/../lib/gcc/nios2-elf/4.1.2/../../../../nios2-elf/lib\libc.a(lib_a-findfp.o)
                              c:/altera/11.1/nios2eds/bin/gnu/h-i686-mingw32/bin/../lib/gcc/nios2-elf/4.1.2/../../../../nios2-elf/lib\libc.a(lib_a-vfprintf.o) (__sinit)
c:/altera/11.1/nios2eds/bin/gnu/h-i686-mingw32/bin/../lib/gcc/nios2-elf/4.1.2/../../../../nios2-elf/lib\libc.a(lib_a-freer.o)
                              c:/altera/11.1/nios2eds/bin/gnu/h-i686-mingw32/bin/../lib/gcc/nios2-elf/4.1.2/../../../../nios2-elf/lib\libc.a(lib_a-malloc.o) (_free_r)
c:/altera/11.1/nios2eds/bin/gnu/h-i686-mingw32/bin/../lib/gcc/nios2-elf/4.1.2/../../../../nios2-elf/lib\libc.a(lib_a-fvwrite.o)
                              c:/altera/11.1/nios2eds/bin/gnu/h-i686-mingw32/bin/../lib/gcc/nios2-elf/4.1.2/../../../../nios2-elf/lib\libc.a(lib_a-puts.o) (__sfvwrite_r)
c:/altera/11.1/nios2eds/bin/gnu/h-i686-mingw32/bin/../lib/gcc/nios2-elf/4.1.2/../../../../nios2-elf/lib\libc.a(lib_a-fwalk.o)
                              c:/altera/11.1/nios2eds/bin/gnu/h-i686-mingw32/bin/../lib/gcc/nios2-elf/4.1.2/../../../../nios2-elf/lib\libc.a(lib_a-fflush.o) (_fwalk_reent)
[...]
Memory Configuration

Name             Origin             Length             Attributes
reset            0x00000000         0x00000020
SDRAM            0x00000020         0x007fffe0
SRAM             0x08000000         0x00080000
Onchip_memory    0x09000000         0x00002000
*default*        0x00000000         0xffffffff

Linker script and memory map

LOAD Z:/Desktop/Project_bsp//obj/HAL/src/crt0.o
LOAD obj/default/alarm_handler.o
LOAD obj/default/mysem.o
LOAD obj/default/project1.o
LOAD obj/default/queue.o
LOAD obj/default/thread_handler.o
LOAD obj/default/thread_queue.o
LOAD obj/default/exception_handler.o
LOAD c:/altera/11.1/nios2eds/bin/gnu/h-i686-mingw32/bin/../lib/gcc/nios2-elf/4.1.2/../../../../nios2-elf/lib\libstdc++.a
LOAD c:/altera/11.1/nios2eds/bin/gnu/h-i686-mingw32/bin/../lib/gcc/nios2-elf/4.1.2/../../../../nios2-elf/lib\libm.a
LOAD c:/altera/11.1/nios2eds/bin/gnu/h-i686-mingw32/bin/../lib/gcc/nios2-elf/4.1.2\libgcc.a
START GROUP
LOAD c:/altera/11.1/nios2eds/bin/gnu/h-i686-mingw32/bin/../lib/gcc/nios2-elf/4.1.2/../../../../nios2-elf/lib\libc.a
LOAD c:/altera/11.1/nios2eds/bin/gnu/h-i686-mingw32/bin/../lib/gcc/nios2-elf/4.1.2\libgcc.a
LOAD Z:/Desktop/Project_bsp/\libhal_bsp.a
END GROUP
LOAD c:/altera/11.1/nios2eds/bin/gnu/h-i686-mingw32/bin/../lib/gcc/nios2-elf/4.1.2\libgcc.a
                0x00000000                __alt_mem_SDRAM = 0x0
                0x08000000                __alt_mem_SRAM = 0x8000000
                0x09000000                __alt_mem_Onchip_memory = 0x9000000

.entry          0x00000000       0x20
 *(.entry)
 .entry         0x00000000       0x20 Z:/Desktop/Project_bsp//obj/HAL/src/crt0.o
                0x00000000                __reset

.exceptions     0x00000020      0x1b4
                0x00000020                PROVIDE (__ram_exceptions_start, ABSOLUTE (.))
                0x00000020                . = ALIGN (0x20)
 *(.irq)
 *(.exceptions.entry.label)
 .exceptions.entry.label
                0x00000020        0x0 Z:/Desktop/Project_bsp/\libhal_bsp.a(alt_irq_entry.o)
                0x00000020                alt_irq_entry
 .exceptions.entry.label
                0x00000020        0x0 Z:/Desktop/Project_bsp/\libhal_bsp.a(alt_exception_entry.o)
                0x00000020                alt_exception
 *(.exceptions.entry.user)
 *(.exceptions.entry)
 .exceptions.entry
                0x00000020       0x54 Z:/Desktop/Project_bsp/\libhal_bsp.a(alt_exception_entry.o)
 *(.exceptions.irqtest.user)
 *(.exceptions.irqtest)
 .exceptions.irqtest
                0x00000074       0x10 Z:/Desktop/Project_bsp/\libhal_bsp.a(alt_irq_entry.o)
 *(.exceptions.irqhandler.user)
 *(.exceptions.irqhandler)
 .exceptions.irqhandler
                0x00000084        0x4 Z:/Desktop/Project_bsp/\libhal_bsp.a(alt_irq_entry.o)
 *(.exceptions.irqreturn.user)
 *(.exceptions.irqreturn)
 .exceptions.irqreturn
                0x00000088        0x4 Z:/Desktop/Project_bsp/\libhal_bsp.a(alt_irq_entry.o)
 *(.exceptions.notirq.label)
 .exceptions.notirq.label
                0x0000008c        0x0 Z:/Desktop/Project_bsp/\libhal_bsp.a(alt_irq_entry.o)
 *(.exceptions.notirq.user)
 *(.exceptions.notirq)
 .exceptions.notirq
                0x0000008c        0x8 Z:/Desktop/Project_bsp/\libhal_bsp.a(alt_exception_entry.o)
 *(.exceptions.soft.user)
 *(.exceptions.soft)
 *(.exceptions.unknown.user)
 *(.exceptions.unknown)
 .exceptions.unknown
                0x00000094        0x4 Z:/Desktop/Project_bsp/\libhal_bsp.a(alt_exception_entry.o)
 *(.exceptions.exit.label)
 .exceptions.exit.label
                0x00000098        0x0 Z:/Desktop/Project_bsp/\libhal_bsp.a(alt_irq_entry.o)
 .exceptions.exit.label
                0x00000098        0x0 Z:/Desktop/Project_bsp/\libhal_bsp.a(alt_exception_entry.o)
 *(.exceptions.exit.user)
 .exceptions.exit.user
                0x00000098       0x20 obj/default/exception_handler.o
 *(.exceptions.exit)
 .exceptions.exit
                0x000000b8       0x54 Z:/Desktop/Project_bsp/\libhal_bsp.a(alt_exception_entry.o)
 *(.exceptions)
 .exceptions    0x0000010c       0xc8 Z:/Desktop/Project_bsp/\libhal_bsp.a(alt_irq_handler.o)
                0x0000010c                alt_irq_handler
                0x000001d4                PROVIDE (__ram_exceptions_end, ABSOLUTE (.))
                0x00000020                PROVIDE (__flash_exceptions_start, LOADADDR (.exceptions))

.text           0x000001d4     0xd358
                0x000001d4                PROVIDE (stext, ABSOLUTE (.))
 *(.interp)
 *(.hash)
 *(.dynsym)
 *(.dynstr)
 *(.gnu.version)
 *(.gnu.version_d)
 *(.gnu.version_r)
 *(.rel.init)
 *(.rela.init)
 *(.rel.text .rel.text.* .rel.gnu.linkonce.t.*)
 *(.rela.text .rela.text.* .rela.gnu.linkonce.t.*)
 *(.rel.fini)
 *(.rela.fini)
 *(.rel.rodata .rel.rodata.* .rel.gnu.linkonce.r.*)
 *(.rela.rodata .rela.rodata.* .rela.gnu.linkonce.r.*)
 *(.rel.data .rel.data.* .rel.gnu.linkonce.d.*)
 *(.rela.data .rela.data.* .rela.gnu.linkonce.d.*)
 *(.rel.tdata .rel.tdata.* .rel.gnu.linkonce.td.*)
 *(.rela.tdata .rela.tdata.* .rela.gnu.linkonce.td.*)
 *(.rel.tbss .rel.tbss.* .rel.gnu.linkonce.tb.*)
 *(.rela.tbss .rela.tbss.* .rela.gnu.linkonce.tb.*)
 *(.rel.ctors)
 *(.rela.ctors)
 *(.rel.dtors)
 *(.rela.dtors)
 *(.rel.got)
 *(.rela.got)
 *(.rel.sdata .rel.sdata.* .rel.gnu.linkonce.s.*)
 *(.rela.sdata .rela.sdata.* .rela.gnu.linkonce.s.*)
 *(.rel.sbss .rel.sbss.* .rel.gnu.linkonce.sb.*)
 *(.rela.sbss .rela.sbss.* .rela.gnu.linkonce.sb.*)
 *(.rel.sdata2 .rel.sdata2.* .rel.gnu.linkonce.s2.*)
 *(.rela.sdata2 .rela.sdata2.* .rela.gnu.linkonce.s2.*)
 *(.rel.sbss2 .rel.sbss2.* .rel.gnu.linkonce.sb2.*)
 *(.rela.sbss2 .rela.sbss2.* .rela.gnu.linkonce.sb2.*)
 *(.rel.bss .rel.bss.* .rel.gnu.linkonce.b.*)
 *(.rela.bss .rela.bss.* .rela.gnu.linkonce.b.*)
 *(.rel.plt)
 *(.rela.plt)
 *(.rel.dyn)
 *(.init)
 *(.plt)
 *(.text .stub .text.* .gnu.linkonce.t.*)
 .text          0x000001d4       0x3c Z:/Desktop/Project_bsp//obj/HAL/src/crt0.o
                0x000001d4                _start
 .text          0x00000210       0xf0 obj/default/alarm_handler.o
                0x00000210                is_alarmflag_set
                0x00000234                reset_alarmflag
                0x00000254                myinterrupt_handler
                0x000002ac                start_alarm_succeed
 .text          0x00000300      0x198 obj/default/mysem.o
                0x00000300                semInit
                0x0000036c                semDown
                0x000003f4                semUp
                0x00000448                semValue
                0x00000470                semThreadCount
 .text          0x00000498      0x354 obj/default/project1.o
                0x00000498                customer
                0x000005b8                stylist
                0x000006b4                os_primitive
                0x000007c0                main
 .text          0x000007ec      0x1b4 obj/default/queue.o
                0x000007ec                enqueue
                0x000008bc                dequeue
                0x00000978                getQsize
 .text          0x000009a0      0x3dc obj/default/thread_handler.o
                0x000009a0                mythread_create
                0x00000afc                get_current_running_thread
                0x00000b1c                mythread_start
                0x00000b48                mythread_join
                0x00000b78                mythread_block
                0x00000ba4                mythread_terminate
                0x00000bd0                mythread_schedule
                0x00000cc0                mythread_isQempty
                0x00000d10                mythread_cleanup
 .text          0x00000d7c      0x214 obj/default/thread_queue.o
                0x00000d7c                initThreadQueue
                0x00000db4                thread_enqueue
                0x00000e94                thread_dequeue
                0x00000f68                thread_getQsize
 .text          0x00000f90        0x0 obj/default/exception_handler.o
 .text          0x00000f90       0x38 c:/altera/11.1/nios2eds/bin/gnu/h-i686-mingw32/bin/../lib/gcc/nios2-elf/4.1.2/../../../../nios2-elf/lib\libc.a(lib_a-exit.o)
                0x00000f90                exit
 .text          0x00000fc8        0x0 c:/altera/11.1/nios2eds/bin/gnu/h-i686-mingw32/bin/../lib/gcc/nios2-elf/4.1.2/../../../../nios2-elf/lib\libc.a(lib_a-impure.o)
 .text          0x00000fc8       0x28 c:/altera/11.1/nios2eds/bin/gnu/h-i686-mingw32/bin/../lib/gcc/nios2-elf/4.1.2/../../../../nios2-elf/lib\libc.a(lib_a-malloc.o)
                0x00000fc8                free
                0x00000fdc                malloc
 .text          0x00000ff0      0x740 c:/altera/11.1/nios2eds/bin/gnu/h-i686-mingw32/bin/../lib/gcc/nios2-elf/4.1.2/../../../../nios2-elf/lib\libc.a(lib_a-mallocr.o)
                0x00000ff0                _malloc_r
 .text          0x00001730       0x78 c:/altera/11.1/nios2eds/bin/gnu/h-i686-mingw32/bin/../lib/gcc/nios2-elf/4.1.2/../../../../nios2-elf/lib\libc.a(lib_a-printf.o)
                0x00001730                printf
                0x00001774                _printf_r
 .text          0x000017a8       0x24 c:/altera/11.1/nios2eds/bin/gnu/h-i686-mingw32/bin/../lib/gcc/nios2-elf/4.1.2/../../../../nios2-elf/lib\libc.a(lib_a-putchar.o)
                0x000017a8                putchar
                0x000017c4                _putchar_r
 .text          0x000017cc       0xb4 c:/altera/11.1/nios2eds/bin/gnu/h-i686-mingw32/bin/../lib/gcc/nios2-elf/4.1.2/../../../../nios2-elf/lib\libc.a(lib_a-puts.o)
                0x000017cc                _puts_r
                0x0000186c                puts
 .text          0x00001880       0x70 c:/altera/11.1/nios2eds/bin/gnu/h-i686-mingw32/bin/../lib/gcc/nios2-elf/4.1.2/../../../../nios2-elf/lib\libc.a(lib_a-sbrkr.o)
                0x00001880                _sbrk_r
 .text          0x000018f0       0x74 c:/altera/11.1/nios2eds/bin/gnu/h-i686-mingw32/bin/../lib/gcc/nios2-elf/4.1.2/../../../../nios2-elf/lib\libc.a(lib_a-strlen.o)
                0x000018f0                strlen
 .text          0x00001964     0x1f28 c:/altera/11.1/nios2eds/bin/gnu/h-i686-mingw32/bin/../lib/gcc/nios2-elf/4.1.2/../../../../nios2-elf/lib\libc.a(lib_a-vfprintf.o)
                0x000019bc                ___vfprintf_internal_r
                0x00003868                __vfprintf_internal
 .text          0x0000388c      0x13c c:/altera/11.1/nios2eds/bin/gnu/h-i686-mingw32/bin/../lib/gcc/nios2-elf/4.1.2/../../../../nios2-elf/lib\libc.a(lib_a-wsetup.o)
                0x0000388c                __swsetup_r
 .text          0x000039c8      0x1b4 c:/altera/11.1/nios2eds/bin/gnu/h-i686-mingw32/bin/../lib/gcc/nios2-elf/4.1.2/../../../../nios2-elf/lib\libc.a(lib_a-__call_atexit.o)
                0x000039cc                __call_exitprocs
 .text          0x00003b7c     0x17cc c:/altera/11.1/nios2eds/bin/gnu/h-i686-mingw32/bin/../lib/gcc/nios2-elf/4.1.2/../../../../nios2-elf/lib\libc.a(lib_a-dtoa.o)
                0x00003d94                _dtoa_r
 .text          0x00005348      0x230 c:/altera/11.1/nios2eds/bin/gnu/h-i686-mingw32/bin/../lib/gcc/nios2-elf/4.1.2/../../../../nios2-elf/lib\libc.a(lib_a-fflush.o)
                0x00005348                _fflush_r
                0x00005544                fflush
 .text          0x00005578      0x2c0 c:/altera/11.1/nios2eds/bin/gnu/h-i686-mingw32/bin/../lib/gcc/nios2-elf/4.1.2/../../../../nios2-elf/lib\libc.a(lib_a-findfp.o)
                0x000055d0                __sfp_lock_acquire
                0x000055d4                __sfp_lock_release
                0x000055d8                __sinit_lock_acquire
                0x000055dc                __sinit_lock_release
                0x000055e0                __sinit
                0x00005694                __fp_unlock_all
                0x000056ac                __fp_lock_all
                0x000056c4                _cleanup_r
                0x000056d0                _cleanup
                0x000056e0                __sfmoreglue
                0x00005748                __sfp
 .text          0x00005838      0x440 c:/altera/11.1/nios2eds/bin/gnu/h-i686-mingw32/bin/../lib/gcc/nios2-elf/4.1.2/../../../../nios2-elf/lib\libc.a(lib_a-freer.o)
                0x00005838                _malloc_trim_r
                0x00005964                _free_r
 .text          0x00005c78      0x49c c:/altera/11.1/nios2eds/bin/gnu/h-i686-mingw32/bin/../lib/gcc/nios2-elf/4.1.2/../../../../nios2-elf/lib\libc.a(lib_a-fvwrite.o)
                0x00005c78                __sfvwrite_r
 .text          0x00006114      0x180 c:/altera/11.1/nios2eds/bin/gnu/h-i686-mingw32/bin/../lib/gcc/nios2-elf/4.1.2/../../../../nios2-elf/lib\libc.a(lib_a-fwalk.o)
                0x00006114                _fwalk_reent
                0x000061dc                _fwalk
 .text          0x00006294        0x0 c:/altera/11.1/nios2eds/bin/gnu/h-i686-mingw32/bin/../lib/gcc/nios2-elf/4.1.2/../../../../nios2-elf/lib\libc.a(lib_a-int_errno.o)
 .text          0x00006294       0xc4 c:/altera/11.1/nios2eds/bin/gnu/h-i686-mingw32/bin/../lib/gcc/nios2-elf/4.1.2/../../../../nios2-elf/lib\libc.a(lib_a-locale.o)
                0x00006294                __locale_charset
                0x0000629c                _localeconv_r
                0x000062a8                localeconv
                0x000062b8                _setlocale_r
                0x0000633c                setlocale
 .text          0x00006358      0x194 c:/altera/11.1/nios2eds/bin/gnu/h-i686-mingw32/bin/../lib/gcc/nios2-elf/4.1.2/../../../../nios2-elf/lib\libc.a(lib_a-makebuf.o)
                0x00006358                __smakebuf_r
 .text          0x000064ec       0xe4 c:/altera/11.1/nios2eds/bin/gnu/h-i686-mingw32/bin/../lib/gcc/nios2-elf/4.1.2/../../../../nios2-elf/lib\libc.a(lib_a-memchr.o)
                0x000064ec                memchr
 .text          0x000065d0       0xa0 c:/altera/11.1/nios2eds/bin/gnu/h-i686-mingw32/bin/../lib/gcc/nios2-elf/4.1.2/../../../../nios2-elf/lib\libc.a(lib_a-memcpy.o)
                0x000065d0                memcpy
 .text          0x00006670       0xe0 c:/altera/11.1/nios2eds/bin/gnu/h-i686-mingw32/bin/../lib/gcc/nios2-elf/4.1.2/../../../../nios2-elf/lib\libc.a(lib_a-memmove.o)
                0x00006670                memmove
 .text          0x00006750       0x98 c:/altera/11.1/nios2eds/bin/gnu/h-i686-mingw32/bin/../lib/gcc/nios2-elf/4.1.2/../../../../nios2-elf/lib\libc.a(lib_a-memset.o)
                0x00006750                memset
 .text          0x000067e8      0xff4 c:/altera/11.1/nios2eds/bin/gnu/h-i686-mingw32/bin/../lib/gcc/nios2-elf/4.1.2/../../../../nios2-elf/lib\libc.a(lib_a-mprec.o)
                0x000067e8                _Bfree
                0x00006810                __hi0bits
                0x00006880                __lo0bits
                0x00006944                __mcmp
                0x000069a4                __ulp
                0x00006a24                __b2d
                0x00006b44                __ratio
                0x00006bf4                _mprec_log10
                0x00006c88                __copybits
                0x00006ce0                __any_on
                0x00006d68                _Balloc
                0x00006e24                __d2b
                0x00006fa0                __mdiff
                0x0000712c                __lshift
                0x00007278                __multiply
                0x00007460                __i2b
                0x0000749c                __multadd
                0x0000759c                __pow5mult
                0x000076bc                __s2b
 .text          0x000077dc      0x1ec c:/altera/11.1/nios2eds/bin/gnu/h-i686-mingw32/bin/../lib/gcc/nios2-elf/4.1.2/../../../../nios2-elf/lib\libc.a(lib_a-putc.o)
                0x000077dc                putc
                0x000078e0                _putc_r
 .text          0x000079c8      0x5f4 c:/altera/11.1/nios2eds/bin/gnu/h-i686-mingw32/bin/../lib/gcc/nios2-elf/4.1.2/../../../../nios2-elf/lib\libc.a(lib_a-reallocr.o)
                0x000079c8                _realloc_r
 .text          0x00007fbc       0x40 c:/altera/11.1/nios2eds/bin/gnu/h-i686-mingw32/bin/../lib/gcc/nios2-elf/4.1.2/../../../../nios2-elf/lib\libc.a(lib_a-s_isinfd.o)
                0x00007fbc                __isinfd
 .text          0x00007ffc       0x30 c:/altera/11.1/nios2eds/bin/gnu/h-i686-mingw32/bin/../lib/gcc/nios2-elf/4.1.2/../../../../nios2-elf/lib\libc.a(lib_a-s_isnand.o)
                0x00007ffc                __isnand
 .text          0x0000802c      0x14c c:/altera/11.1/nios2eds/bin/gnu/h-i686-mingw32/bin/../lib/gcc/nios2-elf/4.1.2/../../../../nios2-elf/lib\libc.a(lib_a-stdio.o)
                0x0000802c                __sclose
                0x00008034                __sseek
                0x0000809c                __swrite
                0x00008118                __sread
 .text          0x00008178       0xbc c:/altera/11.1/nios2eds/bin/gnu/h-i686-mingw32/bin/../lib/gcc/nios2-elf/4.1.2/../../../../nios2-elf/lib\libc.a(lib_a-strcmp.o)
                0x00008178                strcmp
 .text          0x00008234      0x14c c:/altera/11.1/nios2eds/bin/gnu/h-i686-mingw32/bin/../lib/gcc/nios2-elf/4.1.2/../../../../nios2-elf/lib\libc.a(lib_a-wbuf.o)
                0x00008234                __swbuf_r
                0x00008364                __swbuf
 .text          0x00008380       0x78 c:/altera/11.1/nios2eds/bin/gnu/h-i686-mingw32/bin/../lib/gcc/nios2-elf/4.1.2/../../../../nios2-elf/lib\libc.a(lib_a-writer.o)
                0x00008380                _write_r
 .text          0x000083f8       0xb4 c:/altera/11.1/nios2eds/bin/gnu/h-i686-mingw32/bin/../lib/gcc/nios2-elf/4.1.2/../../../../nios2-elf/lib\libc.a(lib_a-callocr.o)
                0x000083f8                _calloc_r
 .text          0x000084ac       0x70 c:/altera/11.1/nios2eds/bin/gnu/h-i686-mingw32/bin/../lib/gcc/nios2-elf/4.1.2/../../../../nios2-elf/lib\libc.a(lib_a-closer.o)
                0x000084ac                _close_r
 .text          0x0000851c      0x124 c:/altera/11.1/nios2eds/bin/gnu/h-i686-mingw32/bin/../lib/gcc/nios2-elf/4.1.2/../../../../nios2-elf/lib\libc.a(lib_a-fclose.o)
                0x0000851c                _fclose_r
                0x0000862c                fclose
 .text          0x00008640       0x74 c:/altera/11.1/nios2eds/bin/gnu/h-i686-mingw32/bin/../lib/gcc/nios2-elf/4.1.2/../../../../nios2-elf/lib\libc.a(lib_a-fstatr.o)
                0x00008640                _fstat_r
 .text          0x000086b4       0x70 c:/altera/11.1/nios2eds/bin/gnu/h-i686-mingw32/bin/../lib/gcc/nios2-elf/4.1.2/../../../../nios2-elf/lib\libc.a(lib_a-isattyr.o)
                0x000086b4                _isatty_r
 .text          0x00008724       0x78 c:/altera/11.1/nios2eds/bin/gnu/h-i686-mingw32/bin/../lib/gcc/nios2-elf/4.1.2/../../../../nios2-elf/lib\libc.a(lib_a-lseekr.o)
                0x00008724                _lseek_r
 .text          0x0000879c       0x78 c:/altera/11.1/nios2eds/bin/gnu/h-i686-mingw32/bin/../lib/gcc/nios2-elf/4.1.2/../../../../nios2-elf/lib\libc.a(lib_a-readr.o)
                0x0000879c                _read_r
 .text          0x00008814      0x5dc c:/altera/11.1/nios2eds/bin/gnu/h-i686-mingw32/bin/../lib/gcc/nios2-elf/4.1.2\libgcc.a(_udivdi3.o)
                0x00008814                __udivdi3
 .text          0x00008df0      0x5b0 c:/altera/11.1/nios2eds/bin/gnu/h-i686-mingw32/bin/../lib/gcc/nios2-elf/4.1.2\libgcc.a(_umoddi3.o)
                0x00008df0                __umoddi3
 .text          0x000093a0      0x504 c:/altera/11.1/nios2eds/bin/gnu/h-i686-mingw32/bin/../lib/gcc/nios2-elf/4.1.2\libgcc.a(_addsub_df.o)
                0x000097b0                __subdf3
                0x00009830                __adddf3
 .text          0x000098a4      0x3c4 c:/altera/11.1/nios2eds/bin/gnu/h-i686-mingw32/bin/../lib/gcc/nios2-elf/4.1.2\libgcc.a(_mul_df.o)
                0x000098a4                __muldf3
 .text          0x00009c68      0x258 c:/altera/11.1/nios2eds/bin/gnu/h-i686-mingw32/bin/../lib/gcc/nios2-elf/4.1.2\libgcc.a(_div_df.o)
                0x00009c68                __divdf3
 .text          0x00009ec0       0x88 c:/altera/11.1/nios2eds/bin/gnu/h-i686-mingw32/bin/../lib/gcc/nios2-elf/4.1.2\libgcc.a(_eq_df.o)
                0x00009ec0                __eqdf2
 .text          0x00009f48       0x88 c:/altera/11.1/nios2eds/bin/gnu/h-i686-mingw32/bin/../lib/gcc/nios2-elf/4.1.2\libgcc.a(_ne_df.o)
                0x00009f48                __nedf2
 .text          0x00009fd0       0x88 c:/altera/11.1/nios2eds/bin/gnu/h-i686-mingw32/bin/../lib/gcc/nios2-elf/4.1.2\libgcc.a(_gt_df.o)
                0x00009fd0                __gtdf2
 .text          0x0000a058       0x88 c:/altera/11.1/nios2eds/bin/gnu/h-i686-mingw32/bin/../lib/gcc/nios2-elf/4.1.2\libgcc.a(_ge_df.o)
                0x0000a058                __gedf2
 .text          0x0000a0e0       0x88 c:/altera/11.1/nios2eds/bin/gnu/h-i686-mingw32/bin/../lib/gcc/nios2-elf/4.1.2\libgcc.a(_lt_df.o)
                0x0000a0e0                __ltdf2
 .text          0x0000a168       0xf8 c:/altera/11.1/nios2eds/bin/gnu/h-i686-mingw32/bin/../lib/gcc/nios2-elf/4.1.2\libgcc.a(_si_to_df.o)
                0x0000a168                __floatsidf
 .text          0x0000a260       0xd8 c:/altera/11.1/nios2eds/bin/gnu/h-i686-mingw32/bin/../lib/gcc/nios2-elf/4.1.2\libgcc.a(_df_to_si.o)
                0x0000a260                __fixdfsi
 .text          0x0000a338        0x0 c:/altera/11.1/nios2eds/bin/gnu/h-i686-mingw32/bin/../lib/gcc/nios2-elf/4.1.2\libgcc.a(_thenan_df.o)
 .text          0x0000a338      0x194 c:/altera/11.1/nios2eds/bin/gnu/h-i686-mingw32/bin/../lib/gcc/nios2-elf/4.1.2\libgcc.a(_usi_to_df.o)
                0x0000a338                __floatunsidf
 .text          0x0000a4cc      0x14c c:/altera/11.1/nios2eds/bin/gnu/h-i686-mingw32/bin/../lib/gcc/nios2-elf/4.1.2\libgcc.a(lib2-divmod.o)
                0x0000a548                __divsi3
                0x0000a5a8                __modsi3
                0x0000a608                __udivsi3
                0x0000a610                __umodsi3
 .text          0x0000a618       0x98 c:/altera/11.1/nios2eds/bin/gnu/h-i686-mingw32/bin/../lib/gcc/nios2-elf/4.1.2\libgcc.a(_muldi3.o)
                0x0000a618                __muldi3
 .text          0x0000a6b0        0x0 c:/altera/11.1/nios2eds/bin/gnu/h-i686-mingw32/bin/../lib/gcc/nios2-elf/4.1.2\libgcc.a(_clz.o)
 .text          0x0000a6b0       0x80 c:/altera/11.1/nios2eds/bin/gnu/h-i686-mingw32/bin/../lib/gcc/nios2-elf/4.1.2\libgcc.a(_clzsi2.o)
                0x0000a6b0                __clzsi2
 .text          0x0000a730      0x314 c:/altera/11.1/nios2eds/bin/gnu/h-i686-mingw32/bin/../lib/gcc/nios2-elf/4.1.2\libgcc.a(_pack_df.o)
                0x0000a730                __pack_d
 .text          0x0000aa44      0x138 c:/altera/11.1/nios2eds/bin/gnu/h-i686-mingw32/bin/../lib/gcc/nios2-elf/4.1.2\libgcc.a(_unpack_df.o)
                0x0000aa44                __unpack_d
 .text          0x0000ab7c       0xc8 c:/altera/11.1/nios2eds/bin/gnu/h-i686-mingw32/bin/../lib/gcc/nios2-elf/4.1.2\libgcc.a(_fpcmp_parts_df.o)
                0x0000ab7c                __fpcmp_parts_d
 .text          0x0000ac44      0x154 Z:/Desktop/Project_bsp/\libhal_bsp.a(alt_alarm_start.o)
                0x0000ac44                alt_alarm_start
 .text          0x0000ad98      0x15c Z:/Desktop/Project_bsp/\libhal_bsp.a(alt_close.o)
                0x0000ad98                close
 .text          0x0000aef4       0x2c Z:/Desktop/Project_bsp/\libhal_bsp.a(alt_dev.o)
 .text          0x0000af20        0x0 Z:/Desktop/Project_bsp/\libhal_bsp.a(alt_errno.o)
 .text          0x0000af20       0x60 Z:/Desktop/Project_bsp/\libhal_bsp.a(alt_exit.o)
                0x0000af60                _exit
 .text          0x0000af80      0x134 Z:/Desktop/Project_bsp/\libhal_bsp.a(alt_fstat.o)
                0x0000af80                fstat
 .text          0x0000b0b4      0x120 Z:/Desktop/Project_bsp/\libhal_bsp.a(alt_isatty.o)
                0x0000b0b4                isatty
 .text          0x0000b1d4       0xec Z:/Desktop/Project_bsp/\libhal_bsp.a(alt_load.o)
                0x0000b1d4                alt_load
 .text          0x0000b2c0      0x150 Z:/Desktop/Project_bsp/\libhal_bsp.a(alt_lseek.o)
                0x0000b2c0                lseek
 .text          0x0000b410       0x6c Z:/Desktop/Project_bsp/\libhal_bsp.a(alt_main.o)
                0x0000b410                alt_main
 .text          0x0000b47c       0x40 Z:/Desktop/Project_bsp/\libhal_bsp.a(alt_malloc_lock.o)
                0x0000b47c                __malloc_lock
                0x0000b49c                __malloc_unlock
 .text          0x0000b4bc      0x180 Z:/Desktop/Project_bsp/\libhal_bsp.a(alt_read.o)
                0x0000b4bc                read
 .text          0x0000b63c       0x60 Z:/Desktop/Project_bsp/\libhal_bsp.a(alt_release_fd.o)
                0x0000b63c                alt_release_fd
 .text          0x0000b69c       0xbc Z:/Desktop/Project_bsp/\libhal_bsp.a(alt_sbrk.o)
                0x0000b69c                sbrk
 .text          0x0000b758      0x1a4 Z:/Desktop/Project_bsp/\libhal_bsp.a(alt_tick.o)
                0x0000b758                alt_alarm_stop
                0x0000b7f0                alt_tick
 .text          0x0000b8fc      0x180 Z:/Desktop/Project_bsp/\libhal_bsp.a(alt_write.o)
                0x0000b8fc                write
 .text          0x0000ba7c       0xc8 Z:/Desktop/Project_bsp/\libhal_bsp.a(alt_sys_init.o)
                0x0000ba7c                alt_irq_init
                0x0000bab0                alt_sys_init
 .text          0x0000bb44      0x148 Z:/Desktop/Project_bsp/\libhal_bsp.a(altera_avalon_jtag_uart_fd.o)
                0x0000bb44                altera_avalon_jtag_uart_read_fd
                0x0000bb9c                altera_avalon_jtag_uart_write_fd
                0x0000bbf4                altera_avalon_jtag_uart_close_fd
                0x0000bc3c                altera_avalon_jtag_uart_ioctl_fd
 .text          0x0000bc8c      0x40c Z:/Desktop/Project_bsp/\libhal_bsp.a(altera_avalon_jtag_uart_init.o)
                0x0000bc8c                altera_avalon_jtag_uart_init
                0x0000c024                altera_avalon_jtag_uart_close
 .text          0x0000c098       0xf4 Z:/Desktop/Project_bsp/\libhal_bsp.a(altera_avalon_jtag_uart_ioctl.o)
                0x0000c098                altera_avalon_jtag_uart_ioctl
 .text          0x0000c18c      0x224 Z:/Desktop/Project_bsp/\libhal_bsp.a(altera_avalon_jtag_uart_read.o)
                0x0000c18c                altera_avalon_jtag_uart_read
 .text          0x0000c3b0      0x240 Z:/Desktop/Project_bsp/\libhal_bsp.a(altera_avalon_jtag_uart_write.o)
                0x0000c3b0                altera_avalon_jtag_uart_write
 .text          0x0000c5f0      0x100 Z:/Desktop/Project_bsp/\libhal_bsp.a(altera_avalon_timer_sc.o)
                0x0000c660                alt_avalon_timer_sc_init
 .text          0x0000c6f0       0x1c Z:/Desktop/Project_bsp/\libhal_bsp.a(alt_dcache_flush_all.o)
                0x0000c6f0                alt_dcache_flush_all
 .text          0x0000c70c      0x114 Z:/Desktop/Project_bsp/\libhal_bsp.a(alt_dev_llist_insert.o)
                0x0000c70c                alt_dev_llist_insert
 .text          0x0000c820       0x64 Z:/Desktop/Project_bsp/\libhal_bsp.a(alt_do_ctors.o)
                0x0000c820                _do_ctors
 .text          0x0000c884       0x64 Z:/Desktop/Project_bsp/\libhal_bsp.a(alt_do_dtors.o)
                0x0000c884                _do_dtors
 .text          0x0000c8e8       0x30 Z:/Desktop/Project_bsp/\libhal_bsp.a(alt_icache_flush_all.o)
                0x0000c8e8                alt_icache_flush_all
 .text          0x0000c918      0x1d4 Z:/Desktop/Project_bsp/\libhal_bsp.a(alt_iic.o)
                0x0000c918                alt_ic_isr_register
                0x0000c968                alt_ic_irq_enable
                0x0000ca04                alt_ic_irq_disable
                0x0000caa4                alt_ic_irq_enabled
 .text          0x0000caec       0xf8 Z:/Desktop/Project_bsp/\libhal_bsp.a(alt_iic_isr_register.o)
                0x0000caec                alt_iic_isr_register
 .text          0x0000cbe4      0x13c Z:/Desktop/Project_bsp/\libhal_bsp.a(alt_io_redirect.o)
                0x0000cca8                alt_io_redirect
 .text          0x0000cd20        0x0 Z:/Desktop/Project_bsp/\libhal_bsp.a(alt_irq_entry.o)
 .text          0x0000cd20        0x0 Z:/Desktop/Project_bsp/\libhal_bsp.a(alt_irq_handler.o)
 .text          0x0000cd20        0x0 Z:/Desktop/Project_bsp/\libhal_bsp.a(alt_irq_vars.o)
 .text          0x0000cd20      0x2c4 Z:/Desktop/Project_bsp/\libhal_bsp.a(alt_open.o)
                0x0000cdfc                open
 .text          0x0000cfe4       0x20 Z:/Desktop/Project_bsp/\libhal_bsp.a(altera_nios2_irq.o)
                0x0000cfe4                altera_nios2_irq_init
 .text          0x0000d004        0x0 Z:/Desktop/Project_bsp/\libhal_bsp.a(alt_exception_entry.o)
 .text          0x0000d004       0x94 Z:/Desktop/Project_bsp/\libhal_bsp.a(alt_find_dev.o)
                0x0000d004                alt_find_dev
 .text          0x0000d098      0x120 Z:/Desktop/Project_bsp/\libhal_bsp.a(alt_find_file.o)
                0x0000d098                alt_find_file
 .text          0x0000d1b8       0xb8 Z:/Desktop/Project_bsp/\libhal_bsp.a(alt_get_fd.o)
                0x0000d1b8                alt_get_fd
 .text          0x0000d270       0x90 Z:/Desktop/Project_bsp/\libhal_bsp.a(alt_icache_flush.o)
                0x0000d270                alt_icache_flush
 .text          0x0000d300       0x14 c:/altera/11.1/nios2eds/bin/gnu/h-i686-mingw32/bin/../lib/gcc/nios2-elf/4.1.2/../../../../nios2-elf/lib\libc.a(lib_a-atexit.o)
                0x0000d300                atexit
 .text          0x0000d314       0x74 c:/altera/11.1/nios2eds/bin/gnu/h-i686-mingw32/bin/../lib/gcc/nios2-elf/4.1.2/../../../../nios2-elf/lib\libc.a(lib_a-memcmp.o)
                0x0000d314                memcmp
 .text          0x0000d388      0x134 c:/altera/11.1/nios2eds/bin/gnu/h-i686-mingw32/bin/../lib/gcc/nios2-elf/4.1.2/../../../../nios2-elf/lib\libc.a(lib_a-__atexit.o)
                0x0000d388                __register_exitproc
 *(.gnu.warning.*)
 *(.fini)
                0x0000d4bc                PROVIDE (__etext, ABSOLUTE (.))
                0x0000d4bc                PROVIDE (_etext, ABSOLUTE (.))
                0x0000d4bc                PROVIDE (etext, ABSOLUTE (.))
 *(.eh_frame_hdr)
                0x0000d4bc                . = ALIGN (0x4)
                0x0000d4bc                PROVIDE (__preinit_array_start, ABSOLUTE (.))
 *(.preinit_array)
                0x0000d4bc                PROVIDE (__preinit_array_end, ABSOLUTE (.))
                0x0000d4bc                PROVIDE (__init_array_start, ABSOLUTE (.))
 *(.init_array)
                0x0000d4bc                PROVIDE (__init_array_end, ABSOLUTE (.))
                0x0000d4bc                PROVIDE (__fini_array_start, ABSOLUTE (.))
 *(.fini_array)
                0x0000d4bc                PROVIDE (__fini_array_end, ABSOLUTE (.))
 *(.eh_frame)
 .eh_frame      0x0000d4bc       0x40 c:/altera/11.1/nios2eds/bin/gnu/h-i686-mingw32/bin/../lib/gcc/nios2-elf/4.1.2\libgcc.a(_udivdi3.o)
 .eh_frame      0x0000d4fc       0x2c c:/altera/11.1/nios2eds/bin/gnu/h-i686-mingw32/bin/../lib/gcc/nios2-elf/4.1.2\libgcc.a(_umoddi3.o)
                                 0x40 (size before relaxing)
 *(.gcc_except_table)
 *(.dynamic)
                0x0000d528                PROVIDE (__CTOR_LIST__, ABSOLUTE (.))
 *(.ctors)
 *(SORT(.ctors.*))
 .ctors.65535   0x0000d528        0x4 c:/altera/11.1/nios2eds/bin/gnu/h-i686-mingw32/bin/../lib/gcc/nios2-elf/4.1.2/../../../../nios2-elf/lib\libc.a(lib_a-__call_atexit.o)
                0x0000d52c                PROVIDE (__CTOR_END__, ABSOLUTE (.))
                0x0000d52c                PROVIDE (__DTOR_LIST__, ABSOLUTE (.))
 *(.dtors)
 *(SORT(.dtors.*))
                0x0000d52c                PROVIDE (__DTOR_END__, ABSOLUTE (.))
 *(.jcr)
                0x0000d52c                . = ALIGN (0x4)

.rodata         0x0000d52c      0x5a8
                0x0000d52c                PROVIDE (__ram_rodata_start, ABSOLUTE (.))
                0x0000d52c                . = ALIGN (0x4)
 *(.rodata .rodata.* .gnu.linkonce.r.*)
 .rodata        0x0000d52c       0x20 obj/default/alarm_handler.o
 .rodata        0x0000d54c      0x188 obj/default/project1.o
 .rodata        0x0000d6d4       0x1c obj/default/queue.o
 .rodata        0x0000d6f0       0x3c obj/default/thread_handler.o
 .rodata        0x0000d72c       0x6c obj/default/thread_queue.o
 .rodata.str1.4
                0x0000d798        0x2 c:/altera/11.1/nios2eds/bin/gnu/h-i686-mingw32/bin/../lib/gcc/nios2-elf/4.1.2/../../../../nios2-elf/lib\libc.a(lib_a-impure.o)
                                  0x4 (size before relaxing)
 *fill*         0x0000d79a        0x2 00
 .rodata.str1.4
                0x0000d79c        0x2 c:/altera/11.1/nios2eds/bin/gnu/h-i686-mingw32/bin/../lib/gcc/nios2-elf/4.1.2/../../../../nios2-elf/lib\libc.a(lib_a-puts.o)
                                  0x4 (size before relaxing)
 *fill*         0x0000d79e        0x2 00
 .rodata.str1.4
                0x0000d7a0       0x5e c:/altera/11.1/nios2eds/bin/gnu/h-i686-mingw32/bin/../lib/gcc/nios2-elf/4.1.2/../../../../nios2-elf/lib\libc.a(lib_a-vfprintf.o)
                                 0x60 (size before relaxing)
 .rodata        0x0000d7fe       0x20 c:/altera/11.1/nios2eds/bin/gnu/h-i686-mingw32/bin/../lib/gcc/nios2-elf/4.1.2/../../../../nios2-elf/lib\libc.a(lib_a-vfprintf.o)
 *fill*         0x0000d81e        0x2 00
 .rodata.str1.4
                0x0000d820       0x10 c:/altera/11.1/nios2eds/bin/gnu/h-i686-mingw32/bin/../lib/gcc/nios2-elf/4.1.2/../../../../nios2-elf/lib\libc.a(lib_a-dtoa.o)
                                 0x14 (size before relaxing)
 .rodata.str1.4
                0x0000d830       0x10 c:/altera/11.1/nios2eds/bin/gnu/h-i686-mingw32/bin/../lib/gcc/nios2-elf/4.1.2/../../../../nios2-elf/lib\libc.a(lib_a-locale.o)
                                 0x18 (size before relaxing)
 .rodata        0x0000d840       0x30 c:/altera/11.1/nios2eds/bin/gnu/h-i686-mingw32/bin/../lib/gcc/nios2-elf/4.1.2/../../../../nios2-elf/lib\libc.a(lib_a-locale.o)
 .rodata        0x0000d870      0x124 c:/altera/11.1/nios2eds/bin/gnu/h-i686-mingw32/bin/../lib/gcc/nios2-elf/4.1.2/../../../../nios2-elf/lib\libc.a(lib_a-mprec.o)
                0x0000d870                __mprec_tens
                0x0000d938                __mprec_bigtens
                0x0000d960                __mprec_tinytens
 .rodata        0x0000d994       0x14 c:/altera/11.1/nios2eds/bin/gnu/h-i686-mingw32/bin/../lib/gcc/nios2-elf/4.1.2\libgcc.a(_thenan_df.o)
                0x0000d994                __thenan_df
 .rodata        0x0000d9a8      0x100 c:/altera/11.1/nios2eds/bin/gnu/h-i686-mingw32/bin/../lib/gcc/nios2-elf/4.1.2\libgcc.a(_clz.o)
                0x0000d9a8                __clz_tab
 .rodata        0x0000daa8        0xc Z:/Desktop/Project_bsp/\libhal_bsp.a(alt_dev.o)
 .rodata        0x0000dab4       0x10 Z:/Desktop/Project_bsp/\libhal_bsp.a(alt_main.o)
 .rodata        0x0000dac4       0x10 Z:/Desktop/Project_bsp/\libhal_bsp.a(alt_sys_init.o)
 *(.rodata1)
                0x0000dad4                . = ALIGN (0x4)
                0x0000dad4                PROVIDE (__ram_rodata_end, ABSOLUTE (.))
                0x0000d52c                PROVIDE (__flash_rodata_start, LOADADDR (.rodata))

.rwdata         0x0000dad4     0x1a5c load address 0x0000f530
                0x0000dad4                PROVIDE (__ram_rwdata_start, ABSOLUTE (.))
                0x0000dad4                . = ALIGN (0x4)
 *(.got.plt)
 *(.got)
 *(.data1)
 *(.data .data.* .gnu.linkonce.d.*)
 .data          0x0000dad4        0x0 Z:/Desktop/Project_bsp//obj/HAL/src/crt0.o
 .data          0x0000dad4        0x0 obj/default/alarm_handler.o
 .data          0x0000dad4        0x0 obj/default/mysem.o
 .data          0x0000dad4        0x0 obj/default/project1.o
 .data          0x0000dad4        0x0 obj/default/queue.o
 .data          0x0000dad4        0x0 obj/default/thread_handler.o
 .data          0x0000dad4        0x0 obj/default/thread_queue.o
 .data          0x0000dad4        0x0 obj/default/exception_handler.o
 .data          0x0000dad4        0x0 c:/altera/11.1/nios2eds/bin/gnu/h-i686-mingw32/bin/../lib/gcc/nios2-elf/4.1.2/../../../../nios2-elf/lib\libc.a(lib_a-exit.o)
 .data          0x0000dad4      0x400 c:/altera/11.1/nios2eds/bin/gnu/h-i686-mingw32/bin/../lib/gcc/nios2-elf/4.1.2/../../../../nios2-elf/lib\libc.a(lib_a-impure.o)
 .data          0x0000ded4        0x0 c:/altera/11.1/nios2eds/bin/gnu/h-i686-mingw32/bin/../lib/gcc/nios2-elf/4.1.2/../../../../nios2-elf/lib\libc.a(lib_a-malloc.o)
 .data          0x0000ded4      0x408 c:/altera/11.1/nios2eds/bin/gnu/h-i686-mingw32/bin/../lib/gcc/nios2-elf/4.1.2/../../../../nios2-elf/lib\libc.a(lib_a-mallocr.o)
                0x0000ded4                __malloc_av_
 .data          0x0000e2dc        0x0 c:/altera/11.1/nios2eds/bin/gnu/h-i686-mingw32/bin/../lib/gcc/nios2-elf/4.1.2/../../../../nios2-elf/lib\libc.a(lib_a-printf.o)
 .data          0x0000e2dc        0x0 c:/altera/11.1/nios2eds/bin/gnu/h-i686-mingw32/bin/../lib/gcc/nios2-elf/4.1.2/../../../../nios2-elf/lib\libc.a(lib_a-putchar.o)
 .data          0x0000e2dc        0x0 c:/altera/11.1/nios2eds/bin/gnu/h-i686-mingw32/bin/../lib/gcc/nios2-elf/4.1.2/../../../../nios2-elf/lib\libc.a(lib_a-puts.o)
 .data          0x0000e2dc        0x0 c:/altera/11.1/nios2eds/bin/gnu/h-i686-mingw32/bin/../lib/gcc/nios2-elf/4.1.2/../../../../nios2-elf/lib\libc.a(lib_a-sbrkr.o)
 .data          0x0000e2dc        0x0 c:/altera/11.1/nios2eds/bin/gnu/h-i686-mingw32/bin/../lib/gcc/nios2-elf/4.1.2/../../../../nios2-elf/lib\libc.a(lib_a-strlen.o)
 .data          0x0000e2dc        0x0 c:/altera/11.1/nios2eds/bin/gnu/h-i686-mingw32/bin/../lib/gcc/nios2-elf/4.1.2/../../../../nios2-elf/lib\libc.a(lib_a-vfprintf.o)
 .data          0x0000e2dc        0x0 c:/altera/11.1/nios2eds/bin/gnu/h-i686-mingw32/bin/../lib/gcc/nios2-elf/4.1.2/../../../../nios2-elf/lib\libc.a(lib_a-wsetup.o)
 .data          0x0000e2dc        0x0 c:/altera/11.1/nios2eds/bin/gnu/h-i686-mingw32/bin/../lib/gcc/nios2-elf/4.1.2/../../../../nios2-elf/lib\libc.a(lib_a-__call_atexit.o)
 .data          0x0000e2dc        0x0 c:/altera/11.1/nios2eds/bin/gnu/h-i686-mingw32/bin/../lib/gcc/nios2-elf/4.1.2/../../../../nios2-elf/lib\libc.a(lib_a-dtoa.o)
 .data          0x0000e2dc        0x0 c:/altera/11.1/nios2eds/bin/gnu/h-i686-mingw32/bin/../lib/gcc/nios2-elf/4.1.2/../../../../nios2-elf/lib\libc.a(lib_a-fflush.o)
 .data          0x0000e2dc        0x0 c:/altera/11.1/nios2eds/bin/gnu/h-i686-mingw32/bin/../lib/gcc/nios2-elf/4.1.2/../../../../nios2-elf/lib\libc.a(lib_a-findfp.o)
 .data          0x0000e2dc        0x0 c:/altera/11.1/nios2eds/bin/gnu/h-i686-mingw32/bin/../lib/gcc/nios2-elf/4.1.2/../../../../nios2-elf/lib\libc.a(lib_a-freer.o)
 .data          0x0000e2dc        0x0 c:/altera/11.1/nios2eds/bin/gnu/h-i686-mingw32/bin/../lib/gcc/nios2-elf/4.1.2/../../../../nios2-elf/lib\libc.a(lib_a-fvwrite.o)
 .data          0x0000e2dc        0x0 c:/altera/11.1/nios2eds/bin/gnu/h-i686-mingw32/bin/../lib/gcc/nios2-elf/4.1.2/../../../../nios2-elf/lib\libc.a(lib_a-fwalk.o)
 .data          0x0000e2dc        0x0 c:/altera/11.1/nios2eds/bin/gnu/h-i686-mingw32/bin/../lib/gcc/nios2-elf/4.1.2/../../../../nios2-elf/lib\libc.a(lib_a-int_errno.o)
 .data          0x0000e2dc        0xc c:/altera/11.1/nios2eds/bin/gnu/h-i686-mingw32/bin/../lib/gcc/nios2-elf/4.1.2/../../../../nios2-elf/lib\libc.a(lib_a-locale.o)
                0x0000e2dc                __lc_ctype
 .data          0x0000e2e8        0x0 c:/altera/11.1/nios2eds/bin/gnu/h-i686-mingw32/bin/../lib/gcc/nios2-elf/4.1.2/../../../../nios2-elf/lib\libc.a(lib_a-makebuf.o)
 .data          0x0000e2e8        0x0 c:/altera/11.1/nios2eds/bin/gnu/h-i686-mingw32/bin/../lib/gcc/nios2-elf/4.1.2/../../../../nios2-elf/lib\libc.a(lib_a-memchr.o)
 .data          0x0000e2e8        0x0 c:/altera/11.1/nios2eds/bin/gnu/h-i686-mingw32/bin/../lib/gcc/nios2-elf/4.1.2/../../../../nios2-elf/lib\libc.a(lib_a-memcpy.o)
 .data          0x0000e2e8        0x0 c:/altera/11.1/nios2eds/bin/gnu/h-i686-mingw32/bin/../lib/gcc/nios2-elf/4.1.2/../../../../nios2-elf/lib\libc.a(lib_a-memmove.o)
 .data          0x0000e2e8        0x0 c:/altera/11.1/nios2eds/bin/gnu/h-i686-mingw32/bin/../lib/gcc/nios2-elf/4.1.2/../../../../nios2-elf/lib\libc.a(lib_a-memset.o)
 .data          0x0000e2e8        0x0 c:/altera/11.1/nios2eds/bin/gnu/h-i686-mingw32/bin/../lib/gcc/nios2-elf/4.1.2/../../../../nios2-elf/lib\libc.a(lib_a-mprec.o)
 .data          0x0000e2e8        0x0 c:/altera/11.1/nios2eds/bin/gnu/h-i686-mingw32/bin/../lib/gcc/nios2-elf/4.1.2/../../../../nios2-elf/lib\libc.a(lib_a-putc.o)
 .data          0x0000e2e8        0x0 c:/altera/11.1/nios2eds/bin/gnu/h-i686-mingw32/bin/../lib/gcc/nios2-elf/4.1.2/../../../../nios2-elf/lib\libc.a(lib_a-reallocr.o)
 .data          0x0000e2e8        0x0 c:/altera/11.1/nios2eds/bin/gnu/h-i686-mingw32/bin/../lib/gcc/nios2-elf/4.1.2/../../../../nios2-elf/lib\libc.a(lib_a-s_isinfd.o)
 .data          0x0000e2e8        0x0 c:/altera/11.1/nios2eds/bin/gnu/h-i686-mingw32/bin/../lib/gcc/nios2-elf/4.1.2/../../../../nios2-elf/lib\libc.a(lib_a-s_isnand.o)
 .data          0x0000e2e8        0x0 c:/altera/11.1/nios2eds/bin/gnu/h-i686-mingw32/bin/../lib/gcc/nios2-elf/4.1.2/../../../../nios2-elf/lib\libc.a(lib_a-stdio.o)
 .data          0x0000e2e8        0x0 c:/altera/11.1/nios2eds/bin/gnu/h-i686-mingw32/bin/../lib/gcc/nios2-elf/4.1.2/../../../../nios2-elf/lib\libc.a(lib_a-strcmp.o)
 .data          0x0000e2e8        0x0 c:/altera/11.1/nios2eds/bin/gnu/h-i686-mingw32/bin/../lib/gcc/nios2-elf/4.1.2/../../../../nios2-elf/lib\libc.a(lib_a-wbuf.o)
 .data          0x0000e2e8        0x0 c:/altera/11.1/nios2eds/bin/gnu/h-i686-mingw32/bin/../lib/gcc/nios2-elf/4.1.2/../../../../nios2-elf/lib\libc.a(lib_a-writer.o)
 .data          0x0000e2e8        0x0 c:/altera/11.1/nios2eds/bin/gnu/h-i686-mingw32/bin/../lib/gcc/nios2-elf/4.1.2/../../../../nios2-elf/lib\libc.a(lib_a-callocr.o)
 .data          0x0000e2e8        0x0 c:/altera/11.1/nios2eds/bin/gnu/h-i686-mingw32/bin/../lib/gcc/nios2-elf/4.1.2/../../../../nios2-elf/lib\libc.a(lib_a-closer.o)
 .data          0x0000e2e8        0x0 c:/altera/11.1/nios2eds/bin/gnu/h-i686-mingw32/bin/../lib/gcc/nios2-elf/4.1.2/../../../../nios2-elf/lib\libc.a(lib_a-fclose.o)
 .data          0x0000e2e8        0x0 c:/altera/11.1/nios2eds/bin/gnu/h-i686-mingw32/bin/../lib/gcc/nios2-elf/4.1.2/../../../../nios2-elf/lib\libc.a(lib_a-fstatr.o)
 .data          0x0000e2e8        0x0 c:/altera/11.1/nios2eds/bin/gnu/h-i686-mingw32/bin/../lib/gcc/nios2-elf/4.1.2/../../../../nios2-elf/lib\libc.a(lib_a-isattyr.o)
 .data          0x0000e2e8        0x0 c:/altera/11.1/nios2eds/bin/gnu/h-i686-mingw32/bin/../lib/gcc/nios2-elf/4.1.2/../../../../nios2-elf/lib\libc.a(lib_a-lseekr.o)
 .data          0x0000e2e8        0x0 c:/altera/11.1/nios2eds/bin/gnu/h-i686-mingw32/bin/../lib/gcc/nios2-elf/4.1.2/../../../../nios2-elf/lib\libc.a(lib_a-readr.o)
 .data          0x0000e2e8        0x0 c:/altera/11.1/nios2eds/bin/gnu/h-i686-mingw32/bin/../lib/gcc/nios2-elf/4.1.2\libgcc.a(_udivdi3.o)
 .data          0x0000e2e8        0x0 c:/altera/11.1/nios2eds/bin/gnu/h-i686-mingw32/bin/../lib/gcc/nios2-elf/4.1.2\libgcc.a(_umoddi3.o)
 .data          0x0000e2e8        0x0 c:/altera/11.1/nios2eds/bin/gnu/h-i686-mingw32/bin/../lib/gcc/nios2-elf/4.1.2\libgcc.a(_addsub_df.o)
 .data          0x0000e2e8        0x0 c:/altera/11.1/nios2eds/bin/gnu/h-i686-mingw32/bin/../lib/gcc/nios2-elf/4.1.2\libgcc.a(_mul_df.o)
 .data          0x0000e2e8        0x0 c:/altera/11.1/nios2eds/bin/gnu/h-i686-mingw32/bin/../lib/gcc/nios2-elf/4.1.2\libgcc.a(_div_df.o)
 .data          0x0000e2e8        0x0 c:/altera/11.1/nios2eds/bin/gnu/h-i686-mingw32/bin/../lib/gcc/nios2-elf/4.1.2\libgcc.a(_eq_df.o)
 .data          0x0000e2e8        0x0 c:/altera/11.1/nios2eds/bin/gnu/h-i686-mingw32/bin/../lib/gcc/nios2-elf/4.1.2\libgcc.a(_ne_df.o)
 .data          0x0000e2e8        0x0 c:/altera/11.1/nios2eds/bin/gnu/h-i686-mingw32/bin/../lib/gcc/nios2-elf/4.1.2\libgcc.a(_gt_df.o)
 .data          0x0000e2e8        0x0 c:/altera/11.1/nios2eds/bin/gnu/h-i686-mingw32/bin/../lib/gcc/nios2-elf/4.1.2\libgcc.a(_ge_df.o)
 .data          0x0000e2e8        0x0 c:/altera/11.1/nios2eds/bin/gnu/h-i686-mingw32/bin/../lib/gcc/nios2-elf/4.1.2\libgcc.a(_lt_df.o)
 .data          0x0000e2e8        0x0 c:/altera/11.1/nios2eds/bin/gnu/h-i686-mingw32/bin/../lib/gcc/nios2-elf/4.1.2\libgcc.a(_si_to_df.o)
 .data          0x0000e2e8        0x0 c:/altera/11.1/nios2eds/bin/gnu/h-i686-mingw32/bin/../lib/gcc/nios2-elf/4.1.2\libgcc.a(_df_to_si.o)
 .data          0x0000e2e8        0x0 c:/altera/11.1/nios2eds/bin/gnu/h-i686-mingw32/bin/../lib/gcc/nios2-elf/4.1.2\libgcc.a(_thenan_df.o)
 .data          0x0000e2e8        0x0 c:/altera/11.1/nios2eds/bin/gnu/h-i686-mingw32/bin/../lib/gcc/nios2-elf/4.1.2\libgcc.a(_usi_to_df.o)
 .data          0x0000e2e8        0x0 c:/altera/11.1/nios2eds/bin/gnu/h-i686-mingw32/bin/../lib/gcc/nios2-elf/4.1.2\libgcc.a(lib2-divmod.o)
 .data          0x0000e2e8        0x0 c:/altera/11.1/nios2eds/bin/gnu/h-i686-mingw32/bin/../lib/gcc/nios2-elf/4.1.2\libgcc.a(_muldi3.o)
 .data          0x0000e2e8        0x0 c:/altera/11.1/nios2eds/bin/gnu/h-i686-mingw32/bin/../lib/gcc/nios2-elf/4.1.2\libgcc.a(_clz.o)
 .data          0x0000e2e8        0x0 c:/altera/11.1/nios2eds/bin/gnu/h-i686-mingw32/bin/../lib/gcc/nios2-elf/4.1.2\libgcc.a(_clzsi2.o)
 .data          0x0000e2e8        0x0 c:/altera/11.1/nios2eds/bin/gnu/h-i686-mingw32/bin/../lib/gcc/nios2-elf/4.1.2\libgcc.a(_pack_df.o)
 .data          0x0000e2e8        0x0 c:/altera/11.1/nios2eds/bin/gnu/h-i686-mingw32/bin/../lib/gcc/nios2-elf/4.1.2\libgcc.a(_unpack_df.o)
 .data          0x0000e2e8        0x0 c:/altera/11.1/nios2eds/bin/gnu/h-i686-mingw32/bin/../lib/gcc/nios2-elf/4.1.2\libgcc.a(_fpcmp_parts_df.o)
 .data          0x0000e2e8        0x0 Z:/Desktop/Project_bsp/\libhal_bsp.a(alt_alarm_start.o)
 .data          0x0000e2e8        0x0 Z:/Desktop/Project_bsp/\libhal_bsp.a(alt_close.o)
 .data          0x0000e2e8      0x1a8 Z:/Desktop/Project_bsp/\libhal_bsp.a(alt_dev.o)
                0x0000e2e8                alt_dev_null
                0x0000e310                alt_fd_list
 .data          0x0000e490        0x0 Z:/Desktop/Project_bsp/\libhal_bsp.a(alt_errno.o)
 .data          0x0000e490        0x0 Z:/Desktop/Project_bsp/\libhal_bsp.a(alt_exit.o)
 .data          0x0000e490        0x0 Z:/Desktop/Project_bsp/\libhal_bsp.a(alt_fstat.o)
 .data          0x0000e490        0x0 Z:/Desktop/Project_bsp/\libhal_bsp.a(alt_isatty.o)
 .data          0x0000e490        0x0 Z:/Desktop/Project_bsp/\libhal_bsp.a(alt_load.o)
 .data          0x0000e490        0x0 Z:/Desktop/Project_bsp/\libhal_bsp.a(alt_lseek.o)
 .data          0x0000e490        0x0 Z:/Desktop/Project_bsp/\libhal_bsp.a(alt_main.o)
 .data          0x0000e490        0x0 Z:/Desktop/Project_bsp/\libhal_bsp.a(alt_malloc_lock.o)
 .data          0x0000e490        0x0 Z:/Desktop/Project_bsp/\libhal_bsp.a(alt_read.o)
 .data          0x0000e490        0x0 Z:/Desktop/Project_bsp/\libhal_bsp.a(alt_release_fd.o)
 .data          0x0000e490        0x0 Z:/Desktop/Project_bsp/\libhal_bsp.a(alt_sbrk.o)
 .data          0x0000e490        0x0 Z:/Desktop/Project_bsp/\libhal_bsp.a(alt_tick.o)
 .data          0x0000e490        0x0 Z:/Desktop/Project_bsp/\libhal_bsp.a(alt_write.o)
 .data          0x0000e490     0x1060 Z:/Desktop/Project_bsp/\libhal_bsp.a(alt_sys_init.o)
 .data          0x0000f4f0        0x0 Z:/Desktop/Project_bsp/\libhal_bsp.a(altera_avalon_jtag_uart_fd.o)
 .data          0x0000f4f0        0x0 Z:/Desktop/Project_bsp/\libhal_bsp.a(altera_avalon_jtag_uart_init.o)
 .data          0x0000f4f0        0x0 Z:/Desktop/Project_bsp/\libhal_bsp.a(altera_avalon_jtag_uart_ioctl.o)
 .data          0x0000f4f0        0x0 Z:/Desktop/Project_bsp/\libhal_bsp.a(altera_avalon_jtag_uart_read.o)
 .data          0x0000f4f0        0x0 Z:/Desktop/Project_bsp/\libhal_bsp.a(altera_avalon_jtag_uart_write.o)
 .data          0x0000f4f0        0x0 Z:/Desktop/Project_bsp/\libhal_bsp.a(altera_avalon_timer_sc.o)
 .data          0x0000f4f0        0x0 Z:/Desktop/Project_bsp/\libhal_bsp.a(alt_dcache_flush_all.o)
 .data          0x0000f4f0        0x0 Z:/Desktop/Project_bsp/\libhal_bsp.a(alt_dev_llist_insert.o)
 .data          0x0000f4f0        0x0 Z:/Desktop/Project_bsp/\libhal_bsp.a(alt_do_ctors.o)
 .data          0x0000f4f0        0x0 Z:/Desktop/Project_bsp/\libhal_bsp.a(alt_do_dtors.o)
 .data          0x0000f4f0        0x0 Z:/Desktop/Project_bsp/\libhal_bsp.a(alt_icache_flush_all.o)
 .data          0x0000f4f0        0x0 Z:/Desktop/Project_bsp/\libhal_bsp.a(alt_iic.o)
 .data          0x0000f4f0        0x0 Z:/Desktop/Project_bsp/\libhal_bsp.a(alt_iic_isr_register.o)
 .data          0x0000f4f0        0x0 Z:/Desktop/Project_bsp/\libhal_bsp.a(alt_io_redirect.o)
 .data          0x0000f4f0        0x0 Z:/Desktop/Project_bsp/\libhal_bsp.a(alt_irq_entry.o)
 .data          0x0000f4f0        0x0 Z:/Desktop/Project_bsp/\libhal_bsp.a(alt_irq_handler.o)
 .data          0x0000f4f0        0x0 Z:/Desktop/Project_bsp/\libhal_bsp.a(alt_irq_vars.o)
 .data          0x0000f4f0        0x0 Z:/Desktop/Project_bsp/\libhal_bsp.a(alt_open.o)
 .data          0x0000f4f0        0x0 Z:/Desktop/Project_bsp/\libhal_bsp.a(altera_nios2_irq.o)
 .data          0x0000f4f0        0x0 Z:/Desktop/Project_bsp/\libhal_bsp.a(alt_exception_entry.o)
 .data          0x0000f4f0        0x0 Z:/Desktop/Project_bsp/\libhal_bsp.a(alt_find_dev.o)
 .data          0x0000f4f0        0x0 Z:/Desktop/Project_bsp/\libhal_bsp.a(alt_find_file.o)
 .data          0x0000f4f0        0x0 Z:/Desktop/Project_bsp/\libhal_bsp.a(alt_get_fd.o)
 .data          0x0000f4f0        0x0 Z:/Desktop/Project_bsp/\libhal_bsp.a(alt_icache_flush.o)
 .data          0x0000f4f0        0x0 c:/altera/11.1/nios2eds/bin/gnu/h-i686-mingw32/bin/../lib/gcc/nios2-elf/4.1.2/../../../../nios2-elf/lib\libc.a(lib_a-atexit.o)
 .data          0x0000f4f0        0x0 c:/altera/11.1/nios2eds/bin/gnu/h-i686-mingw32/bin/../lib/gcc/nios2-elf/4.1.2/../../../../nios2-elf/lib\libc.a(lib_a-memcmp.o)
 .data          0x0000f4f0        0x0 c:/altera/11.1/nios2eds/bin/gnu/h-i686-mingw32/bin/../lib/gcc/nios2-elf/4.1.2/../../../../nios2-elf/lib\libc.a(lib_a-__atexit.o)
                0x000174f0                _gp = ABSOLUTE ((. + 0x8000))
                0x000174f0                PROVIDE (gp, _gp)
 *(.rwdata .rwdata.*)
 *(.sdata .sdata.* .gnu.linkonce.s.*)
 .sdata         0x0000f4f0        0x8 c:/altera/11.1/nios2eds/bin/gnu/h-i686-mingw32/bin/../lib/gcc/nios2-elf/4.1.2/../../../../nios2-elf/lib\libc.a(lib_a-impure.o)
                0x0000f4f0                _impure_ptr
                0x0000f4f4                _global_impure_ptr
 .sdata         0x0000f4f8        0x8 c:/altera/11.1/nios2eds/bin/gnu/h-i686-mingw32/bin/../lib/gcc/nios2-elf/4.1.2/../../../../nios2-elf/lib\libc.a(lib_a-mallocr.o)
                0x0000f4f8                __malloc_trim_threshold
                0x0000f4fc                __malloc_sbrk_base
 .sdata         0x0000f500        0x8 c:/altera/11.1/nios2eds/bin/gnu/h-i686-mingw32/bin/../lib/gcc/nios2-elf/4.1.2/../../../../nios2-elf/lib\libc.a(lib_a-locale.o)
                0x0000f500                __mb_cur_max
 .sdata         0x0000f508       0x14 Z:/Desktop/Project_bsp/\libhal_bsp.a(alt_dev.o)
                0x0000f508                alt_fs_list
                0x0000f510                alt_dev_list
                0x0000f518                alt_max_fd
 .sdata         0x0000f51c        0x4 Z:/Desktop/Project_bsp/\libhal_bsp.a(alt_errno.o)
                0x0000f51c                alt_errno
 .sdata         0x0000f520        0x4 Z:/Desktop/Project_bsp/\libhal_bsp.a(alt_sbrk.o)
 .sdata         0x0000f524        0x8 Z:/Desktop/Project_bsp/\libhal_bsp.a(alt_tick.o)
                0x0000f524                alt_alarm_list
 .sdata         0x0000f52c        0x4 Z:/Desktop/Project_bsp/\libhal_bsp.a(alt_irq_vars.o)
                0x0000f52c                alt_priority_mask
 *(.sdata2 .sdata2.* .gnu.linkonce.s2.*)
                0x0000f530                . = ALIGN (0x4)
                0x0000f530                _edata = ABSOLUTE (.)
                0x0000f530                PROVIDE (edata, ABSOLUTE (.))
                0x0000f530                PROVIDE (__ram_rwdata_end, ABSOLUTE (.))
                0x0000f530                PROVIDE (__flash_rwdata_start, LOADADDR (.rwdata))

.bss            0x00010f8c      0x348
                0x00010f8c                __bss_start = ABSOLUTE (.)
                0x00010f8c                PROVIDE (__sbss_start, ABSOLUTE (.))
                0x00010f8c                PROVIDE (___sbss_start, ABSOLUTE (.))
 *(.dynsbss)
 *(.sbss .sbss.* .gnu.linkonce.sb.*)
 .sbss          0x00010f8c        0x4 obj/default/alarm_handler.o
                0x00010f8c                alarmflag
 .sbss          0x00010f90        0x8 obj/default/project1.o
                0x00010f90                waiting
                0x00010f94                haircut
 .sbss          0x00010f98        0x8 obj/default/thread_handler.o
 .sbss          0x00010fa0        0xc c:/altera/11.1/nios2eds/bin/gnu/h-i686-mingw32/bin/../lib/gcc/nios2-elf/4.1.2/../../../../nios2-elf/lib\libc.a(lib_a-mallocr.o)
                0x00010fa0                __malloc_top_pad
                0x00010fa4                __malloc_max_sbrked_mem
                0x00010fa8                __malloc_max_total_mem
 .sbss          0x00010fac        0x4 c:/altera/11.1/nios2eds/bin/gnu/h-i686-mingw32/bin/../lib/gcc/nios2-elf/4.1.2/../../../../nios2-elf/lib\libc.a(lib_a-int_errno.o)
                0x00010fac                errno
 .sbss          0x00010fb0        0xc c:/altera/11.1/nios2eds/bin/gnu/h-i686-mingw32/bin/../lib/gcc/nios2-elf/4.1.2/../../../../nios2-elf/lib\libc.a(lib_a-locale.o)
                0x00010fb0                __nlocale_changed
                0x00010fb4                __mlocale_changed
                0x00010fb8                _PathLocale
 .sbss          0x00010fbc        0xc Z:/Desktop/Project_bsp/\libhal_bsp.a(alt_main.o)
                0x00010fbc                alt_argc
                0x00010fc0                alt_argv
                0x00010fc4                alt_envp
 .sbss          0x00010fc8        0x8 Z:/Desktop/Project_bsp/\libhal_bsp.a(alt_tick.o)
                0x00010fc8                _alt_tick_rate
                0x00010fcc                _alt_nticks
 .sbss          0x00010fd0        0x4 Z:/Desktop/Project_bsp/\libhal_bsp.a(alt_irq_vars.o)
                0x00010fd0                alt_irq_active
 *(.sbss2 .sbss2.* .gnu.linkonce.sb2.*)
 *(.scommon)
                0x00010fd4                PROVIDE (__sbss_end, ABSOLUTE (.))
                0x00010fd4                PROVIDE (___sbss_end, ABSOLUTE (.))
 *(.dynbss)
 *(.bss .bss.* .gnu.linkonce.b.*)
 .bss           0x00010fd4        0x0 Z:/Desktop/Project_bsp//obj/HAL/src/crt0.o
 .bss           0x00010fd4       0x18 obj/default/alarm_handler.o
 .bss           0x00010fec        0x0 obj/default/mysem.o
 .bss           0x00010fec        0x0 obj/default/project1.o
 .bss           0x00010fec        0xc obj/default/queue.o
 .bss           0x00010ff8        0x0 obj/default/thread_handler.o
 .bss           0x00010ff8        0x0 obj/default/thread_queue.o
 .bss           0x00010ff8        0x0 obj/default/exception_handler.o
 .bss           0x00010ff8        0x0 c:/altera/11.1/nios2eds/bin/gnu/h-i686-mingw32/bin/../lib/gcc/nios2-elf/4.1.2/../../../../nios2-elf/lib\libc.a(lib_a-exit.o)
 .bss           0x00010ff8        0x0 c:/altera/11.1/nios2eds/bin/gnu/h-i686-mingw32/bin/../lib/gcc/nios2-elf/4.1.2/../../../../nios2-elf/lib\libc.a(lib_a-impure.o)
 .bss           0x00010ff8        0x0 c:/altera/11.1/nios2eds/bin/gnu/h-i686-mingw32/bin/../lib/gcc/nios2-elf/4.1.2/../../../../nios2-elf/lib\libc.a(lib_a-malloc.o)
 .bss           0x00010ff8       0x28 c:/altera/11.1/nios2eds/bin/gnu/h-i686-mingw32/bin/../lib/gcc/nios2-elf/4.1.2/../../../../nios2-elf/lib\libc.a(lib_a-mallocr.o)
                0x00010ff8                __malloc_current_mallinfo
 .bss           0x00011020        0x0 c:/altera/11.1/nios2eds/bin/gnu/h-i686-mingw32/bin/../lib/gcc/nios2-elf/4.1.2/../../../../nios2-elf/lib\libc.a(lib_a-printf.o)
 .bss           0x00011020        0x0 c:/altera/11.1/nios2eds/bin/gnu/h-i686-mingw32/bin/../lib/gcc/nios2-elf/4.1.2/../../../../nios2-elf/lib\libc.a(lib_a-putchar.o)
 .bss           0x00011020        0x0 c:/altera/11.1/nios2eds/bin/gnu/h-i686-mingw32/bin/../lib/gcc/nios2-elf/4.1.2/../../../../nios2-elf/lib\libc.a(lib_a-puts.o)
 .bss           0x00011020        0x0 c:/altera/11.1/nios2eds/bin/gnu/h-i686-mingw32/bin/../lib/gcc/nios2-elf/4.1.2/../../../../nios2-elf/lib\libc.a(lib_a-sbrkr.o)
 .bss           0x00011020        0x0 c:/altera/11.1/nios2eds/bin/gnu/h-i686-mingw32/bin/../lib/gcc/nios2-elf/4.1.2/../../../../nios2-elf/lib\libc.a(lib_a-strlen.o)
 .bss           0x00011020        0x0 c:/altera/11.1/nios2eds/bin/gnu/h-i686-mingw32/bin/../lib/gcc/nios2-elf/4.1.2/../../../../nios2-elf/lib\libc.a(lib_a-vfprintf.o)
 .bss           0x00011020        0x0 c:/altera/11.1/nios2eds/bin/gnu/h-i686-mingw32/bin/../lib/gcc/nios2-elf/4.1.2/../../../../nios2-elf/lib\libc.a(lib_a-wsetup.o)
 .bss           0x00011020        0x0 c:/altera/11.1/nios2eds/bin/gnu/h-i686-mingw32/bin/../lib/gcc/nios2-elf/4.1.2/../../../../nios2-elf/lib\libc.a(lib_a-__call_atexit.o)
 .bss           0x00011020        0x0 c:/altera/11.1/nios2eds/bin/gnu/h-i686-mingw32/bin/../lib/gcc/nios2-elf/4.1.2/../../../../nios2-elf/lib\libc.a(lib_a-dtoa.o)
 .bss           0x00011020        0x0 c:/altera/11.1/nios2eds/bin/gnu/h-i686-mingw32/bin/../lib/gcc/nios2-elf/4.1.2/../../../../nios2-elf/lib\libc.a(lib_a-fflush.o)
 .bss           0x00011020        0x0 c:/altera/11.1/nios2eds/bin/gnu/h-i686-mingw32/bin/../lib/gcc/nios2-elf/4.1.2/../../../../nios2-elf/lib\libc.a(lib_a-findfp.o)
 .bss           0x00011020        0x0 c:/altera/11.1/nios2eds/bin/gnu/h-i686-mingw32/bin/../lib/gcc/nios2-elf/4.1.2/../../../../nios2-elf/lib\libc.a(lib_a-freer.o)
 .bss           0x00011020        0x0 c:/altera/11.1/nios2eds/bin/gnu/h-i686-mingw32/bin/../lib/gcc/nios2-elf/4.1.2/../../../../nios2-elf/lib\libc.a(lib_a-fvwrite.o)
 .bss           0x00011020        0x0 c:/altera/11.1/nios2eds/bin/gnu/h-i686-mingw32/bin/../lib/gcc/nios2-elf/4.1.2/../../../../nios2-elf/lib\libc.a(lib_a-fwalk.o)
 .bss           0x00011020        0x0 c:/altera/11.1/nios2eds/bin/gnu/h-i686-mingw32/bin/../lib/gcc/nios2-elf/4.1.2/../../../../nios2-elf/lib\libc.a(lib_a-int_errno.o)
 .bss           0x00011020        0x0 c:/altera/11.1/nios2eds/bin/gnu/h-i686-mingw32/bin/../lib/gcc/nios2-elf/4.1.2/../../../../nios2-elf/lib\libc.a(lib_a-locale.o)
 .bss           0x00011020        0x0 c:/altera/11.1/nios2eds/bin/gnu/h-i686-mingw32/bin/../lib/gcc/nios2-elf/4.1.2/../../../../nios2-elf/lib\libc.a(lib_a-makebuf.o)
 .bss           0x00011020        0x0 c:/altera/11.1/nios2eds/bin/gnu/h-i686-mingw32/bin/../lib/gcc/nios2-elf/4.1.2/../../../../nios2-elf/lib\libc.a(lib_a-memchr.o)
 .bss           0x00011020        0x0 c:/altera/11.1/nios2eds/bin/gnu/h-i686-mingw32/bin/../lib/gcc/nios2-elf/4.1.2/../../../../nios2-elf/lib\libc.a(lib_a-memcpy.o)
 .bss           0x00011020        0x0 c:/altera/11.1/nios2eds/bin/gnu/h-i686-mingw32/bin/../lib/gcc/nios2-elf/4.1.2/../../../../nios2-elf/lib\libc.a(lib_a-memmove.o)
 .bss           0x00011020        0x0 c:/altera/11.1/nios2eds/bin/gnu/h-i686-mingw32/bin/../lib/gcc/nios2-elf/4.1.2/../../../../nios2-elf/lib\libc.a(lib_a-memset.o)
 .bss           0x00011020        0x0 c:/altera/11.1/nios2eds/bin/gnu/h-i686-mingw32/bin/../lib/gcc/nios2-elf/4.1.2/../../../../nios2-elf/lib\libc.a(lib_a-mprec.o)
 .bss           0x00011020        0x0 c:/altera/11.1/nios2eds/bin/gnu/h-i686-mingw32/bin/../lib/gcc/nios2-elf/4.1.2/../../../../nios2-elf/lib\libc.a(lib_a-putc.o)
 .bss           0x00011020        0x0 c:/altera/11.1/nios2eds/bin/gnu/h-i686-mingw32/bin/../lib/gcc/nios2-elf/4.1.2/../../../../nios2-elf/lib\libc.a(lib_a-reallocr.o)
 .bss           0x00011020        0x0 c:/altera/11.1/nios2eds/bin/gnu/h-i686-mingw32/bin/../lib/gcc/nios2-elf/4.1.2/../../../../nios2-elf/lib\libc.a(lib_a-s_isinfd.o)
 .bss           0x00011020        0x0 c:/altera/11.1/nios2eds/bin/gnu/h-i686-mingw32/bin/../lib/gcc/nios2-elf/4.1.2/../../../../nios2-elf/lib\libc.a(lib_a-s_isnand.o)
 .bss           0x00011020        0x0 c:/altera/11.1/nios2eds/bin/gnu/h-i686-mingw32/bin/../lib/gcc/nios2-elf/4.1.2/../../../../nios2-elf/lib\libc.a(lib_a-stdio.o)
 .bss           0x00011020        0x0 c:/altera/11.1/nios2eds/bin/gnu/h-i686-mingw32/bin/../lib/gcc/nios2-elf/4.1.2/../../../../nios2-elf/lib\libc.a(lib_a-strcmp.o)
 .bss           0x00011020        0x0 c:/altera/11.1/nios2eds/bin/gnu/h-i686-mingw32/bin/../lib/gcc/nios2-elf/4.1.2/../../../../nios2-elf/lib\libc.a(lib_a-wbuf.o)
 .bss           0x00011020        0x0 c:/altera/11.1/nios2eds/bin/gnu/h-i686-mingw32/bin/../lib/gcc/nios2-elf/4.1.2/../../../../nios2-elf/lib\libc.a(lib_a-writer.o)
 .bss           0x00011020        0x0 c:/altera/11.1/nios2eds/bin/gnu/h-i686-mingw32/bin/../lib/gcc/nios2-elf/4.1.2/../../../../nios2-elf/lib\libc.a(lib_a-callocr.o)
 .bss           0x00011020        0x0 c:/altera/11.1/nios2eds/bin/gnu/h-i686-mingw32/bin/../lib/gcc/nios2-elf/4.1.2/../../../../nios2-elf/lib\libc.a(lib_a-closer.o)
 .bss           0x00011020        0x0 c:/altera/11.1/nios2eds/bin/gnu/h-i686-mingw32/bin/../lib/gcc/nios2-elf/4.1.2/../../../../nios2-elf/lib\libc.a(lib_a-fclose.o)
 .bss           0x00011020        0x0 c:/altera/11.1/nios2eds/bin/gnu/h-i686-mingw32/bin/../lib/gcc/nios2-elf/4.1.2/../../../../nios2-elf/lib\libc.a(lib_a-fstatr.o)
 .bss           0x00011020        0x0 c:/altera/11.1/nios2eds/bin/gnu/h-i686-mingw32/bin/../lib/gcc/nios2-elf/4.1.2/../../../../nios2-elf/lib\libc.a(lib_a-isattyr.o)
 .bss           0x00011020        0x0 c:/altera/11.1/nios2eds/bin/gnu/h-i686-mingw32/bin/../lib/gcc/nios2-elf/4.1.2/../../../../nios2-elf/lib\libc.a(lib_a-lseekr.o)
 .bss           0x00011020        0x0 c:/altera/11.1/nios2eds/bin/gnu/h-i686-mingw32/bin/../lib/gcc/nios2-elf/4.1.2/../../../../nios2-elf/lib\libc.a(lib_a-readr.o)
 .bss           0x00011020        0x0 c:/altera/11.1/nios2eds/bin/gnu/h-i686-mingw32/bin/../lib/gcc/nios2-elf/4.1.2\libgcc.a(_udivdi3.o)
 .bss           0x00011020        0x0 c:/altera/11.1/nios2eds/bin/gnu/h-i686-mingw32/bin/../lib/gcc/nios2-elf/4.1.2\libgcc.a(_umoddi3.o)
 .bss           0x00011020        0x0 c:/altera/11.1/nios2eds/bin/gnu/h-i686-mingw32/bin/../lib/gcc/nios2-elf/4.1.2\libgcc.a(_addsub_df.o)
 .bss           0x00011020        0x0 c:/altera/11.1/nios2eds/bin/gnu/h-i686-mingw32/bin/../lib/gcc/nios2-elf/4.1.2\libgcc.a(_mul_df.o)
 .bss           0x00011020        0x0 c:/altera/11.1/nios2eds/bin/gnu/h-i686-mingw32/bin/../lib/gcc/nios2-elf/4.1.2\libgcc.a(_div_df.o)
 .bss           0x00011020        0x0 c:/altera/11.1/nios2eds/bin/gnu/h-i686-mingw32/bin/../lib/gcc/nios2-elf/4.1.2\libgcc.a(_eq_df.o)
 .bss           0x00011020        0x0 c:/altera/11.1/nios2eds/bin/gnu/h-i686-mingw32/bin/../lib/gcc/nios2-elf/4.1.2\libgcc.a(_ne_df.o)
 .bss           0x00011020        0x0 c:/altera/11.1/nios2eds/bin/gnu/h-i686-mingw32/bin/../lib/gcc/nios2-elf/4.1.2\libgcc.a(_gt_df.o)
 .bss           0x00011020        0x0 c:/altera/11.1/nios2eds/bin/gnu/h-i686-mingw32/bin/../lib/gcc/nios2-elf/4.1.2\libgcc.a(_ge_df.o)
 .bss           0x00011020        0x0 c:/altera/11.1/nios2eds/bin/gnu/h-i686-mingw32/bin/../lib/gcc/nios2-elf/4.1.2\libgcc.a(_lt_df.o)
 .bss           0x00011020        0x0 c:/altera/11.1/nios2eds/bin/gnu/h-i686-mingw32/bin/../lib/gcc/nios2-elf/4.1.2\libgcc.a(_si_to_df.o)
 .bss           0x00011020        0x0 c:/altera/11.1/nios2eds/bin/gnu/h-i686-mingw32/bin/../lib/gcc/nios2-elf/4.1.2\libgcc.a(_df_to_si.o)
 .bss           0x00011020        0x0 c:/altera/11.1/nios2eds/bin/gnu/h-i686-mingw32/bin/../lib/gcc/nios2-elf/4.1.2\libgcc.a(_thenan_df.o)
 .bss           0x00011020        0x0 c:/altera/11.1/nios2eds/bin/gnu/h-i686-mingw32/bin/../lib/gcc/nios2-elf/4.1.2\libgcc.a(_usi_to_df.o)
 .bss           0x00011020        0x0 c:/altera/11.1/nios2eds/bin/gnu/h-i686-mingw32/bin/../lib/gcc/nios2-elf/4.1.2\libgcc.a(lib2-divmod.o)
 .bss           0x00011020        0x0 c:/altera/11.1/nios2eds/bin/gnu/h-i686-mingw32/bin/../lib/gcc/nios2-elf/4.1.2\libgcc.a(_muldi3.o)
 .bss           0x00011020        0x0 c:/altera/11.1/nios2eds/bin/gnu/h-i686-mingw32/bin/../lib/gcc/nios2-elf/4.1.2\libgcc.a(_clz.o)
 .bss           0x00011020        0x0 c:/altera/11.1/nios2eds/bin/gnu/h-i686-mingw32/bin/../lib/gcc/nios2-elf/4.1.2\libgcc.a(_clzsi2.o)
 .bss           0x00011020        0x0 c:/altera/11.1/nios2eds/bin/gnu/h-i686-mingw32/bin/../lib/gcc/nios2-elf/4.1.2\libgcc.a(_pack_df.o)
 .bss           0x00011020        0x0 c:/altera/11.1/nios2eds/bin/gnu/h-i686-mingw32/bin/../lib/gcc/nios2-elf/4.1.2\libgcc.a(_unpack_df.o)
 .bss           0x00011020        0x0 c:/altera/11.1/nios2eds/bin/gnu/h-i686-mingw32/bin/../lib/gcc/nios2-elf/4.1.2\libgcc.a(_fpcmp_parts_df.o)
 .bss           0x00011020        0x0 Z:/Desktop/Project_bsp/\libhal_bsp.a(alt_alarm_start.o)
 .bss           0x00011020        0x0 Z:/Desktop/Project_bsp/\libhal_bsp.a(alt_close.o)
 .bss           0x00011020        0x0 Z:/Desktop/Project_bsp/\libhal_bsp.a(alt_dev.o)
 .bss           0x00011020        0x0 Z:/Desktop/Project_bsp/\libhal_bsp.a(alt_errno.o)
 .bss           0x00011020        0x0 Z:/Desktop/Project_bsp/\libhal_bsp.a(alt_exit.o)
 .bss           0x00011020        0x0 Z:/Desktop/Project_bsp/\libhal_bsp.a(alt_fstat.o)
 .bss           0x00011020        0x0 Z:/Desktop/Project_bsp/\libhal_bsp.a(alt_isatty.o)
 .bss           0x00011020        0x0 Z:/Desktop/Project_bsp/\libhal_bsp.a(alt_load.o)
 .bss           0x00011020        0x0 Z:/Desktop/Project_bsp/\libhal_bsp.a(alt_lseek.o)
 .bss           0x00011020        0x0 Z:/Desktop/Project_bsp/\libhal_bsp.a(alt_main.o)
 .bss           0x00011020        0x0 Z:/Desktop/Project_bsp/\libhal_bsp.a(alt_malloc_lock.o)
 .bss           0x00011020        0x0 Z:/Desktop/Project_bsp/\libhal_bsp.a(alt_read.o)
 .bss           0x00011020        0x0 Z:/Desktop/Project_bsp/\libhal_bsp.a(alt_release_fd.o)
 .bss           0x00011020        0x0 Z:/Desktop/Project_bsp/\libhal_bsp.a(alt_sbrk.o)
 .bss           0x00011020        0x0 Z:/Desktop/Project_bsp/\libhal_bsp.a(alt_tick.o)
 .bss           0x00011020        0x0 Z:/Desktop/Project_bsp/\libhal_bsp.a(alt_write.o)
 .bss           0x00011020        0x0 Z:/Desktop/Project_bsp/\libhal_bsp.a(alt_sys_init.o)
 .bss           0x00011020        0x0 Z:/Desktop/Project_bsp/\libhal_bsp.a(altera_avalon_jtag_uart_fd.o)
 .bss           0x00011020        0x0 Z:/Desktop/Project_bsp/\libhal_bsp.a(altera_avalon_jtag_uart_init.o)
 .bss           0x00011020        0x0 Z:/Desktop/Project_bsp/\libhal_bsp.a(altera_avalon_jtag_uart_ioctl.o)
 .bss           0x00011020        0x0 Z:/Desktop/Project_bsp/\libhal_bsp.a(altera_avalon_jtag_uart_read.o)
 .bss           0x00011020        0x0 Z:/Desktop/Project_bsp/\libhal_bsp.a(altera_avalon_jtag_uart_write.o)
 .bss           0x00011020        0x0 Z:/Desktop/Project_bsp/\libhal_bsp.a(altera_avalon_timer_sc.o)
 .bss           0x00011020        0x0 Z:/Desktop/Project_bsp/\libhal_bsp.a(alt_dcache_flush_all.o)
 .bss           0x00011020        0x0 Z:/Desktop/Project_bsp/\libhal_bsp.a(alt_dev_llist_insert.o)
 .bss           0x00011020        0x0 Z:/Desktop/Project_bsp/\libhal_bsp.a(alt_do_ctors.o)
 .bss           0x00011020        0x0 Z:/Desktop/Project_bsp/\libhal_bsp.a(alt_do_dtors.o)
 .bss           0x00011020        0x0 Z:/Desktop/Project_bsp/\libhal_bsp.a(alt_icache_flush_all.o)
 .bss           0x00011020        0x0 Z:/Desktop/Project_bsp/\libhal_bsp.a(alt_iic.o)
 .bss           0x00011020        0x0 Z:/Desktop/Project_bsp/\libhal_bsp.a(alt_iic_isr_register.o)
 .bss           0x00011020        0x0 Z:/Desktop/Project_bsp/\libhal_bsp.a(alt_io_redirect.o)
 .bss           0x00011020        0x0 Z:/Desktop/Project_bsp/\libhal_bsp.a(alt_irq_entry.o)
 .bss           0x00011020        0x0 Z:/Desktop/Project_bsp/\libhal_bsp.a(alt_irq_handler.o)
 .bss           0x00011020        0x0 Z:/Desktop/Project_bsp/\libhal_bsp.a(alt_irq_vars.o)
 .bss           0x00011020        0x0 Z:/Desktop/Project_bsp/\libhal_bsp.a(alt_open.o)
 .bss           0x00011020        0x0 Z:/Desktop/Project_bsp/\libhal_bsp.a(altera_nios2_irq.o)
 .bss           0x00011020        0x0 Z:/Desktop/Project_bsp/\libhal_bsp.a(alt_exception_entry.o)
 .bss           0x00011020        0x0 Z:/Desktop/Project_bsp/\libhal_bsp.a(alt_find_dev.o)
 .bss           0x00011020        0x0 Z:/Desktop/Project_bsp/\libhal_bsp.a(alt_find_file.o)
 .bss           0x00011020        0x0 Z:/Desktop/Project_bsp/\libhal_bsp.a(alt_get_fd.o)
 .bss           0x00011020        0x0 Z:/Desktop/Project_bsp/\libhal_bsp.a(alt_icache_flush.o)
 .bss           0x00011020        0x0 c:/altera/11.1/nios2eds/bin/gnu/h-i686-mingw32/bin/../lib/gcc/nios2-elf/4.1.2/../../../../nios2-elf/lib\libc.a(lib_a-atexit.o)
 .bss           0x00011020        0x0 c:/altera/11.1/nios2eds/bin/gnu/h-i686-mingw32/bin/../lib/gcc/nios2-elf/4.1.2/../../../../nios2-elf/lib\libc.a(lib_a-memcmp.o)
 .bss           0x00011020        0x0 c:/altera/11.1/nios2eds/bin/gnu/h-i686-mingw32/bin/../lib/gcc/nios2-elf/4.1.2/../../../../nios2-elf/lib\libc.a(lib_a-__atexit.o)
 *(COMMON)
 COMMON         0x00011020       0x24 obj/default/project1.o
                0x00011020                mutex
                0x0001102c                stylistAvailable
                0x00011038                customerAvailable
 COMMON         0x00011044      0x100 Z:/Desktop/Project_bsp/\libhal_bsp.a(alt_irq_handler.o)
                0x00011044                alt_irq
 COMMON         0x00011144      0x190 c:/altera/11.1/nios2eds/bin/gnu/h-i686-mingw32/bin/../lib/gcc/nios2-elf/4.1.2/../../../../nios2-elf/lib\libc.a(lib_a-atexit.o)
                0x00011144                _atexit0
                0x000112d4                . = ALIGN (0x4)
                0x000112d4                __bss_end = ABSOLUTE (.)

.SDRAM          0x000112d4        0x0
                0x000112d4                PROVIDE (_alt_partition_SDRAM_start, ABSOLUTE (.))
 *(.SDRAM. SDRAM.*)
                0x000112d4                . = ALIGN (0x4)
                0x000112d4                PROVIDE (_alt_partition_SDRAM_end, ABSOLUTE (.))
                0x000112d4                _end = ABSOLUTE (.)
                0x000112d4                end = ABSOLUTE (.)
                0x000112d4                __alt_stack_base = ABSOLUTE (.)
                0x000112d4                PROVIDE (_alt_partition_SDRAM_load_addr, LOADADDR (.SDRAM))

.SRAM           0x08000000        0x0 load address 0x000112d4
                0x08000000                PROVIDE (_alt_partition_SRAM_start, ABSOLUTE (.))
 *(.SRAM. SRAM.*)
                0x08000000                . = ALIGN (0x4)
                0x08000000                PROVIDE (_alt_partition_SRAM_end, ABSOLUTE (.))
                0x000112d4                PROVIDE (_alt_partition_SRAM_load_addr, LOADADDR (.SRAM))

.Onchip_memory  0x09000000        0x0 load address 0x000112d4
                0x09000000                PROVIDE (_alt_partition_Onchip_memory_start, ABSOLUTE (.))
 *(.Onchip_memory. Onchip_memory.*)
                0x09000000                . = ALIGN (0x4)
                0x09000000                PROVIDE (_alt_partition_Onchip_memory_end, ABSOLUTE (.))
                0x000112d4                PROVIDE (_alt_partition_Onchip_memory_load_addr, LOADADDR (.Onchip_memory))

.stab
 *(.stab)

.stabstr
 *(.stabstr)

.stab.excl
 *(.stab.excl)

.stab.exclstr
 *(.stab.exclstr)

.stab.index
 *(.stab.index)

.stab.indexstr
 *(.stab.indexstr)

.comment        0x00000000       0x23
 *(.comment)
 .comment       0x00000000       0x23 obj/default/alarm_handler.o
                                 0x24 (size before relaxing)
 .comment       0x00000000       0x24 obj/default/mysem.o
 .comment       0x00000000       0x24 obj/default/project1.o
 .comment       0x00000000       0x24 obj/default/queue.o
 .comment       0x00000000       0x24 obj/default/thread_handler.o
 .comment       0x00000000       0x24 obj/default/thread_queue.o
 .comment       0x00000000       0x24 c:/altera/11.1/nios2eds/bin/gnu/h-i686-mingw32/bin/../lib/gcc/nios2-elf/4.1.2/../../../../nios2-elf/lib\libc.a(lib_a-exit.o)
 .comment       0x00000000       0x24 c:/altera/11.1/nios2eds/bin/gnu/h-i686-mingw32/bin/../lib/gcc/nios2-elf/4.1.2/../../../../nios2-elf/lib\libc.a(lib_a-impure.o)
 .comment       0x00000000       0x24 c:/altera/11.1/nios2eds/bin/gnu/h-i686-mingw32/bin/../lib/gcc/nios2-elf/4.1.2/../../../../nios2-elf/lib\libc.a(lib_a-malloc.o)
 .comment       0x00000000       0x24 c:/altera/11.1/nios2eds/bin/gnu/h-i686-mingw32/bin/../lib/gcc/nios2-elf/4.1.2/../../../../nios2-elf/lib\libc.a(lib_a-mallocr.o)
 .comment       0x00000000       0x24 c:/altera/11.1/nios2eds/bin/gnu/h-i686-mingw32/bin/../lib/gcc/nios2-elf/4.1.2/../../../../nios2-elf/lib\libc.a(lib_a-printf.o)
 .comment       0x00000000       0x24 c:/altera/11.1/nios2eds/bin/gnu/h-i686-mingw32/bin/../lib/gcc/nios2-elf/4.1.2/../../../../nios2-elf/lib\libc.a(lib_a-putchar.o)
 .comment       0x00000000       0x24 c:/altera/11.1/nios2eds/bin/gnu/h-i686-mingw32/bin/../lib/gcc/nios2-elf/4.1.2/../../../../nios2-elf/lib\libc.a(lib_a-puts.o)
 .comment       0x00000000       0x24 c:/altera/11.1/nios2eds/bin/gnu/h-i686-mingw32/bin/../lib/gcc/nios2-elf/4.1.2/../../../../nios2-elf/lib\libc.a(lib_a-sbrkr.o)
 .comment       0x00000000       0x24 c:/altera/11.1/nios2eds/bin/gnu/h-i686-mingw32/bin/../lib/gcc/nios2-elf/4.1.2/../../../../nios2-elf/lib\libc.a(lib_a-strlen.o)
 .comment       0x00000000       0x24 c:/altera/11.1/nios2eds/bin/gnu/h-i686-mingw32/bin/../lib/gcc/nios2-elf/4.1.2/../../../../nios2-elf/lib\libc.a(lib_a-vfprintf.o)
 .comment       0x00000000       0x24 c:/altera/11.1/nios2eds/bin/gnu/h-i686-mingw32/bin/../lib/gcc/nios2-elf/4.1.2/../../../../nios2-elf/lib\libc.a(lib_a-wsetup.o)
 .comment       0x00000000       0x24 c:/altera/11.1/nios2eds/bin/gnu/h-i686-mingw32/bin/../lib/gcc/nios2-elf/4.1.2/../../../../nios2-elf/lib\libc.a(lib_a-__call_atexit.o)
 .comment       0x00000000       0x24 c:/altera/11.1/nios2eds/bin/gnu/h-i686-mingw32/bin/../lib/gcc/nios2-elf/4.1.2/../../../../nios2-elf/lib\libc.a(lib_a-dtoa.o)
 .comment       0x00000000       0x24 c:/altera/11.1/nios2eds/bin/gnu/h-i686-mingw32/bin/../lib/gcc/nios2-elf/4.1.2/../../../../nios2-elf/lib\libc.a(lib_a-fflush.o)
 .comment       0x00000000       0x24 c:/altera/11.1/nios2eds/bin/gnu/h-i686-mingw32/bin/../lib/gcc/nios2-elf/4.1.2/../../../../nios2-elf/lib\libc.a(lib_a-findfp.o)
 .comment       0x00000000       0x24 c:/altera/11.1/nios2eds/bin/gnu/h-i686-mingw32/bin/../lib/gcc/nios2-elf/4.1.2/../../../../nios2-elf/lib\libc.a(lib_a-freer.o)
 .comment       0x00000000       0x24 c:/altera/11.1/nios2eds/bin/gnu/h-i686-mingw32/bin/../lib/gcc/nios2-elf/4.1.2/../../../../nios2-elf/lib\libc.a(lib_a-fvwrite.o)
 .comment       0x00000000       0x24 c:/altera/11.1/nios2eds/bin/gnu/h-i686-mingw32/bin/../lib/gcc/nios2-elf/4.1.2/../../../../nios2-elf/lib\libc.a(lib_a-fwalk.o)
 .comment       0x00000000       0x24 c:/altera/11.1/nios2eds/bin/gnu/h-i686-mingw32/bin/../lib/gcc/nios2-elf/4.1.2/../../../../nios2-elf/lib\libc.a(lib_a-int_errno.o)
 .comment       0x00000000       0x24 c:/altera/11.1/nios2eds/bin/gnu/h-i686-mingw32/bin/../lib/gcc/nios2-elf/4.1.2/../../../../nios2-elf/lib\libc.a(lib_a-locale.o)
 .comment       0x00000000       0x24 c:/altera/11.1/nios2eds/bin/gnu/h-i686-mingw32/bin/../lib/gcc/nios2-elf/4.1.2/../../../../nios2-elf/lib\libc.a(lib_a-makebuf.o)
 .comment       0x00000000       0x24 c:/altera/11.1/nios2eds/bin/gnu/h-i686-mingw32/bin/../lib/gcc/nios2-elf/4.1.2/../../../../nios2-elf/lib\libc.a(lib_a-memchr.o)
 .comment       0x00000000       0x24 c:/altera/11.1/nios2eds/bin/gnu/h-i686-mingw32/bin/../lib/gcc/nios2-elf/4.1.2/../../../../nios2-elf/lib\libc.a(lib_a-memcpy.o)
 .comment       0x00000000       0x24 c:/altera/11.1/nios2eds/bin/gnu/h-i686-mingw32/bin/../lib/gcc/nios2-elf/4.1.2/../../../../nios2-elf/lib\libc.a(lib_a-memmove.o)
 .comment       0x00000000       0x24 c:/altera/11.1/nios2eds/bin/gnu/h-i686-mingw32/bin/../lib/gcc/nios2-elf/4.1.2/../../../../nios2-elf/lib\libc.a(lib_a-memset.o)
 .comment       0x00000000       0x24 c:/altera/11.1/nios2eds/bin/gnu/h-i686-mingw32/bin/../lib/gcc/nios2-elf/4.1.2/../../../../nios2-elf/lib\libc.a(lib_a-mprec.o)
 .comment       0x00000000       0x24 c:/altera/11.1/nios2eds/bin/gnu/h-i686-mingw32/bin/../lib/gcc/nios2-elf/4.1.2/../../../../nios2-elf/lib\libc.a(lib_a-putc.o)
 .comment       0x00000000       0x24 c:/altera/11.1/nios2eds/bin/gnu/h-i686-mingw32/bin/../lib/gcc/nios2-elf/4.1.2/../../../../nios2-elf/lib\libc.a(lib_a-reallocr.o)
 .comment       0x00000000       0x24 c:/altera/11.1/nios2eds/bin/gnu/h-i686-mingw32/bin/../lib/gcc/nios2-elf/4.1.2/../../../../nios2-elf/lib\libc.a(lib_a-s_isinfd.o)
 .comment       0x00000000       0x24 c:/altera/11.1/nios2eds/bin/gnu/h-i686-mingw32/bin/../lib/gcc/nios2-elf/4.1.2/../../../../nios2-elf/lib\libc.a(lib_a-s_isnand.o)
 .comment       0x00000000       0x24 c:/altera/11.1/nios2eds/bin/gnu/h-i686-mingw32/bin/../lib/gcc/nios2-elf/4.1.2/../../../../nios2-elf/lib\libc.a(lib_a-stdio.o)
 .comment       0x00000000       0x24 c:/altera/11.1/nios2eds/bin/gnu/h-i686-mingw32/bin/../lib/gcc/nios2-elf/4.1.2/../../../../nios2-elf/lib\libc.a(lib_a-strcmp.o)
 .comment       0x00000000       0x24 c:/altera/11.1/nios2eds/bin/gnu/h-i686-mingw32/bin/../lib/gcc/nios2-elf/4.1.2/../../../../nios2-elf/lib\libc.a(lib_a-wbuf.o)
 .comment       0x00000000       0x24 c:/altera/11.1/nios2eds/bin/gnu/h-i686-mingw32/bin/../lib/gcc/nios2-elf/4.1.2/../../../../nios2-elf/lib\libc.a(lib_a-writer.o)
 .comment       0x00000000       0x24 c:/altera/11.1/nios2eds/bin/gnu/h-i686-mingw32/bin/../lib/gcc/nios2-elf/4.1.2/../../../../nios2-elf/lib\libc.a(lib_a-callocr.o)
 .comment       0x00000000       0x24 c:/altera/11.1/nios2eds/bin/gnu/h-i686-mingw32/bin/../lib/gcc/nios2-elf/4.1.2/../../../../nios2-elf/lib\libc.a(lib_a-closer.o)
 .comment       0x00000000       0x24 c:/altera/11.1/nios2eds/bin/gnu/h-i686-mingw32/bin/../lib/gcc/nios2-elf/4.1.2/../../../../nios2-elf/lib\libc.a(lib_a-fclose.o)
 .comment       0x00000000       0x24 c:/altera/11.1/nios2eds/bin/gnu/h-i686-mingw32/bin/../lib/gcc/nios2-elf/4.1.2/../../../../nios2-elf/lib\libc.a(lib_a-fstatr.o)
 .comment       0x00000000       0x24 c:/altera/11.1/nios2eds/bin/gnu/h-i686-mingw32/bin/../lib/gcc/nios2-elf/4.1.2/../../../../nios2-elf/lib\libc.a(lib_a-isattyr.o)
 .comment       0x00000000       0x24 c:/altera/11.1/nios2eds/bin/gnu/h-i686-mingw32/bin/../lib/gcc/nios2-elf/4.1.2/../../../../nios2-elf/lib\libc.a(lib_a-lseekr.o)
 .comment       0x00000000       0x24 c:/altera/11.1/nios2eds/bin/gnu/h-i686-mingw32/bin/../lib/gcc/nios2-elf/4.1.2/../../../../nios2-elf/lib\libc.a(lib_a-readr.o)
 .comment       0x00000000       0x24 c:/altera/11.1/nios2eds/bin/gnu/h-i686-mingw32/bin/../lib/gcc/nios2-elf/4.1.2\libgcc.a(_udivdi3.o)
 .comment       0x00000000       0x24 c:/altera/11.1/nios2eds/bin/gnu/h-i686-mingw32/bin/../lib/gcc/nios2-elf/4.1.2\libgcc.a(_umoddi3.o)
 .comment       0x00000000       0x24 c:/altera/11.1/nios2eds/bin/gnu/h-i686-mingw32/bin/../lib/gcc/nios2-elf/4.1.2\libgcc.a(_addsub_df.o)
 .comment       0x00000000       0x24 c:/altera/11.1/nios2eds/bin/gnu/h-i686-mingw32/bin/../lib/gcc/nios2-elf/4.1.2\libgcc.a(_mul_df.o)
 .comment       0x00000000       0x24 c:/altera/11.1/nios2eds/bin/gnu/h-i686-mingw32/bin/../lib/gcc/nios2-elf/4.1.2\libgcc.a(_div_df.o)
 .comment       0x00000000       0x24 c:/altera/11.1/nios2eds/bin/gnu/h-i686-mingw32/bin/../lib/gcc/nios2-elf/4.1.2\libgcc.a(_eq_df.o)
 .comment       0x00000000       0x24 c:/altera/11.1/nios2eds/bin/gnu/h-i686-mingw32/bin/../lib/gcc/nios2-elf/4.1.2\libgcc.a(_ne_df.o)
 .comment       0x00000000       0x24 c:/altera/11.1/nios2eds/bin/gnu/h-i686-mingw32/bin/../lib/gcc/nios2-elf/4.1.2\libgcc.a(_gt_df.o)
 .comment       0x00000000       0x24 c:/altera/11.1/nios2eds/bin/gnu/h-i686-mingw32/bin/../lib/gcc/nios2-elf/4.1.2\libgcc.a(_ge_df.o)
 .comment       0x00000000       0x24 c:/altera/11.1/nios2eds/bin/gnu/h-i686-mingw32/bin/../lib/gcc/nios2-elf/4.1.2\libgcc.a(_lt_df.o)
 .comment       0x00000000       0x24 c:/altera/11.1/nios2eds/bin/gnu/h-i686-mingw32/bin/../lib/gcc/nios2-elf/4.1.2\libgcc.a(_si_to_df.o)
 .comment       0x00000000       0x24 c:/altera/11.1/nios2eds/bin/gnu/h-i686-mingw32/bin/../lib/gcc/nios2-elf/4.1.2\libgcc.a(_df_to_si.o)
 .comment       0x00000000       0x24 c:/altera/11.1/nios2eds/bin/gnu/h-i686-mingw32/bin/../lib/gcc/nios2-elf/4.1.2\libgcc.a(_thenan_df.o)
 .comment       0x00000000       0x24 c:/altera/11.1/nios2eds/bin/gnu/h-i686-mingw32/bin/../lib/gcc/nios2-elf/4.1.2\libgcc.a(_usi_to_df.o)
 .comment       0x00000000       0x24 c:/altera/11.1/nios2eds/bin/gnu/h-i686-mingw32/bin/../lib/gcc/nios2-elf/4.1.2\libgcc.a(lib2-divmod.o)
 .comment       0x00000000       0x24 c:/altera/11.1/nios2eds/bin/gnu/h-i686-mingw32/bin/../lib/gcc/nios2-elf/4.1.2\libgcc.a(_muldi3.o)
 .comment       0x00000000       0x24 c:/altera/11.1/nios2eds/bin/gnu/h-i686-mingw32/bin/../lib/gcc/nios2-elf/4.1.2\libgcc.a(_clz.o)
 .comment       0x00000000       0x24 c:/altera/11.1/nios2eds/bin/gnu/h-i686-mingw32/bin/../lib/gcc/nios2-elf/4.1.2\libgcc.a(_clzsi2.o)
 .comment       0x00000000       0x24 c:/altera/11.1/nios2eds/bin/gnu/h-i686-mingw32/bin/../lib/gcc/nios2-elf/4.1.2\libgcc.a(_pack_df.o)
 .comment       0x00000000       0x24 c:/altera/11.1/nios2eds/bin/gnu/h-i686-mingw32/bin/../lib/gcc/nios2-elf/4.1.2\libgcc.a(_unpack_df.o)
 .comment       0x00000000       0x24 c:/altera/11.1/nios2eds/bin/gnu/h-i686-mingw32/bin/../lib/gcc/nios2-elf/4.1.2\libgcc.a(_fpcmp_parts_df.o)
 .comment       0x00000000       0x24 Z:/Desktop/Project_bsp/\libhal_bsp.a(alt_alarm_start.o)
 .comment       0x00000000       0x24 Z:/Desktop/Project_bsp/\libhal_bsp.a(alt_close.o)
 .comment       0x00000000       0x24 Z:/Desktop/Project_bsp/\libhal_bsp.a(alt_dev.o)
 .comment       0x00000000       0x24 Z:/Desktop/Project_bsp/\libhal_bsp.a(alt_errno.o)
 .comment       0x00000000       0x24 Z:/Desktop/Project_bsp/\libhal_bsp.a(alt_exit.o)
 .comment       0x00000000       0x24 Z:/Desktop/Project_bsp/\libhal_bsp.a(alt_fstat.o)
 .comment       0x00000000       0x24 Z:/Desktop/Project_bsp/\libhal_bsp.a(alt_isatty.o)
 .comment       0x00000000       0x24 Z:/Desktop/Project_bsp/\libhal_bsp.a(alt_load.o)
 .comment       0x00000000       0x24 Z:/Desktop/Project_bsp/\libhal_bsp.a(alt_lseek.o)
 .comment       0x00000000       0x24 Z:/Desktop/Project_bsp/\libhal_bsp.a(alt_main.o)
 .comment       0x00000000       0x24 Z:/Desktop/Project_bsp/\libhal_bsp.a(alt_malloc_lock.o)
 .comment       0x00000000       0x24 Z:/Desktop/Project_bsp/\libhal_bsp.a(alt_read.o)
 .comment       0x00000000       0x24 Z:/Desktop/Project_bsp/\libhal_bsp.a(alt_release_fd.o)
 .comment       0x00000000       0x24 Z:/Desktop/Project_bsp/\libhal_bsp.a(alt_sbrk.o)
 .comment       0x00000000       0x24 Z:/Desktop/Project_bsp/\libhal_bsp.a(alt_tick.o)
 .comment       0x00000000       0x24 Z:/Desktop/Project_bsp/\libhal_bsp.a(alt_write.o)
 .comment       0x00000000       0x24 Z:/Desktop/Project_bsp/\libhal_bsp.a(alt_sys_init.o)
 .comment       0x00000000       0x24 Z:/Desktop/Project_bsp/\libhal_bsp.a(altera_avalon_jtag_uart_fd.o)
 .comment       0x00000000       0x24 Z:/Desktop/Project_bsp/\libhal_bsp.a(altera_avalon_jtag_uart_init.o)
 .comment       0x00000000       0x24 Z:/Desktop/Project_bsp/\libhal_bsp.a(altera_avalon_jtag_uart_ioctl.o)
 .comment       0x00000000       0x24 Z:/Desktop/Project_bsp/\libhal_bsp.a(altera_avalon_jtag_uart_read.o)
 .comment       0x00000000       0x24 Z:/Desktop/Project_bsp/\libhal_bsp.a(altera_avalon_jtag_uart_write.o)
 .comment       0x00000000       0x24 Z:/Desktop/Project_bsp/\libhal_bsp.a(altera_avalon_timer_sc.o)
 .comment       0x00000000       0x24 Z:/Desktop/Project_bsp/\libhal_bsp.a(alt_dcache_flush_all.o)
 .comment       0x00000000       0x24 Z:/Desktop/Project_bsp/\libhal_bsp.a(alt_dev_llist_insert.o)
 .comment       0x00000000       0x24 Z:/Desktop/Project_bsp/\libhal_bsp.a(alt_do_ctors.o)
 .comment       0x00000000       0x24 Z:/Desktop/Project_bsp/\libhal_bsp.a(alt_do_dtors.o)
 .comment       0x00000000       0x24 Z:/Desktop/Project_bsp/\libhal_bsp.a(alt_icache_flush_all.o)
 .comment       0x00000000       0x24 Z:/Desktop/Project_bsp/\libhal_bsp.a(alt_iic.o)
 .comment       0x00000000       0x24 Z:/Desktop/Project_bsp/\libhal_bsp.a(alt_iic_isr_register.o)
 .comment       0x00000000       0x24 Z:/Desktop/Project_bsp/\libhal_bsp.a(alt_io_redirect.o)
 .comment       0x00000000       0x24 Z:/Desktop/Project_bsp/\libhal_bsp.a(alt_irq_handler.o)
 .comment       0x00000000       0x24 Z:/Desktop/Project_bsp/\libhal_bsp.a(alt_irq_vars.o)
 .comment       0x00000000       0x24 Z:/Desktop/Project_bsp/\libhal_bsp.a(alt_open.o)
 .comment       0x00000000       0x24 Z:/Desktop/Project_bsp/\libhal_bsp.a(altera_nios2_irq.o)
 .comment       0x00000000       0x24 Z:/Desktop/Project_bsp/\libhal_bsp.a(alt_find_dev.o)
 .comment       0x00000000       0x24 Z:/Desktop/Project_bsp/\libhal_bsp.a(alt_find_file.o)
 .comment       0x00000000       0x24 Z:/Desktop/Project_bsp/\libhal_bsp.a(alt_get_fd.o)
 .comment       0x00000000       0x24 Z:/Desktop/Project_bsp/\libhal_bsp.a(alt_icache_flush.o)
 .comment       0x00000000       0x24 c:/altera/11.1/nios2eds/bin/gnu/h-i686-mingw32/bin/../lib/gcc/nios2-elf/4.1.2/../../../../nios2-elf/lib\libc.a(lib_a-atexit.o)
 .comment       0x00000000       0x24 c:/altera/11.1/nios2eds/bin/gnu/h-i686-mingw32/bin/../lib/gcc/nios2-elf/4.1.2/../../../../nios2-elf/lib\libc.a(lib_a-memcmp.o)
 .comment       0x00000000       0x24 c:/altera/11.1/nios2eds/bin/gnu/h-i686-mingw32/bin/../lib/gcc/nios2-elf/4.1.2/../../../../nios2-elf/lib\libc.a(lib_a-__atexit.o)

.debug
 *(.debug)

.line
 *(.line)

.debug_srcinfo
 *(.debug_srcinfo)

.debug_sfnames
 *(.debug_sfnames)

.debug_aranges  0x00000000      0xdb8
 *(.debug_aranges)
 .debug_aranges
                0x00000000       0x28 Z:/Desktop/Project_bsp//obj/HAL/src/crt0.o
 .debug_aranges
                0x00000028       0x20 obj/default/alarm_handler.o
 .debug_aranges
                0x00000048       0x20 obj/default/mysem.o
 .debug_aranges
                0x00000068       0x20 obj/default/project1.o
 .debug_aranges
                0x00000088       0x20 obj/default/queue.o
 .debug_aranges
                0x000000a8       0x20 obj/default/thread_handler.o
 .debug_aranges
                0x000000c8       0x20 obj/default/thread_queue.o
 .debug_aranges
                0x000000e8       0x20 obj/default/exception_handler.o
 .debug_aranges
                0x00000108       0x20 c:/altera/11.1/nios2eds/bin/gnu/h-i686-mingw32/bin/../lib/gcc/nios2-elf/4.1.2/../../../../nios2-elf/lib\libc.a(lib_a-exit.o)
 .debug_aranges
                0x00000128       0x20 c:/altera/11.1/nios2eds/bin/gnu/h-i686-mingw32/bin/../lib/gcc/nios2-elf/4.1.2/../../../../nios2-elf/lib\libc.a(lib_a-malloc.o)
 .debug_aranges
                0x00000148       0x20 c:/altera/11.1/nios2eds/bin/gnu/h-i686-mingw32/bin/../lib/gcc/nios2-elf/4.1.2/../../../../nios2-elf/lib\libc.a(lib_a-mallocr.o)
 .debug_aranges
                0x00000168       0x20 c:/altera/11.1/nios2eds/bin/gnu/h-i686-mingw32/bin/../lib/gcc/nios2-elf/4.1.2/../../../../nios2-elf/lib\libc.a(lib_a-printf.o)
 .debug_aranges
                0x00000188       0x20 c:/altera/11.1/nios2eds/bin/gnu/h-i686-mingw32/bin/../lib/gcc/nios2-elf/4.1.2/../../../../nios2-elf/lib\libc.a(lib_a-putchar.o)
 .debug_aranges
                0x000001a8       0x20 c:/altera/11.1/nios2eds/bin/gnu/h-i686-mingw32/bin/../lib/gcc/nios2-elf/4.1.2/../../../../nios2-elf/lib\libc.a(lib_a-puts.o)
 .debug_aranges
                0x000001c8       0x20 c:/altera/11.1/nios2eds/bin/gnu/h-i686-mingw32/bin/../lib/gcc/nios2-elf/4.1.2/../../../../nios2-elf/lib\libc.a(lib_a-sbrkr.o)
 .debug_aranges
                0x000001e8       0x20 c:/altera/11.1/nios2eds/bin/gnu/h-i686-mingw32/bin/../lib/gcc/nios2-elf/4.1.2/../../../../nios2-elf/lib\libc.a(lib_a-strlen.o)
 .debug_aranges
                0x00000208       0x20 c:/altera/11.1/nios2eds/bin/gnu/h-i686-mingw32/bin/../lib/gcc/nios2-elf/4.1.2/../../../../nios2-elf/lib\libc.a(lib_a-vfprintf.o)
 .debug_aranges
                0x00000228       0x20 c:/altera/11.1/nios2eds/bin/gnu/h-i686-mingw32/bin/../lib/gcc/nios2-elf/4.1.2/../../../../nios2-elf/lib\libc.a(lib_a-wsetup.o)
 .debug_aranges
                0x00000248       0x20 c:/altera/11.1/nios2eds/bin/gnu/h-i686-mingw32/bin/../lib/gcc/nios2-elf/4.1.2/../../../../nios2-elf/lib\libc.a(lib_a-__call_atexit.o)
 .debug_aranges
                0x00000268       0x20 c:/altera/11.1/nios2eds/bin/gnu/h-i686-mingw32/bin/../lib/gcc/nios2-elf/4.1.2/../../../../nios2-elf/lib\libc.a(lib_a-dtoa.o)
 .debug_aranges
                0x00000288       0x20 c:/altera/11.1/nios2eds/bin/gnu/h-i686-mingw32/bin/../lib/gcc/nios2-elf/4.1.2/../../../../nios2-elf/lib\libc.a(lib_a-fflush.o)
 .debug_aranges
                0x000002a8       0x20 c:/altera/11.1/nios2eds/bin/gnu/h-i686-mingw32/bin/../lib/gcc/nios2-elf/4.1.2/../../../../nios2-elf/lib\libc.a(lib_a-findfp.o)
 .debug_aranges
                0x000002c8       0x20 c:/altera/11.1/nios2eds/bin/gnu/h-i686-mingw32/bin/../lib/gcc/nios2-elf/4.1.2/../../../../nios2-elf/lib\libc.a(lib_a-freer.o)
 .debug_aranges
                0x000002e8       0x20 c:/altera/11.1/nios2eds/bin/gnu/h-i686-mingw32/bin/../lib/gcc/nios2-elf/4.1.2/../../../../nios2-elf/lib\libc.a(lib_a-fvwrite.o)
 .debug_aranges
                0x00000308       0x20 c:/altera/11.1/nios2eds/bin/gnu/h-i686-mingw32/bin/../lib/gcc/nios2-elf/4.1.2/../../../../nios2-elf/lib\libc.a(lib_a-fwalk.o)
 .debug_aranges
                0x00000328       0x20 c:/altera/11.1/nios2eds/bin/gnu/h-i686-mingw32/bin/../lib/gcc/nios2-elf/4.1.2/../../../../nios2-elf/lib\libc.a(lib_a-locale.o)
 .debug_aranges
                0x00000348       0x20 c:/altera/11.1/nios2eds/bin/gnu/h-i686-mingw32/bin/../lib/gcc/nios2-elf/4.1.2/../../../../nios2-elf/lib\libc.a(lib_a-makebuf.o)
 .debug_aranges
                0x00000368       0x20 c:/altera/11.1/nios2eds/bin/gnu/h-i686-mingw32/bin/../lib/gcc/nios2-elf/4.1.2/../../../../nios2-elf/lib\libc.a(lib_a-memchr.o)
 .debug_aranges
                0x00000388       0x20 c:/altera/11.1/nios2eds/bin/gnu/h-i686-mingw32/bin/../lib/gcc/nios2-elf/4.1.2/../../../../nios2-elf/lib\libc.a(lib_a-memcpy.o)
 .debug_aranges
                0x000003a8       0x20 c:/altera/11.1/nios2eds/bin/gnu/h-i686-mingw32/bin/../lib/gcc/nios2-elf/4.1.2/../../../../nios2-elf/lib\libc.a(lib_a-memmove.o)
 .debug_aranges
                0x000003c8       0x20 c:/altera/11.1/nios2eds/bin/gnu/h-i686-mingw32/bin/../lib/gcc/nios2-elf/4.1.2/../../../../nios2-elf/lib\libc.a(lib_a-memset.o)
 .debug_aranges
                0x000003e8       0x20 c:/altera/11.1/nios2eds/bin/gnu/h-i686-mingw32/bin/../lib/gcc/nios2-elf/4.1.2/../../../../nios2-elf/lib\libc.a(lib_a-mprec.o)
 .debug_aranges
                0x00000408       0x20 c:/altera/11.1/nios2eds/bin/gnu/h-i686-mingw32/bin/../lib/gcc/nios2-elf/4.1.2/../../../../nios2-elf/lib\libc.a(lib_a-putc.o)
 .debug_aranges
                0x00000428       0x20 c:/altera/11.1/nios2eds/bin/gnu/h-i686-mingw32/bin/../lib/gcc/nios2-elf/4.1.2/../../../../nios2-elf/lib\libc.a(lib_a-reallocr.o)
 .debug_aranges
                0x00000448       0x20 c:/altera/11.1/nios2eds/bin/gnu/h-i686-mingw32/bin/../lib/gcc/nios2-elf/4.1.2/../../../../nios2-elf/lib\libc.a(lib_a-s_isinfd.o)
 .debug_aranges
                0x00000468       0x20 c:/altera/11.1/nios2eds/bin/gnu/h-i686-mingw32/bin/../lib/gcc/nios2-elf/4.1.2/../../../../nios2-elf/lib\libc.a(lib_a-s_isnand.o)
 .debug_aranges
                0x00000488       0x20 c:/altera/11.1/nios2eds/bin/gnu/h-i686-mingw32/bin/../lib/gcc/nios2-elf/4.1.2/../../../../nios2-elf/lib\libc.a(lib_a-stdio.o)
 .debug_aranges
                0x000004a8       0x20 c:/altera/11.1/nios2eds/bin/gnu/h-i686-mingw32/bin/../lib/gcc/nios2-elf/4.1.2/../../../../nios2-elf/lib\libc.a(lib_a-strcmp.o)
 .debug_aranges
                0x000004c8       0x20 c:/altera/11.1/nios2eds/bin/gnu/h-i686-mingw32/bin/../lib/gcc/nios2-elf/4.1.2/../../../../nios2-elf/lib\libc.a(lib_a-wbuf.o)
 .debug_aranges
                0x000004e8       0x20 c:/altera/11.1/nios2eds/bin/gnu/h-i686-mingw32/bin/../lib/gcc/nios2-elf/4.1.2/../../../../nios2-elf/lib\libc.a(lib_a-writer.o)
 .debug_aranges
                0x00000508       0x20 c:/altera/11.1/nios2eds/bin/gnu/h-i686-mingw32/bin/../lib/gcc/nios2-elf/4.1.2/../../../../nios2-elf/lib\libc.a(lib_a-callocr.o)
 .debug_aranges
                0x00000528       0x20 c:/altera/11.1/nios2eds/bin/gnu/h-i686-mingw32/bin/../lib/gcc/nios2-elf/4.1.2/../../../../nios2-elf/lib\libc.a(lib_a-closer.o)
 .debug_aranges
                0x00000548       0x20 c:/altera/11.1/nios2eds/bin/gnu/h-i686-mingw32/bin/../lib/gcc/nios2-elf/4.1.2/../../../../nios2-elf/lib\libc.a(lib_a-fclose.o)
 .debug_aranges
                0x00000568       0x20 c:/altera/11.1/nios2eds/bin/gnu/h-i686-mingw32/bin/../lib/gcc/nios2-elf/4.1.2/../../../../nios2-elf/lib\libc.a(lib_a-fstatr.o)
 .debug_aranges
                0x00000588       0x20 c:/altera/11.1/nios2eds/bin/gnu/h-i686-mingw32/bin/../lib/gcc/nios2-elf/4.1.2/../../../../nios2-elf/lib\libc.a(lib_a-isattyr.o)
 .debug_aranges
                0x000005a8       0x20 c:/altera/11.1/nios2eds/bin/gnu/h-i686-mingw32/bin/../lib/gcc/nios2-elf/4.1.2/../../../../nios2-elf/lib\libc.a(lib_a-lseekr.o)
 .debug_aranges
                0x000005c8       0x20 c:/altera/11.1/nios2eds/bin/gnu/h-i686-mingw32/bin/../lib/gcc/nios2-elf/4.1.2/../../../../nios2-elf/lib\libc.a(lib_a-readr.o)
 .debug_aranges
                0x000005e8       0x20 c:/altera/11.1/nios2eds/bin/gnu/h-i686-mingw32/bin/../lib/gcc/nios2-elf/4.1.2\libgcc.a(_udivdi3.o)
 .debug_aranges
                0x00000608       0x20 c:/altera/11.1/nios2eds/bin/gnu/h-i686-mingw32/bin/../lib/gcc/nios2-elf/4.1.2\libgcc.a(_umoddi3.o)
 .debug_aranges
                0x00000628       0x20 c:/altera/11.1/nios2eds/bin/gnu/h-i686-mingw32/bin/../lib/gcc/nios2-elf/4.1.2\libgcc.a(_addsub_df.o)
 .debug_aranges